Archive member included to satisfy reference by file (symbol)

C:/Users/admin/AppData/Local/Programs/Renesas/RA/e2studio_v2024-04_fsp_v5.4.0/toolchains/gcc_arm/13.2.rel1/bin/../lib/gcc/arm-none-eabi/13.2.1/thumb/v8-m.main+fp/hard\libgcc.a(_aeabi_ldivmod.o)
                              ./ra/fsp/src/r_sci_uart/r_sci_uart.o (__aeabi_ldivmod)
C:/Users/admin/AppData/Local/Programs/Renesas/RA/e2studio_v2024-04_fsp_v5.4.0/toolchains/gcc_arm/13.2.rel1/bin/../lib/gcc/arm-none-eabi/13.2.1/thumb/v8-m.main+fp/hard\libgcc.a(_udivmoddi4.o)
                              C:/Users/admin/AppData/Local/Programs/Renesas/RA/e2studio_v2024-04_fsp_v5.4.0/toolchains/gcc_arm/13.2.rel1/bin/../lib/gcc/arm-none-eabi/13.2.1/thumb/v8-m.main+fp/hard\libgcc.a(_aeabi_ldivmod.o) (__udivmoddi4)
C:/Users/admin/AppData/Local/Programs/Renesas/RA/e2studio_v2024-04_fsp_v5.4.0/toolchains/gcc_arm/13.2.rel1/bin/../lib/gcc/arm-none-eabi/13.2.1/thumb/v8-m.main+fp/hard\libgcc.a(_dvmd_tls.o)
                              C:/Users/admin/AppData/Local/Programs/Renesas/RA/e2studio_v2024-04_fsp_v5.4.0/toolchains/gcc_arm/13.2.rel1/bin/../lib/gcc/arm-none-eabi/13.2.1/thumb/v8-m.main+fp/hard\libgcc.a(_aeabi_ldivmod.o) (__aeabi_ldiv0)
C:/Users/admin/AppData/Local/Programs/Renesas/RA/e2studio_v2024-04_fsp_v5.4.0/toolchains/gcc_arm/13.2.rel1/bin/../lib/gcc/arm-none-eabi/13.2.1/thumb/v8-m.main+fp/hard\libg_nano.a(libc_a-exit.o)
                              C:/Users/admin/AppData/Local/Programs/Renesas/RA/e2studio_v2024-04_fsp_v5.4.0/toolchains/gcc_arm/13.2.rel1/bin/../lib/gcc/arm-none-eabi/13.2.1/thumb/v8-m.main+fp/hard/crt0.o (exit)
C:/Users/admin/AppData/Local/Programs/Renesas/RA/e2studio_v2024-04_fsp_v5.4.0/toolchains/gcc_arm/13.2.rel1/bin/../lib/gcc/arm-none-eabi/13.2.1/thumb/v8-m.main+fp/hard\libg_nano.a(libc_a-findfp.o)
                              C:/Users/admin/AppData/Local/Programs/Renesas/RA/e2studio_v2024-04_fsp_v5.4.0/toolchains/gcc_arm/13.2.rel1/bin/../lib/gcc/arm-none-eabi/13.2.1/thumb/v8-m.main+fp/hard\libg_nano.a(libc_a-exit.o) (__stdio_exit_handler)
C:/Users/admin/AppData/Local/Programs/Renesas/RA/e2studio_v2024-04_fsp_v5.4.0/toolchains/gcc_arm/13.2.rel1/bin/../lib/gcc/arm-none-eabi/13.2.1/thumb/v8-m.main+fp/hard\libg_nano.a(libc_a-fwalk.o)
                              C:/Users/admin/AppData/Local/Programs/Renesas/RA/e2studio_v2024-04_fsp_v5.4.0/toolchains/gcc_arm/13.2.rel1/bin/../lib/gcc/arm-none-eabi/13.2.1/thumb/v8-m.main+fp/hard\libg_nano.a(libc_a-findfp.o) (_fwalk_sglue)
C:/Users/admin/AppData/Local/Programs/Renesas/RA/e2studio_v2024-04_fsp_v5.4.0/toolchains/gcc_arm/13.2.rel1/bin/../lib/gcc/arm-none-eabi/13.2.1/thumb/v8-m.main+fp/hard\libg_nano.a(libc_a-sprintf.o)
                              ./src/hal_entry.o (sprintf)
C:/Users/admin/AppData/Local/Programs/Renesas/RA/e2studio_v2024-04_fsp_v5.4.0/toolchains/gcc_arm/13.2.rel1/bin/../lib/gcc/arm-none-eabi/13.2.1/thumb/v8-m.main+fp/hard\libg_nano.a(libc_a-stdio.o)
                              C:/Users/admin/AppData/Local/Programs/Renesas/RA/e2studio_v2024-04_fsp_v5.4.0/toolchains/gcc_arm/13.2.rel1/bin/../lib/gcc/arm-none-eabi/13.2.1/thumb/v8-m.main+fp/hard\libg_nano.a(libc_a-findfp.o) (__sread)
C:/Users/admin/AppData/Local/Programs/Renesas/RA/e2studio_v2024-04_fsp_v5.4.0/toolchains/gcc_arm/13.2.rel1/bin/../lib/gcc/arm-none-eabi/13.2.1/thumb/v8-m.main+fp/hard\libg_nano.a(libc_a-memset.o)
                              C:/Users/admin/AppData/Local/Programs/Renesas/RA/e2studio_v2024-04_fsp_v5.4.0/toolchains/gcc_arm/13.2.rel1/bin/../lib/gcc/arm-none-eabi/13.2.1/thumb/v8-m.main+fp/hard/crt0.o (memset)
C:/Users/admin/AppData/Local/Programs/Renesas/RA/e2studio_v2024-04_fsp_v5.4.0/toolchains/gcc_arm/13.2.rel1/bin/../lib/gcc/arm-none-eabi/13.2.1/thumb/v8-m.main+fp/hard\libg_nano.a(libc_a-closer.o)
                              C:/Users/admin/AppData/Local/Programs/Renesas/RA/e2studio_v2024-04_fsp_v5.4.0/toolchains/gcc_arm/13.2.rel1/bin/../lib/gcc/arm-none-eabi/13.2.1/thumb/v8-m.main+fp/hard\libg_nano.a(libc_a-stdio.o) (_close_r)
C:/Users/admin/AppData/Local/Programs/Renesas/RA/e2studio_v2024-04_fsp_v5.4.0/toolchains/gcc_arm/13.2.rel1/bin/../lib/gcc/arm-none-eabi/13.2.1/thumb/v8-m.main+fp/hard\libg_nano.a(libc_a-reent.o)
                              C:/Users/admin/AppData/Local/Programs/Renesas/RA/e2studio_v2024-04_fsp_v5.4.0/toolchains/gcc_arm/13.2.rel1/bin/../lib/gcc/arm-none-eabi/13.2.1/thumb/v8-m.main+fp/hard\libg_nano.a(libc_a-closer.o) (errno)
C:/Users/admin/AppData/Local/Programs/Renesas/RA/e2studio_v2024-04_fsp_v5.4.0/toolchains/gcc_arm/13.2.rel1/bin/../lib/gcc/arm-none-eabi/13.2.1/thumb/v8-m.main+fp/hard\libg_nano.a(libc_a-impure.o)
                              C:/Users/admin/AppData/Local/Programs/Renesas/RA/e2studio_v2024-04_fsp_v5.4.0/toolchains/gcc_arm/13.2.rel1/bin/../lib/gcc/arm-none-eabi/13.2.1/thumb/v8-m.main+fp/hard\libg_nano.a(libc_a-sprintf.o) (_impure_ptr)
[...]
Memory Configuration

Name             Origin             Length             Attributes
ITCM             0x00000000         0x00000000         xr
DTCM             0x00000000         0x00000000         xrw
FLASH            0x00000000         0x00200000         xr
RAM              0x20000000         0x00080000         xrw
DATA_FLASH       0x08000000         0x00002000         xr
QSPI_FLASH       0x60000000         0x04000000         xr
OSPI_DEVICE_0    0x68000000         0x08000000         xr
OSPI_DEVICE_1    0x70000000         0x10000000         xr
OSPI_DEVICE_0_RAM 0x68000000         0x08000000         xrw
OSPI_DEVICE_1_RAM 0x70000000         0x10000000         xrw
SDRAM            0x80010000         0x00000000         xrw
OPTION_SETTING   0x0100a100         0x00000100         r
OPTION_SETTING_OFS 0x0100a100         0x00000018         r
OPTION_SETTING_SAS 0x0100a134         0x000000cc         r
OPTION_SETTING_S 0x0100a200         0x00000100         r
ID_CODE          0x00000000         0x00000000         xr
*default*        0x00000000         0xffffffff

Linker script and memory map

LOAD C:/Users/admin/AppData/Local/Programs/Renesas/RA/e2studio_v2024-04_fsp_v5.4.0/toolchains/gcc_arm/13.2.rel1/bin/../lib/gcc/arm-none-eabi/13.2.1/thumb/v8-m.main+fp/hard/crti.o
LOAD C:/Users/admin/AppData/Local/Programs/Renesas/RA/e2studio_v2024-04_fsp_v5.4.0/toolchains/gcc_arm/13.2.rel1/bin/../lib/gcc/arm-none-eabi/13.2.1/thumb/v8-m.main+fp/hard/crtbegin.o
LOAD C:/Users/admin/AppData/Local/Programs/Renesas/RA/e2studio_v2024-04_fsp_v5.4.0/toolchains/gcc_arm/13.2.rel1/bin/../lib/gcc/arm-none-eabi/13.2.1/thumb/v8-m.main+fp/hard/crt0.o
START GROUP
LOAD ./src/hal_entry.o
LOAD ./ra_gen/common_data.o
LOAD ./ra_gen/hal_data.o
LOAD ./ra_gen/main.o
LOAD ./ra_gen/pin_data.o
LOAD ./ra_gen/vector_data.o
LOAD ./ra/fsp/src/rm_hs300x/rm_hs300x.o
LOAD ./ra/fsp/src/rm_hs300x/rm_hs300x_ra_driver.o
LOAD ./ra/fsp/src/rm_comms_i2c/rm_comms_i2c.o
LOAD ./ra/fsp/src/rm_comms_i2c/rm_comms_i2c_driver_ra.o
LOAD ./ra/fsp/src/r_sci_uart/r_sci_uart.o
LOAD ./ra/fsp/src/r_ioport/r_ioport.o
LOAD ./ra/fsp/src/r_iic_master/r_iic_master.o
LOAD ./ra/fsp/src/bsp/mcu/all/bsp_clocks.o
LOAD ./ra/fsp/src/bsp/mcu/all/bsp_common.o
LOAD ./ra/fsp/src/bsp/mcu/all/bsp_delay.o
LOAD ./ra/fsp/src/bsp/mcu/all/bsp_group_irq.o
LOAD ./ra/fsp/src/bsp/mcu/all/bsp_guard.o
LOAD ./ra/fsp/src/bsp/mcu/all/bsp_io.o
LOAD ./ra/fsp/src/bsp/mcu/all/bsp_irq.o
LOAD ./ra/fsp/src/bsp/mcu/all/bsp_macl.o
LOAD ./ra/fsp/src/bsp/mcu/all/bsp_register_protection.o
LOAD ./ra/fsp/src/bsp/mcu/all/bsp_rom_registers.o
LOAD ./ra/fsp/src/bsp/mcu/all/bsp_sbrk.o
LOAD ./ra/fsp/src/bsp/mcu/all/bsp_sdram.o
LOAD ./ra/fsp/src/bsp/mcu/all/bsp_security.o
LOAD ./ra/fsp/src/bsp/cmsis/Device/RENESAS/Source/startup.o
LOAD ./ra/fsp/src/bsp/cmsis/Device/RENESAS/Source/system.o
LOAD ./ra/board/ra6m5_ck/board_init.o
LOAD ./ra/board/ra6m5_ck/board_leds.o
END GROUP
START GROUP
LOAD C:/Users/admin/AppData/Local/Programs/Renesas/RA/e2studio_v2024-04_fsp_v5.4.0/toolchains/gcc_arm/13.2.rel1/bin/../lib/gcc/arm-none-eabi/13.2.1/thumb/v8-m.main+fp/hard\libgcc.a
LOAD C:/Users/admin/AppData/Local/Programs/Renesas/RA/e2studio_v2024-04_fsp_v5.4.0/toolchains/gcc_arm/13.2.rel1/bin/../lib/gcc/arm-none-eabi/13.2.1/thumb/v8-m.main+fp/hard\libg_nano.a
LOAD C:/Users/admin/AppData/Local/Programs/Renesas/RA/e2studio_v2024-04_fsp_v5.4.0/toolchains/gcc_arm/13.2.rel1/bin/../lib/gcc/arm-none-eabi/13.2.1/thumb/v8-m.main+fp/hard\libc_nano.a
END GROUP
START GROUP
LOAD C:/Users/admin/AppData/Local/Programs/Renesas/RA/e2studio_v2024-04_fsp_v5.4.0/toolchains/gcc_arm/13.2.rel1/bin/../lib/gcc/arm-none-eabi/13.2.1/thumb/v8-m.main+fp/hard\libgcc.a
LOAD C:/Users/admin/AppData/Local/Programs/Renesas/RA/e2studio_v2024-04_fsp_v5.4.0/toolchains/gcc_arm/13.2.rel1/bin/../lib/gcc/arm-none-eabi/13.2.1/thumb/v8-m.main+fp/hard\libc_nano.a
END GROUP
LOAD C:/Users/admin/AppData/Local/Programs/Renesas/RA/e2studio_v2024-04_fsp_v5.4.0/toolchains/gcc_arm/13.2.rel1/bin/../lib/gcc/arm-none-eabi/13.2.1/thumb/v8-m.main+fp/hard/crtend.o
LOAD C:/Users/admin/AppData/Local/Programs/Renesas/RA/e2studio_v2024-04_fsp_v5.4.0/toolchains/gcc_arm/13.2.rel1/bin/../lib/gcc/arm-none-eabi/13.2.1/thumb/v8-m.main+fp/hard/crtn.o
                0x20000000                        RAM_START = 0x20000000
                0x00080000                        RAM_LENGTH = 0x80000
                0x00000000                        FLASH_START = 0x0
                0x00200000                        FLASH_LENGTH = 0x200000
                0x08000000                        DATA_FLASH_START = 0x8000000
                0x00002000                        DATA_FLASH_LENGTH = 0x2000
                0x0100a100                        OPTION_SETTING_START = 0x100a100
                0x00000100                        OPTION_SETTING_LENGTH = 0x100
                0x0100a200                        OPTION_SETTING_S_START = 0x100a200
                0x00000100                        OPTION_SETTING_S_LENGTH = 0x100
                0x00000000                        ID_CODE_START = 0x0
                0x00000000                        ID_CODE_LENGTH = 0x0
                0x80010000                        SDRAM_START = 0x80010000
                0x00000000                        SDRAM_LENGTH = 0x0
                0x60000000                        QSPI_FLASH_START = 0x60000000
                0x04000000                        QSPI_FLASH_LENGTH = 0x4000000
                0x68000000                        OSPI_DEVICE_0_START = 0x68000000
                0x08000000                        OSPI_DEVICE_0_LENGTH = 0x8000000
                0x70000000                        OSPI_DEVICE_1_START = 0x70000000
                0x10000000                        OSPI_DEVICE_1_LENGTH = 0x10000000
                0x04000000                        QSPI_FLASH_PRV_LENGTH = DEFINED (QSPI_FLASH_SIZE)?ABSOLUTE (QSPI_FLASH_SIZE):ABSOLUTE (QSPI_FLASH_LENGTH)
                0x08000000                        OSPI_DEVICE_0_PRV_LENGTH = DEFINED (OSPI_DEVICE_0_SIZE)?ABSOLUTE (OSPI_DEVICE_0_SIZE):ABSOLUTE (OSPI_DEVICE_0_LENGTH)
                0x10000000                        OSPI_DEVICE_1_PRV_LENGTH = DEFINED (OSPI_DEVICE_1_SIZE)?ABSOLUTE (OSPI_DEVICE_1_SIZE):ABSOLUTE (OSPI_DEVICE_1_LENGTH)
                0x00000000                        __RESERVE_NS_RAM = ((! (DEFINED (PROJECT_NONSECURE)) && DEFINED (RAM_NS_BUFFER_LENGTH)) && (OPTION_SETTING_S_LENGTH != 0x0))
                0x00000000                        ITCM_START = DEFINED (ITCM_START)?ITCM_START:0x0
                0x00000000                        ITCM_LENGTH = DEFINED (ITCM_LENGTH)?ITCM_LENGTH:0x0
                0x00000000                        DTCM_START = DEFINED (DTCM_START)?DTCM_START:0x0
                0x00000000                        DTCM_LENGTH = DEFINED (DTCM_LENGTH)?DTCM_LENGTH:0x0
                0x00000000                        RAM_NS_BUFFER_BLOCK_LENGTH = DEFINED (RAM_NS_BUFFER_LENGTH)?ALIGN (RAM_NS_BUFFER_LENGTH, 0x2000):0x0
                0x00000000                        RAM_NS_BUFFER_LENGTH = DEFINED (RAM_NS_BUFFER_LENGTH)?RAM_NS_BUFFER_LENGTH:0x0
                0x20080000                        RAM_NS_BUFFER_START = ((RAM_START + RAM_LENGTH) - RAM_NS_BUFFER_LENGTH)
                0x20080000                        RAM_NS_BUFFER_BLOCK_START = ((RAM_START + RAM_LENGTH) - RAM_NS_BUFFER_BLOCK_LENGTH)
                0x0100a180                        OPTION_SETTING_START_NS = DEFINED (PROJECT_NONSECURE)?OPTION_SETTING_START:(OPTION_SETTING_START + 0x80)
                0x00000001                        __bl_FSP_BOOTABLE_IMAGE = 0x1
                0x00000001                        __bln_FSP_BOOTABLE_IMAGE = 0x1
                0x00000001                        PROJECT_SECURE_OR_FLAT = (((! (DEFINED (PROJECT_NONSECURE)) || DEFINED (PROJECT_SECURE)) && OPTION_SETTING_LENGTH) && ! (DEFINED (FSP_BOOTABLE_IMAGE)))
                0x00000000                        USE_OPTION_SETTING_NS = (DEFINED (PROJECT_NONSECURE) && ! (DEFINED (FSP_BOOTABLE_IMAGE)))
                0x00000000                        __bl_FLASH_IMAGE_START = ! (DEFINED (FLASH_BOOTLOADER_LENGTH))?0x0:(FLASH_APPLICATION_IMAGE_NUMBER == 0x1)?((FLASH_START + FLASH_BOOTLOADER_LENGTH) + FLASH_BOOTLOADER_HEADER_LENGTH):(DEFINED (BOOTLOADER_SECONDARY_USE_QSPI) || DEFINED (BOOTLOADER_SECONDARY_USE_OSPI_B))?(((FLASH_START + FLASH_BOOTLOADER_LENGTH) + FLASH_BOOTLOADER_SCRATCH_LENGTH) + FLASH_BOOTLOADER_HEADER_LENGTH):((((FLASH_START + FLASH_BOOTLOADER_LENGTH) + FLASH_BOOTLOADER_SCRATCH_LENGTH) + FLASH_APPLICATION_S_LENGTH) + FLASH_BOOTLOADER_HEADER_LENGTH)
                0x00000000                        __bl_FLASH_IMAGE_LENGTH = ! (DEFINED (FLASH_BOOTLOADER_LENGTH))?0x0:(FLASH_APPLICATION_S_LENGTH - FLASH_BOOTLOADER_HEADER_LENGTH)
                0x00000000                        __bl_FLASH_IMAGE_END = (__bl_FLASH_IMAGE_START + __bl_FLASH_IMAGE_LENGTH)
                0x00000000                        __bl_XIP_SECONDARY_FLASH_IMAGE_START = ! (DEFINED (FLASH_BOOTLOADER_LENGTH))?0x0:((FLASH_BOOTLOADER_LENGTH + FLASH_APPLICATION_S_LENGTH) + FLASH_BOOTLOADER_HEADER_LENGTH)
                0x00000000                        __bl_XIP_SECONDARY_FLASH_IMAGE_END = (__bl_XIP_SECONDARY_FLASH_IMAGE_START + __bl_FLASH_IMAGE_LENGTH)
                0x00000000                        __bl_FLASH_NS_START = ! (DEFINED (FLASH_BOOTLOADER_LENGTH))?0x0:(FLASH_APPLICATION_NS_LENGTH == 0x0)?__bl_FLASH_IMAGE_END:((__bl_FLASH_IMAGE_START - FLASH_BOOTLOADER_HEADER_LENGTH) + FLASH_APPLICATION_S_LENGTH)
                0x00000000                        __bl_FLASH_NSC_START = ! (DEFINED (FLASH_BOOTLOADER_LENGTH))?0x0:(FLASH_APPLICATION_NS_LENGTH == 0x0)?__bl_FLASH_IMAGE_END:(__bl_FLASH_IMAGE_END - FLASH_APPLICATION_NSC_LENGTH)
                0x00000000                        __bl_RAM_NS_START = ! (DEFINED (FLASH_BOOTLOADER_LENGTH))?0x0:(FLASH_APPLICATION_NS_LENGTH == 0x0)?(RAM_START + RAM_LENGTH):((RAM_START + RAM_LENGTH) - RAM_APPLICATION_NS_LENGTH)
                0x00000000                        __bl_RAM_NSC_START = ! (DEFINED (FLASH_BOOTLOADER_LENGTH))?0x0:(FLASH_APPLICATION_NS_LENGTH == 0x0)?(RAM_START + RAM_LENGTH):(__bl_RAM_NS_START - RAM_APPLICATION_NSC_LENGTH)
                0x00000000                        __bl_FLASH_NS_IMAGE_START = ! (DEFINED (FLASH_BOOTLOADER_LENGTH))?0x0:(FLASH_APPLICATION_NS_LENGTH == 0x0)?__bl_FLASH_IMAGE_END:(__bl_FLASH_NS_START + FLASH_BOOTLOADER_HEADER_LENGTH_2)
                0x00000000                        __bln_FLASH_IMAGE_START = (__bl_FLASH_NS_IMAGE_START | ! (DEFINED (NS_OFFSET_START))?0x0:NS_OFFSET_START)
                0x00000000                        __bln_FLASH_IMAGE_LENGTH = ! (DEFINED (FLASH_BOOTLOADER_LENGTH))?0x0:(FLASH_APPLICATION_NS_LENGTH == 0x0)?__bl_FLASH_IMAGE_END:(FLASH_APPLICATION_NS_LENGTH - FLASH_BOOTLOADER_HEADER_LENGTH_2)
                0x00000000                        XIP_SECONDARY_SLOT_IMAGE = DEFINED (XIP_SECONDARY_SLOT_IMAGE)?XIP_SECONDARY_SLOT_IMAGE:0x0
                0x00000000                        FLASH_ORIGIN = ! (DEFINED (FLASH_IMAGE_START))?FLASH_START:(XIP_SECONDARY_SLOT_IMAGE == 0x1)?XIP_SECONDARY_FLASH_IMAGE_START:FLASH_IMAGE_START
                0x00200000                        LIMITED_FLASH_LENGTH = DEFINED (FLASH_IMAGE_LENGTH)?FLASH_IMAGE_LENGTH:DEFINED (FLASH_BOOTLOADER_LENGTH)?FLASH_BOOTLOADER_LENGTH:FLASH_LENGTH
                0x00000034                        OPTION_SETTING_SAS_SIZE = 0x34
                0x000000cc                        OPTION_SETTING_SAS_LENGTH = ! (DEFINED (OPTION_SETTING_LENGTH))?0x0:(OPTION_SETTING_LENGTH == 0x0)?0x0:(OPTION_SETTING_LENGTH - OPTION_SETTING_SAS_SIZE)
START GROUP
LOAD C:/Users/admin/AppData/Local/Programs/Renesas/RA/e2studio_v2024-04_fsp_v5.4.0/toolchains/gcc_arm/13.2.rel1/bin/../lib/gcc/arm-none-eabi/13.2.1/thumb/v8-m.main+fp/hard\libgcc.a
LOAD C:/Users/admin/AppData/Local/Programs/Renesas/RA/e2studio_v2024-04_fsp_v5.4.0/toolchains/gcc_arm/13.2.rel1/bin/../lib/gcc/arm-none-eabi/13.2.1/thumb/v8-m.main+fp/hard\libc.a
LOAD C:/Users/admin/AppData/Local/Programs/Renesas/RA/e2studio_v2024-04_fsp_v5.4.0/toolchains/gcc_arm/13.2.rel1/bin/../lib/gcc/arm-none-eabi/13.2.1/thumb/v8-m.main+fp/hard\libm.a
END GROUP

.text           0x00000000     0x2b48
                0x00000000                        __tz_FLASH_S = ABSOLUTE (FLASH_START)
                0x00000000                        __ROM_Start = .
 *(.fixed_vectors*)
 .fixed_vectors
                0x00000000       0x40 ./ra/fsp/src/bsp/cmsis/Device/RENESAS/Source/startup.o
                0x00000000                __Vectors
 *(.application_vectors*)
 .application_vectors
                0x00000040      0x180 ./ra_gen/vector_data.o
                0x00000040                g_vector_table
                0x000001c0                        __Vectors_End = .
 *(.flash_gap*)
                0x000001c0                        . = (OPTION_SETTING_LENGTH > 0x0)?.:(__ROM_Start + 0x400)
 *(.rom_registers*)
 *(.mcuboot_sce9_key*)
 *(.text*)
 .text.deregister_tm_clones
                0x000001c0       0x1c C:/Users/admin/AppData/Local/Programs/Renesas/RA/e2studio_v2024-04_fsp_v5.4.0/toolchains/gcc_arm/13.2.rel1/bin/../lib/gcc/arm-none-eabi/13.2.1/thumb/v8-m.main+fp/hard/crtbegin.o
 .text.register_tm_clones
                0x000001dc       0x28 C:/Users/admin/AppData/Local/Programs/Renesas/RA/e2studio_v2024-04_fsp_v5.4.0/toolchains/gcc_arm/13.2.rel1/bin/../lib/gcc/arm-none-eabi/13.2.1/thumb/v8-m.main+fp/hard/crtbegin.o
 .text.__do_global_dtors_aux
                0x00000204       0x28 C:/Users/admin/AppData/Local/Programs/Renesas/RA/e2studio_v2024-04_fsp_v5.4.0/toolchains/gcc_arm/13.2.rel1/bin/../lib/gcc/arm-none-eabi/13.2.1/thumb/v8-m.main+fp/hard/crtbegin.o
 .text.frame_dummy
                0x0000022c       0x24 C:/Users/admin/AppData/Local/Programs/Renesas/RA/e2studio_v2024-04_fsp_v5.4.0/toolchains/gcc_arm/13.2.rel1/bin/../lib/gcc/arm-none-eabi/13.2.1/thumb/v8-m.main+fp/hard/crtbegin.o
 .text.hal_entry
                0x00000250      0x180 ./src/hal_entry.o
                0x00000250                hal_entry
 .text.R_BSP_WarmStart
                0x000003d0       0x18 ./src/hal_entry.o
                0x000003d0                R_BSP_WarmStart
 .text.user_uart_callback
                0x000003e8       0x14 ./src/hal_entry.o
                0x000003e8                user_uart_callback
 .text.hs300x_callback
                0x000003fc       0x10 ./src/hal_entry.o
                0x000003fc                hs300x_callback
 .text.startup.main
                0x0000040c        0xc ./ra_gen/main.o
                0x0000040c                main
 .text.RM_HS300X_Open
                0x00000418       0x30 ./ra/fsp/src/rm_hs300x/rm_hs300x.o
                0x00000418                RM_HS300X_Open
 .text.RM_HS300X_MeasurementStart
                0x00000448       0x18 ./ra/fsp/src/rm_hs300x/rm_hs300x.o
                0x00000448                RM_HS300X_MeasurementStart
 .text.RM_HS300X_Read
                0x00000460       0x14 ./ra/fsp/src/rm_hs300x/rm_hs300x.o
                0x00000460                RM_HS300X_Read
 .text.RM_HS300X_DataCalculate
                0x00000474       0x90 ./ra/fsp/src/rm_hs300x/rm_hs300x.o
                0x00000474                RM_HS300X_DataCalculate
 .text.rm_hs300x_callback
                0x00000504       0x38 ./ra/fsp/src/rm_hs300x/rm_hs300x.o
                0x00000504                rm_hs300x_callback
 .text.RM_COMMS_I2C_Open
                0x0000053c       0x28 ./ra/fsp/src/rm_comms_i2c/rm_comms_i2c.o
                0x0000053c                RM_COMMS_I2C_Open
 .text.RM_COMMS_I2C_Close
                0x00000564       0x10 ./ra/fsp/src/rm_comms_i2c/rm_comms_i2c.o
                0x00000564                RM_COMMS_I2C_Close
 .text.RM_COMMS_I2C_Read
                0x00000574        0x4 ./ra/fsp/src/rm_comms_i2c/rm_comms_i2c.o
                0x00000574                RM_COMMS_I2C_Read
 .text.RM_COMMS_I2C_Write
                0x00000578        0x4 ./ra/fsp/src/rm_comms_i2c/rm_comms_i2c.o
                0x00000578                RM_COMMS_I2C_Write
 .text.RM_COMMS_I2C_WriteRead
                0x0000057c       0x14 ./ra/fsp/src/rm_comms_i2c/rm_comms_i2c.o
                0x0000057c                RM_COMMS_I2C_WriteRead
 .text.rm_comms_i2c_bus_reconfigure
                0x00000590       0x3c ./ra/fsp/src/rm_comms_i2c/rm_comms_i2c_driver_ra.o
 .text.rm_comms_i2c_bus_read
                0x000005cc       0x44 ./ra/fsp/src/rm_comms_i2c/rm_comms_i2c_driver_ra.o
                0x000005cc                rm_comms_i2c_bus_read
 .text.rm_comms_i2c_bus_write
                0x00000610       0x30 ./ra/fsp/src/rm_comms_i2c/rm_comms_i2c_driver_ra.o
                0x00000610                rm_comms_i2c_bus_write
 .text.rm_comms_i2c_bus_write_read
                0x00000640       0x3c ./ra/fsp/src/rm_comms_i2c/rm_comms_i2c_driver_ra.o
                0x00000640                rm_comms_i2c_bus_write_read
 .text.rm_comms_i2c_callback
                0x0000067c       0x5c ./ra/fsp/src/rm_comms_i2c/rm_comms_i2c_driver_ra.o
                0x0000067c                rm_comms_i2c_callback
 .text.R_SCI_UART_Write
                0x000006d8       0x50 ./ra/fsp/src/r_sci_uart/r_sci_uart.o
                0x000006d8                R_SCI_UART_Write
 .text.r_sci_uart_call_callback
                0x00000728       0x44 ./ra/fsp/src/r_sci_uart/r_sci_uart.o
 .text.R_SCI_UART_Open
                0x0000076c      0x3a0 ./ra/fsp/src/r_sci_uart/r_sci_uart.o
                0x0000076c                R_SCI_UART_Open
 .text.sci_uart_txi_isr
                0x00000b0c       0x8c ./ra/fsp/src/r_sci_uart/r_sci_uart.o
                0x00000b0c                sci_uart_txi_isr
 .text.sci_uart_rxi_isr
                0x00000b98       0x90 ./ra/fsp/src/r_sci_uart/r_sci_uart.o
                0x00000b98                sci_uart_rxi_isr
 .text.sci_uart_tei_isr
                0x00000c28       0x48 ./ra/fsp/src/r_sci_uart/r_sci_uart.o
                0x00000c28                sci_uart_tei_isr
 .text.sci_uart_eri_isr
                0x00000c70       0x78 ./ra/fsp/src/r_sci_uart/r_sci_uart.o
                0x00000c70                sci_uart_eri_isr
 .text.bsp_vbatt_init
                0x00000ce8       0x9c ./ra/fsp/src/r_ioport/r_ioport.o
 .text.r_ioport_pins_config
                0x00000d84       0xac ./ra/fsp/src/r_ioport/r_ioport.o
 .text.R_IOPORT_Open
                0x00000e30       0x14 ./ra/fsp/src/r_ioport/r_ioport.o
                0x00000e30                R_IOPORT_Open
 .text.R_IIC_MASTER_SlaveAddressSet
                0x00000e44        0xc ./ra/fsp/src/r_iic_master/r_iic_master.o
                0x00000e44                R_IIC_MASTER_SlaveAddressSet
 .text.R_IIC_MASTER_CallbackSet
                0x00000e50       0x10 ./ra/fsp/src/r_iic_master/r_iic_master.o
                0x00000e50                R_IIC_MASTER_CallbackSet
 .text.R_IIC_MASTER_StatusGet
                0x00000e60       0x18 ./ra/fsp/src/r_iic_master/r_iic_master.o
                0x00000e60                R_IIC_MASTER_StatusGet
 .text.iic_master_notify
                0x00000e78       0x3c ./ra/fsp/src/r_iic_master/r_iic_master.o
 .text.iic_master_run_hw_master
                0x00000eb4      0x114 ./ra/fsp/src/r_iic_master/r_iic_master.o
 .text.R_IIC_MASTER_Write
                0x00000fc8       0x30 ./ra/fsp/src/r_iic_master/r_iic_master.o
                0x00000fc8                R_IIC_MASTER_Write
 .text.R_IIC_MASTER_Read
                0x00000ff8       0x34 ./ra/fsp/src/r_iic_master/r_iic_master.o
                0x00000ff8                R_IIC_MASTER_Read
 .text.iic_master_open_hw_master
                0x0000102c      0x1c8 ./ra/fsp/src/r_iic_master/r_iic_master.o
 .text.R_IIC_MASTER_Open
                0x000011f4       0x74 ./ra/fsp/src/r_iic_master/r_iic_master.o
                0x000011f4                R_IIC_MASTER_Open
 .text.R_IIC_MASTER_Abort
                0x00001268       0x30 ./ra/fsp/src/r_iic_master/r_iic_master.o
                0x00001268                R_IIC_MASTER_Abort
 .text.R_IIC_MASTER_Close
                0x00001298       0xdc ./ra/fsp/src/r_iic_master/r_iic_master.o
                0x00001298                R_IIC_MASTER_Close
 .text.iic_master_rxi_isr
                0x00001374      0x194 ./ra/fsp/src/r_iic_master/r_iic_master.o
                0x00001374                iic_master_rxi_isr
 .text.iic_master_txi_isr
                0x00001508      0x120 ./ra/fsp/src/r_iic_master/r_iic_master.o
                0x00001508                iic_master_txi_isr
 .text.iic_master_tei_isr
                0x00001628       0xe0 ./ra/fsp/src/r_iic_master/r_iic_master.o
                0x00001628                iic_master_tei_isr
 .text.iic_master_eri_isr
                0x00001708      0x140 ./ra/fsp/src/r_iic_master/r_iic_master.o
                0x00001708                iic_master_eri_isr
 .text.SystemCoreClockUpdate
                0x00001848       0x28 ./ra/fsp/src/bsp/mcu/all/bsp_clocks.o
                0x00001848                SystemCoreClockUpdate
 .text.bsp_clock_init
                0x00001870       0xec ./ra/fsp/src/bsp/mcu/all/bsp_clocks.o
                0x00001870                bsp_clock_init
 .text.R_BSP_Init_RTC
                0x0000195c       0x28 ./ra/fsp/src/bsp/mcu/all/bsp_clocks.o
                0x0000195c                R_BSP_Init_RTC
 .text.bsp_prv_software_delay_loop
                0x00001984        0xc ./ra/fsp/src/bsp/mcu/all/bsp_delay.o
                0x00001984                bsp_prv_software_delay_loop
 .text.R_BSP_SoftwareDelay
                0x00001990       0x58 ./ra/fsp/src/bsp/mcu/all/bsp_delay.o
                0x00001990                R_BSP_SoftwareDelay
 .text.NMI_Handler
                0x000019e8       0x3c ./ra/fsp/src/bsp/mcu/all/bsp_group_irq.o
                0x000019e8                NMI_Handler
 .text.bsp_irq_cfg
                0x00001a24       0xa4 ./ra/fsp/src/bsp/mcu/all/bsp_irq.o
                0x00001a24                bsp_irq_cfg
 .text.R_BSP_RegisterProtectEnable
                0x00001ac8       0x60 ./ra/fsp/src/bsp/mcu/all/bsp_register_protection.o
                0x00001ac8                R_BSP_RegisterProtectEnable
 .text.R_BSP_RegisterProtectDisable
                0x00001b28       0x54 ./ra/fsp/src/bsp/mcu/all/bsp_register_protection.o
                0x00001b28                R_BSP_RegisterProtectDisable
 .text._sbrk    0x00001b7c       0x40 ./ra/fsp/src/bsp/mcu/all/bsp_sbrk.o
                0x00001b7c                _sbrk
 .text.Default_Handler
                0x00001bbc        0x4 ./ra/fsp/src/bsp/cmsis/Device/RENESAS/Source/startup.o
                0x00001bbc                DebugMon_Handler
                0x00001bbc                HardFault_Handler
                0x00001bbc                SysTick_Handler
                0x00001bbc                PendSV_Handler
                0x00001bbc                UsageFault_Handler
                0x00001bbc                SecureFault_Handler
                0x00001bbc                Default_Handler
                0x00001bbc                MemManage_Handler
                0x00001bbc                SVC_Handler
                0x00001bbc                BusFault_Handler
 .text.Reset_Handler
                0x00001bc0        0xc ./ra/fsp/src/bsp/cmsis/Device/RENESAS/Source/startup.o
                0x00001bc0                Reset_Handler
 .text.SystemInit
                0x00001bcc       0xe0 ./ra/fsp/src/bsp/cmsis/Device/RENESAS/Source/system.o
                0x00001bcc                SystemInit
 .text.bsp_init
                0x00001cac        0x4 ./ra/board/ra6m5_ck/board_init.o
                0x00001cac                bsp_init
 .text.sprintf  0x00001cb0       0x40 C:/Users/admin/AppData/Local/Programs/Renesas/RA/e2studio_v2024-04_fsp_v5.4.0/toolchains/gcc_arm/13.2.rel1/bin/../lib/gcc/arm-none-eabi/13.2.1/thumb/v8-m.main+fp/hard\libg_nano.a(libc_a-sprintf.o)
                0x00001cb0                siprintf
                0x00001cb0                sprintf
 .text.memset   0x00001cf0       0x10 C:/Users/admin/AppData/Local/Programs/Renesas/RA/e2studio_v2024-04_fsp_v5.4.0/toolchains/gcc_arm/13.2.rel1/bin/../lib/gcc/arm-none-eabi/13.2.1/thumb/v8-m.main+fp/hard\libg_nano.a(libc_a-memset.o)
                0x00001cf0                memset
 .text.__errno  0x00001d00        0xc C:/Users/admin/AppData/Local/Programs/Renesas/RA/e2studio_v2024-04_fsp_v5.4.0/toolchains/gcc_arm/13.2.rel1/bin/../lib/gcc/arm-none-eabi/13.2.1/thumb/v8-m.main+fp/hard\libg_nano.a(libc_a-errno.o)
                0x00001d00                __errno
 .text.__retarget_lock_acquire_recursive
                0x00001d0c        0x2 C:/Users/admin/AppData/Local/Programs/Renesas/RA/e2studio_v2024-04_fsp_v5.4.0/toolchains/gcc_arm/13.2.rel1/bin/../lib/gcc/arm-none-eabi/13.2.1/thumb/v8-m.main+fp/hard\libg_nano.a(libc_a-lock.o)
                0x00001d0c                __retarget_lock_acquire_recursive
 .text.__retarget_lock_release_recursive
                0x00001d0e        0x2 C:/Users/admin/AppData/Local/Programs/Renesas/RA/e2studio_v2024-04_fsp_v5.4.0/toolchains/gcc_arm/13.2.rel1/bin/../lib/gcc/arm-none-eabi/13.2.1/thumb/v8-m.main+fp/hard\libg_nano.a(libc_a-lock.o)
                0x00001d0e                __retarget_lock_release_recursive
 .text.memcpy   0x00001d10       0x1a C:/Users/admin/AppData/Local/Programs/Renesas/RA/e2studio_v2024-04_fsp_v5.4.0/toolchains/gcc_arm/13.2.rel1/bin/../lib/gcc/arm-none-eabi/13.2.1/thumb/v8-m.main+fp/hard\libg_nano.a(libc_a-memcpy-stub.o)
                0x00001d10                memcpy
 .text          0x00001d2a       0x10 C:/Users/admin/AppData/Local/Programs/Renesas/RA/e2studio_v2024-04_fsp_v5.4.0/toolchains/gcc_arm/13.2.rel1/bin/../lib/gcc/arm-none-eabi/13.2.1/thumb/v8-m.main+fp/hard\libg_nano.a(libc_a-strlen.o)
                0x00001d2a                strlen
 *fill*         0x00001d3a        0x2 ff
 .text._free_r  0x00001d3c       0x94 C:/Users/admin/AppData/Local/Programs/Renesas/RA/e2studio_v2024-04_fsp_v5.4.0/toolchains/gcc_arm/13.2.rel1/bin/../lib/gcc/arm-none-eabi/13.2.1/thumb/v8-m.main+fp/hard\libg_nano.a(libc_a-freer.o)
                0x00001d3c                _free_r
 .text.sbrk_aligned
                0x00001dd0       0x44 C:/Users/admin/AppData/Local/Programs/Renesas/RA/e2studio_v2024-04_fsp_v5.4.0/toolchains/gcc_arm/13.2.rel1/bin/../lib/gcc/arm-none-eabi/13.2.1/thumb/v8-m.main+fp/hard\libg_nano.a(libc_a-mallocr.o)
 .text._malloc_r
                0x00001e14      0x100 C:/Users/admin/AppData/Local/Programs/Renesas/RA/e2studio_v2024-04_fsp_v5.4.0/toolchains/gcc_arm/13.2.rel1/bin/../lib/gcc/arm-none-eabi/13.2.1/thumb/v8-m.main+fp/hard\libg_nano.a(libc_a-mallocr.o)
                0x00001e14                _malloc_r
 .text.__malloc_lock
                0x00001f14        0xc C:/Users/admin/AppData/Local/Programs/Renesas/RA/e2studio_v2024-04_fsp_v5.4.0/toolchains/gcc_arm/13.2.rel1/bin/../lib/gcc/arm-none-eabi/13.2.1/thumb/v8-m.main+fp/hard\libg_nano.a(libc_a-mlock.o)
                0x00001f14                __malloc_lock
 .text.__malloc_unlock
                0x00001f20        0xc C:/Users/admin/AppData/Local/Programs/Renesas/RA/e2studio_v2024-04_fsp_v5.4.0/toolchains/gcc_arm/13.2.rel1/bin/../lib/gcc/arm-none-eabi/13.2.1/thumb/v8-m.main+fp/hard\libg_nano.a(libc_a-mlock.o)
                0x00001f20                __malloc_unlock
 .text.__ssputs_r
                0x00001f2c       0xb6 C:/Users/admin/AppData/Local/Programs/Renesas/RA/e2studio_v2024-04_fsp_v5.4.0/toolchains/gcc_arm/13.2.rel1/bin/../lib/gcc/arm-none-eabi/13.2.1/thumb/v8-m.main+fp/hard\libg_nano.a(libc_a-nano-svfprintf.o)
                0x00001f2c                __ssputs_r
 *fill*         0x00001fe2        0x2 ff
 .text._svfprintf_r
                0x00001fe4      0x1f8 C:/Users/admin/AppData/Local/Programs/Renesas/RA/e2studio_v2024-04_fsp_v5.4.0/toolchains/gcc_arm/13.2.rel1/bin/../lib/gcc/arm-none-eabi/13.2.1/thumb/v8-m.main+fp/hard\libg_nano.a(libc_a-nano-svfprintf.o)
                0x00001fe4                _svfiprintf_r
                0x00001fe4                _svfprintf_r
 .text._printf_common
                0x000021dc       0xe4 C:/Users/admin/AppData/Local/Programs/Renesas/RA/e2studio_v2024-04_fsp_v5.4.0/toolchains/gcc_arm/13.2.rel1/bin/../lib/gcc/arm-none-eabi/13.2.1/thumb/v8-m.main+fp/hard\libg_nano.a(libc_a-nano-vfprintf_i.o)
                0x000021dc                _printf_common
 .text._printf_i
                0x000022c0      0x23c C:/Users/admin/AppData/Local/Programs/Renesas/RA/e2studio_v2024-04_fsp_v5.4.0/toolchains/gcc_arm/13.2.rel1/bin/../lib/gcc/arm-none-eabi/13.2.1/thumb/v8-m.main+fp/hard\libg_nano.a(libc_a-nano-vfprintf_i.o)
                0x000022c0                _printf_i
 .text.memmove  0x000024fc       0x34 C:/Users/admin/AppData/Local/Programs/Renesas/RA/e2studio_v2024-04_fsp_v5.4.0/toolchains/gcc_arm/13.2.rel1/bin/../lib/gcc/arm-none-eabi/13.2.1/thumb/v8-m.main+fp/hard\libg_nano.a(libc_a-memmove.o)
                0x000024fc                memmove
 .text._sbrk_r  0x00002530       0x20 C:/Users/admin/AppData/Local/Programs/Renesas/RA/e2studio_v2024-04_fsp_v5.4.0/toolchains/gcc_arm/13.2.rel1/bin/../lib/gcc/arm-none-eabi/13.2.1/thumb/v8-m.main+fp/hard\libg_nano.a(libc_a-sbrkr.o)
                0x00002530                _sbrk_r
 .text.memchr   0x00002550       0x1c C:/Users/admin/AppData/Local/Programs/Renesas/RA/e2studio_v2024-04_fsp_v5.4.0/toolchains/gcc_arm/13.2.rel1/bin/../lib/gcc/arm-none-eabi/13.2.1/thumb/v8-m.main+fp/hard\libg_nano.a(libc_a-memchr-stub.o)
                0x00002550                memchr
 .text._realloc_r
                0x0000256c       0x5c C:/Users/admin/AppData/Local/Programs/Renesas/RA/e2studio_v2024-04_fsp_v5.4.0/toolchains/gcc_arm/13.2.rel1/bin/../lib/gcc/arm-none-eabi/13.2.1/thumb/v8-m.main+fp/hard\libg_nano.a(libc_a-reallocr.o)
                0x0000256c                _realloc_r
 .text._malloc_usable_size_r
                0x000025c8       0x10 C:/Users/admin/AppData/Local/Programs/Renesas/RA/e2studio_v2024-04_fsp_v5.4.0/toolchains/gcc_arm/13.2.rel1/bin/../lib/gcc/arm-none-eabi/13.2.1/thumb/v8-m.main+fp/hard\libg_nano.a(libc_a-msizer.o)
                0x000025c8                _malloc_usable_size_r
 *(.version)
 .version       0x000025d8       0x50 ./ra/fsp/src/bsp/mcu/all/bsp_common.o
 *(.init)
 .init          0x00002628        0x4 C:/Users/admin/AppData/Local/Programs/Renesas/RA/e2studio_v2024-04_fsp_v5.4.0/toolchains/gcc_arm/13.2.rel1/bin/../lib/gcc/arm-none-eabi/13.2.1/thumb/v8-m.main+fp/hard/crti.o
                0x00002628                _init
 .init          0x0000262c        0x8 C:/Users/admin/AppData/Local/Programs/Renesas/RA/e2studio_v2024-04_fsp_v5.4.0/toolchains/gcc_arm/13.2.rel1/bin/../lib/gcc/arm-none-eabi/13.2.1/thumb/v8-m.main+fp/hard/crtn.o
 *(.fini)
 .fini          0x00002634        0x4 C:/Users/admin/AppData/Local/Programs/Renesas/RA/e2studio_v2024-04_fsp_v5.4.0/toolchains/gcc_arm/13.2.rel1/bin/../lib/gcc/arm-none-eabi/13.2.1/thumb/v8-m.main+fp/hard/crti.o
                0x00002634                _fini
 .fini          0x00002638        0x8 C:/Users/admin/AppData/Local/Programs/Renesas/RA/e2studio_v2024-04_fsp_v5.4.0/toolchains/gcc_arm/13.2.rel1/bin/../lib/gcc/arm-none-eabi/13.2.1/thumb/v8-m.main+fp/hard/crtn.o
 *crtbegin.o(.ctors)
 *crtbegin?.o(.ctors)
 *(EXCLUDE_FILE(*crtend.o *crtend?.o) .ctors)
 *(SORT_BY_NAME(.ctors.*))
 *(.ctors)
 *crtbegin.o(.dtors)
 *crtbegin?.o(.dtors)
 *(EXCLUDE_FILE(*crtend.o *crtend?.o) .dtors)
 *(SORT_BY_NAME(.dtors.*))
 *(.dtors)
 *(.rodata*)
 .rodata.hal_entry.str1.4
                0x00002640       0x38 ./src/hal_entry.o
 .rodata.g_i2c_master0
                0x00002678        0xc ./ra_gen/common_data.o
                0x00002678                g_i2c_master0
 .rodata.g_i2c_master0_cfg
                0x00002684       0x28 ./ra_gen/common_data.o
                0x00002684                g_i2c_master0_cfg
 .rodata.g_i2c_master0_extend
                0x000026ac        0x8 ./ra_gen/common_data.o
                0x000026ac                g_i2c_master0_extend
 .rodata.g_uart0_cfg
                0x000026b4       0x20 ./ra_gen/hal_data.o
                0x000026b4                g_uart0_cfg
 .rodata.g_uart0_cfg_extend
                0x000026d4       0x14 ./ra_gen/hal_data.o
                0x000026d4                g_uart0_cfg_extend
 .rodata.g_hs300x_sensor0_cfg
                0x000026e8       0x10 ./ra_gen/hal_data.o
                0x000026e8                g_hs300x_sensor0_cfg
 .rodata.g_comms_i2c_device0
                0x000026f8        0xc ./ra_gen/hal_data.o
                0x000026f8                g_comms_i2c_device0
 .rodata.g_comms_i2c_device0_cfg
                0x00002704       0x14 ./ra_gen/hal_data.o
                0x00002704                g_comms_i2c_device0_cfg
 .rodata.g_comms_i2c_device0_lower_level_cfg
                0x00002718       0x28 ./ra_gen/hal_data.o
                0x00002718                g_comms_i2c_device0_lower_level_cfg
 .rodata.g_bsp_pin_cfg
                0x00002740        0xc ./ra_gen/pin_data.o
                0x00002740                g_bsp_pin_cfg
 .rodata.g_bsp_pin_cfg_data
                0x0000274c      0x280 ./ra_gen/pin_data.o
                0x0000274c                g_bsp_pin_cfg_data
 .rodata.g_interrupt_event_link_select
                0x000029cc       0xc0 ./ra_gen/vector_data.o
                0x000029cc                g_interrupt_event_link_select
 .rodata.g_comms_on_comms_i2c
                0x00002a8c       0x18 ./ra/fsp/src/rm_comms_i2c/rm_comms_i2c.o
                0x00002a8c                g_comms_on_comms_i2c
 .rodata.g_vbatt_pins_input
                0x00002aa4        0x6 ./ra/fsp/src/r_ioport/r_ioport.o
 *fill*         0x00002aaa        0x2 ff
 .rodata.g_i2c_master_on_iic
                0x00002aac       0x20 ./ra/fsp/src/r_iic_master/r_iic_master.o
                0x00002aac                g_i2c_master_on_iic
 .rodata.g_prcr_masks
                0x00002acc        0x8 ./ra/fsp/src/bsp/mcu/all/bsp_register_protection.o
 .rodata.g_bsp_leds
                0x00002ad4        0x8 ./ra/board/ra6m5_ck/board_leds.o
                0x00002ad4                g_bsp_leds
 .rodata.g_bsp_prv_leds
                0x00002adc        0xc ./ra/board/ra6m5_ck/board_leds.o
 .rodata._svfprintf_r.str1.1
                0x00002ae8       0x33 C:/Users/admin/AppData/Local/Programs/Renesas/RA/e2studio_v2024-04_fsp_v5.4.0/toolchains/gcc_arm/13.2.rel1/bin/../lib/gcc/arm-none-eabi/13.2.1/thumb/v8-m.main+fp/hard\libg_nano.a(libc_a-nano-svfprintf.o)
                                 0x11 (size before relaxing)
 .rodata._printf_i.str1.1
                0x00002b1b       0x22 C:/Users/admin/AppData/Local/Programs/Renesas/RA/e2studio_v2024-04_fsp_v5.4.0/toolchains/gcc_arm/13.2.rel1/bin/../lib/gcc/arm-none-eabi/13.2.1/thumb/v8-m.main+fp/hard\libg_nano.a(libc_a-nano-vfprintf_i.o)
                0x00002b1b                        __usb_dev_descriptor_start_fs = .
 *(.usb_device_desc_fs*)
                0x00002b1b                        __usb_cfg_descriptor_start_fs = .
 *(.usb_config_desc_fs*)
                0x00002b1b                        __usb_interface_descriptor_start_fs = .
 *(.usb_interface_desc_fs*)
                0x00002b1b                        __usb_descriptor_end_fs = .
                0x00002b1b                        __usb_dev_descriptor_start_hs = .
 *(.usb_device_desc_hs*)
                0x00002b1b                        __usb_cfg_descriptor_start_hs = .
 *(.usb_config_desc_hs*)
                0x00002b1b                        __usb_interface_descriptor_start_hs = .
 *(.usb_interface_desc_hs*)
                0x00002b1b                        __usb_descriptor_end_hs = .
 *(.eh_frame*)
 *fill*         0x00002b1b        0x1 ff
 .eh_frame      0x00002b1c        0x0 C:/Users/admin/AppData/Local/Programs/Renesas/RA/e2studio_v2024-04_fsp_v5.4.0/toolchains/gcc_arm/13.2.rel1/bin/../lib/gcc/arm-none-eabi/13.2.1/thumb/v8-m.main+fp/hard/crtbegin.o
 .eh_frame      0x00002b1c       0x28 C:/Users/admin/AppData/Local/Programs/Renesas/RA/e2studio_v2024-04_fsp_v5.4.0/toolchains/gcc_arm/13.2.rel1/bin/../lib/gcc/arm-none-eabi/13.2.1/thumb/v8-m.main+fp/hard\libg_nano.a(libc_a-strlen.o)
 .eh_frame      0x00002b44        0x4 C:/Users/admin/AppData/Local/Programs/Renesas/RA/e2studio_v2024-04_fsp_v5.4.0/toolchains/gcc_arm/13.2.rel1/bin/../lib/gcc/arm-none-eabi/13.2.1/thumb/v8-m.main+fp/hard/crtend.o
                0x00002b48                        __ROM_End = .
                0x000001c0                        __Vectors_Size = (__Vectors_End - __Vectors)

.glue_7         0x00002b48        0x0
 .glue_7        0x00002b48        0x0 linker stubs

.glue_7t        0x00002b48        0x0
 .glue_7t       0x00002b48        0x0 linker stubs

.vfp11_veneer   0x00002b48        0x0
 .vfp11_veneer  0x00002b48        0x0 linker stubs

.v4_bx          0x00002b48        0x0
 .v4_bx         0x00002b48        0x0 linker stubs

.iplt           0x00002b48        0x0
 .iplt          0x00002b48        0x0 C:/Users/admin/AppData/Local/Programs/Renesas/RA/e2studio_v2024-04_fsp_v5.4.0/toolchains/gcc_arm/13.2.rel1/bin/../lib/gcc/arm-none-eabi/13.2.1/thumb/v8-m.main+fp/hard/crtbegin.o
                0x00002b48                        . = .
                0x00002b48                        __itcm_data_pre_location = .

.itcm_data      0x00000000        0x0 load address 0x00002b50
                0x00000000                        __tz_ITCM_S = ABSOLUTE (ITCM_START)
                0x00000000                        __itcm_data_start = .
 *(.itcm_data*)
                0x00000000                        . = ALIGN (0x8)
                0x00000000                        __itcm_data_end = .
                0x00000000                        __tz_ITCM_N = DEFINED (ITCM_NS_START)?ABSOLUTE (ITCM_NS_START):ALIGN (__itcm_data_end, 0x2000)
                0x00002b50                        __itcm_data_init_start = LOADADDR (.itcm_data)
                0x00002b50                        __itcm_data_init_end = (LOADADDR (.itcm_data) + SIZEOF (.itcm_data))
                0x00000001                        ASSERT (((ORIGIN (ITCM) % 0x8) == 0x0), ITCM memory region origin must be aligned to 8 bytes.)
                0x00000001                        ASSERT (((LENGTH (ITCM) % 0x8) == 0x0), ITCM memory region length must be a multiple of 8 bytes.)
                0x00000001                        ASSERT (((LOADADDR (.itcm_data) % 0x10) == 0x0), .itcm_data section must be aligned to 16 bytes.)
                0x00000001                        ASSERT (((SIZEOF (.itcm_data) % 0x8) == 0x0), .itcm_data section size must be a multiple of 8 bytes.)
                0x00002b48                        . = (SIZEOF (.itcm_data) > 0x0)?__itcm_data_init_end:__itcm_data_pre_location
                0x00002b48                        __exidx_start = .

/DISCARD/
 *(.ARM.extab* .gnu.linkonce.armextab.*)
 *(.ARM.exidx* .gnu.linkonce.armexidx.*)
                0x00002b48                        __exidx_end = .
                0x00002b48                        __etext = .
                0x20000000                        __tz_RAM_S = ORIGIN (RAM)

.fsp_dtc_vector_table
                0x20000000        0x0
                0x20000000                        . = ORIGIN (RAM)
 *(.fsp_dtc_vector_table)

.data           0x20000000       0x70 load address 0x00002b48
                0x20000000                        __data_start__ = .
                0x20000000                        . = ALIGN (0x4)
                0x20000000                        __Code_In_RAM_Start = .
 *(.code_in_ram*)
                0x20000000                        __Code_In_RAM_End = .
 *(vtable)
 *(.data.*)
 .data.g_comms_i2c_bus0_extended_cfg
                0x20000000       0x14 ./ra_gen/common_data.o
                0x20000000                g_comms_i2c_bus0_extended_cfg
 .data.g_uart0_baud_setting
                0x20000014        0x4 ./ra_gen/hal_data.o
                0x20000014                g_uart0_baud_setting
 .data._impure_ptr
                0x20000018        0x4 C:/Users/admin/AppData/Local/Programs/Renesas/RA/e2studio_v2024-04_fsp_v5.4.0/toolchains/gcc_arm/13.2.rel1/bin/../lib/gcc/arm-none-eabi/13.2.1/thumb/v8-m.main+fp/hard\libg_nano.a(libc_a-impure.o)
                0x20000018                _impure_ptr
 .data._impure_data
                0x2000001c       0x4c C:/Users/admin/AppData/Local/Programs/Renesas/RA/e2studio_v2024-04_fsp_v5.4.0/toolchains/gcc_arm/13.2.rel1/bin/../lib/gcc/arm-none-eabi/13.2.1/thumb/v8-m.main+fp/hard\libg_nano.a(libc_a-impure.o)
                0x2000001c                _impure_data
 *(.data)
                0x20000068                        . = ALIGN (0x4)
                0x20000068                        PROVIDE (__preinit_array_start = .)
 *(.preinit_array)
                0x20000068                        PROVIDE (__preinit_array_end = .)
                0x20000068                        . = ALIGN (0x4)
                0x20000068                        PROVIDE (__init_array_start = .)
 *(SORT_BY_NAME(.init_array.*))
 *(.init_array)
 .init_array    0x20000068        0x4 C:/Users/admin/AppData/Local/Programs/Renesas/RA/e2studio_v2024-04_fsp_v5.4.0/toolchains/gcc_arm/13.2.rel1/bin/../lib/gcc/arm-none-eabi/13.2.1/thumb/v8-m.main+fp/hard/crtbegin.o
                0x2000006c                        PROVIDE (__init_array_end = .)
                0x2000006c                        . = ALIGN (0x4)
                [!provide]                        PROVIDE (__fini_array_start = .)
 *(SORT_BY_NAME(.fini_array.*))
 *(.fini_array)
 .fini_array    0x2000006c        0x4 C:/Users/admin/AppData/Local/Programs/Renesas/RA/e2studio_v2024-04_fsp_v5.4.0/toolchains/gcc_arm/13.2.rel1/bin/../lib/gcc/arm-none-eabi/13.2.1/thumb/v8-m.main+fp/hard/crtbegin.o
                [!provide]                        PROVIDE (__fini_array_end = .)
 *(.jcr*)
                0x20000070                        . = ALIGN (0x4)
                0x20000070                        __data_end__ = .

.tm_clone_table
                0x20000070        0x0 load address 0x00002bb8
 .tm_clone_table
                0x20000070        0x0 C:/Users/admin/AppData/Local/Programs/Renesas/RA/e2studio_v2024-04_fsp_v5.4.0/toolchains/gcc_arm/13.2.rel1/bin/../lib/gcc/arm-none-eabi/13.2.1/thumb/v8-m.main+fp/hard/crtbegin.o
 .tm_clone_table
                0x20000070        0x0 C:/Users/admin/AppData/Local/Programs/Renesas/RA/e2studio_v2024-04_fsp_v5.4.0/toolchains/gcc_arm/13.2.rel1/bin/../lib/gcc/arm-none-eabi/13.2.1/thumb/v8-m.main+fp/hard/crtend.o

.igot.plt       0x20000070        0x0 load address 0x00002bb8
 .igot.plt      0x20000070        0x0 C:/Users/admin/AppData/Local/Programs/Renesas/RA/e2studio_v2024-04_fsp_v5.4.0/toolchains/gcc_arm/13.2.rel1/bin/../lib/gcc/arm-none-eabi/13.2.1/thumb/v8-m.main+fp/hard/crtbegin.o
                0x20000070                        . = .
                0x00002bb8                        __dtcm_data_pre_location = (LOADADDR (.data) + SIZEOF (.data))

.dtcm_data      0x00000000        0x0 load address 0x00002bc0
                0x00000000                        __tz_DTCM_S = ABSOLUTE (DTCM_START)
                0x00000000                        __dtcm_data_start = .
 *(.dtcm_data*)
                0x00000000                        . = ALIGN (0x8)
                0x00000000                        __dtcm_data_end = .
                0x00000000                        . = __dtcm_data_end

.dtcm_bss       0x00000000        0x0
                0x00000000                        __dtcm_bss_start = .
 *(.dtcm_bss*)
                0x00000000                        . = ALIGN (0x8)
                0x00000000                        __dtcm_bss_end = .
                0x00000000                        __tz_DTCM_N = DEFINED (DTCM_NS_START)?ABSOLUTE (DTCM_NS_START):ALIGN (__dtcm_bss_end, 0x2000)
                0x00002bc0                        __dtcm_data_init_start = LOADADDR (.dtcm_data)
                0x00002bc0                        __dtcm_data_init_end = (LOADADDR (.dtcm_data) + SIZEOF (.dtcm_data))
                0x00000001                        ASSERT (((ORIGIN (DTCM) % 0x8) == 0x0), DTCM memory region origin must be aligned to 8 bytes.)
                0x00000001                        ASSERT (((LENGTH (DTCM) % 0x8) == 0x0), DTCM memory region length must be a multiple of 8 bytes.)
                0x00000001                        ASSERT ((LOADADDR (.dtcm_bss) == ADDR (.dtcm_bss)), .dtcm_bss has (VMA != LMA) but should be NOLOAD (VMA == LMA).)
                0x00000001                        ASSERT (((LOADADDR (.dtcm_data) % 0x10) == 0x0), .dtcm_data section must be aligned to 16 bytes.)
                0x00000001                        ASSERT (((SIZEOF (.dtcm_data) % 0x8) == 0x0), .dtcm_data section size must be a multiple of 8 bytes.)
                0x00000001                        ASSERT (((LOADADDR (.dtcm_bss) % 0x8) == 0x0), .dtcm_bss section must be aligned to 8 bytes.)
                0x00000001                        ASSERT (((SIZEOF (.dtcm_bss) % 0x8) == 0x0), .dtcm_bss section size must be a multiple of 8 bytes.)
                0x00000001                        ASSERT ((__dtcm_bss_start == __dtcm_data_end), .dtcm_bss section is not adjacent to .dtcm_data section.)
                0x00002bb8                        . = (SIZEOF (.dtcm_data) > 0x0)?__dtcm_data_init_end:__dtcm_data_pre_location
                0x00002bb8                        sgstubs_pre_location = .
                0x00002c00                        SGSTUBS_LOC = (DEFINED (PROJECT_SECURE) && DEFINED (FLASH_NSC_START))?ABSOLUTE (FLASH_NSC_START):ALIGN (0x400)

.gnu.sgstubs    0x00002c00        0x0
                0x00002c00                        __tz_FLASH_C = DEFINED (FLASH_NSC_START)?ABSOLUTE (FLASH_NSC_START):__RESERVE_NS_RAM?ABSOLUTE ((FLASH_START + FLASH_LENGTH)):ALIGN (0x400)
                0x00002c00                        _start_sg = .
 *(.gnu.sgstubs*)
                0x00002c00                        . = ALIGN (0x20)
                0x00002c00                        _end_sg = .
                0x00008000                        __tz_FLASH_N = DEFINED (FLASH_NS_START)?ABSOLUTE (FLASH_NS_START):__RESERVE_NS_RAM?ABSOLUTE ((FLASH_START + FLASH_LENGTH)):(FLASH_LENGTH < 0x8000)?FLASH_LENGTH:ALIGN (0x8000)
                0x00008000                        FLASH_NS_IMAGE_START = DEFINED (FLASH_NS_IMAGE_START)?FLASH_NS_IMAGE_START:__tz_FLASH_N
                0x60000000                        __tz_QSPI_FLASH_S = ORIGIN (QSPI_FLASH)

.qspi_flash     0x60000000        0x0
                0x60000000                        __qspi_flash_start__ = .
 *(.qspi_flash*)
 *(.code_in_qspi*)
                0x60000000                        __qspi_flash_end__ = .
                0x00000000                        __qspi_flash_code_size__ = (__qspi_flash_end__ - __qspi_flash_start__)
                0x00002bb8                        __qspi_flash_code_addr__ = sgstubs_pre_location

.qspi_non_retentive
                0x60000000        0x0 load address 0x00002bb8
                0x60000000                        __qspi_non_retentive_start__ = .
 *(.qspi_non_retentive*)
                0x60000000                        __qspi_non_retentive_end__ = .
                0x00000000                        __qspi_non_retentive_size__ = (__qspi_non_retentive_end__ - __qspi_non_retentive_start__)
                0x04000000                        __qspi_region_max_size__ = 0x4000000
                0x60000000                        __qspi_region_start_address__ = __qspi_flash_start__
                0x64000000                        __qspi_region_end_address__ = (__qspi_flash_start__ + __qspi_region_max_size__)
                0x60000000                        __tz_QSPI_FLASH_N = __qspi_non_retentive_end__

.OSPI_DEVICE_0_NO_LOAD
                0x68000000        0x0
                0x68000000                        . = ALIGN (0x4)
                0x68000000                        __ospi_device_0_start__ = .
 *(.ospi_device_0_no_load*)
                0x68000000                        . = ALIGN (0x4)
                0x68000000                        __ospi_device_0_end__ = .

.OSPI_DEVICE_1_NO_LOAD
                0x70000000        0x0
                0x70000000                        . = ALIGN (0x4)
                0x70000000                        __ospi_device_1_start__ = .
 *(.ospi_device_1_no_load*)
                0x70000000                        . = ALIGN (0x4)
                0x70000000                        __ospi_device_1_end__ = .
                0x68000000                        __tz_OSPI_DEVICE_0_S = ORIGIN (OSPI_DEVICE_0)

.OSPI_DEVICE_0  0x68000000        0x0
                0x68000000                        __ospi_device_0_start__ = .
 *(.ospi_device_0*)
 *(.code_in_ospi_device_0*)
                0x68000000                        __ospi_device_0_end__ = .
                0x00000000                        __ospi_device_0_code_size__ = (__ospi_device_0_end__ - __ospi_device_0_start__)
                0x00002bb8                        __ospi_device_0_code_addr__ = (sgstubs_pre_location + SIZEOF (.qspi_non_retentive))

.ospi_device_0_non_retentive
                0x68000000        0x0 load address 0x00002bb8
                0x68000000                        __ospi_device_0_non_retentive_start__ = .
 *(.ospi_device_0_non_retentive*)
                0x68000000                        __ospi_device_0_non_retentive_end__ = .
                0x00000000                        __ospi_device_0_non_retentive_size__ = (__ospi_device_0_non_retentive_end__ - __ospi_device_0_non_retentive_start__)
                0x08000000                        __ospi_device_0_region_max_size__ = 0x8000000
                0x68000000                        __ospi_device_0_region_start_address__ = __ospi_device_0_start__
                0x70000000                        __ospi_device_0_region_end_address__ = (__ospi_device_0_start__ + __ospi_device_0_region_max_size__)
                0x68000000                        __tz_OSPI_DEVICE_0_N = __ospi_device_0_non_retentive_end__
                0x70000000                        __tz_OSPI_DEVICE_1_S = ORIGIN (OSPI_DEVICE_1)

.OSPI_DEVICE_1  0x70000000        0x0
                0x70000000                        __ospi_device_1_start__ = .
 *(.ospi_device_1*)
 *(.code_in_ospi_device_1*)
                0x70000000                        __ospi_device_1_end__ = .
                0x00000000                        __ospi_device_1_code_size__ = (__ospi_device_1_end__ - __ospi_device_1_start__)
                0x00002bb8                        __ospi_device_1_code_addr__ = (sgstubs_pre_location + (SIZEOF (.qspi_non_retentive) + SIZEOF (.ospi_device_0_non_retentive)))

.ospi_device_1_non_retentive
                0x70000000        0x0 load address 0x00002bb8
                0x70000000                        __ospi_device_1_non_retentive_start__ = .
 *(.ospi_device_1_non_retentive*)
                0x70000000                        __ospi_device_1_non_retentive_end__ = .
                0x00000000                        __ospi_device_1_non_retentive_size__ = (__ospi_device_1_non_retentive_end__ - __ospi_device_1_non_retentive_start__)
                0x10000000                        __ospi_device_1_region_max_size__ = 0x10000000
                0x70000000                        __ospi_device_1_region_start_address__ = __ospi_device_1_start__
                0x80000000                        __ospi_device_1_region_end_address__ = (__ospi_device_1_start__ + __ospi_device_1_region_max_size__)
                0x70000000                        __tz_OSPI_DEVICE_1_N = __ospi_device_1_non_retentive_end__

.noinit         0x20000070       0x20
                0x20000070                        . = ALIGN (0x4)
                0x20000070                        __noinit_start = .
 *(.noinit*)
 .noinit        0x20000070       0x1c ./ra/fsp/src/bsp/mcu/all/bsp_clocks.o
                0x20000090                        . = ALIGN (0x8)
 *fill*         0x2000008c        0x4 
 *(.heap.*)
                0x20000090                        __noinit_end = .

.bss            0x20000090      0x3f4
                0x20000090                        . = ALIGN (0x4)
                0x20000090                        __bss_start__ = .
 *(.bss*)
 .bss.completed.1
                0x20000090        0x1 C:/Users/admin/AppData/Local/Programs/Renesas/RA/e2studio_v2024-04_fsp_v5.4.0/toolchains/gcc_arm/13.2.rel1/bin/../lib/gcc/arm-none-eabi/13.2.1/thumb/v8-m.main+fp/hard/crtbegin.o
 *fill*         0x20000091        0x3 
 .bss.object.0  0x20000094       0x18 C:/Users/admin/AppData/Local/Programs/Renesas/RA/e2studio_v2024-04_fsp_v5.4.0/toolchains/gcc_arm/13.2.rel1/bin/../lib/gcc/arm-none-eabi/13.2.1/thumb/v8-m.main+fp/hard/crtbegin.o
 .bss.hs300x_complete
                0x200000ac        0x1 ./src/hal_entry.o
 .bss.is_transfer_complete
                0x200000ad        0x1 ./src/hal_entry.o
 *fill*         0x200000ae        0x2 
 .bss.g_ioport_ctrl
                0x200000b0        0x8 ./ra_gen/common_data.o
                0x200000b0                g_ioport_ctrl
 .bss.g_i2c_master0_ctrl
                0x200000b8       0x40 ./ra_gen/common_data.o
                0x200000b8                g_i2c_master0_ctrl
 .bss.g_uart0_ctrl
                0x200000f8       0x30 ./ra_gen/hal_data.o
                0x200000f8                g_uart0_ctrl
 .bss.g_hs300x_sensor0_ctrl
                0x20000128       0x1c ./ra_gen/hal_data.o
                0x20000128                g_hs300x_sensor0_ctrl
 .bss.g_comms_i2c_device0_ctrl
                0x20000144       0x24 ./ra_gen/hal_data.o
                0x20000144                g_comms_i2c_device0_ctrl
 .bss.g_bsp_group_irq_sources
                0x20000168       0x40 ./ra/fsp/src/bsp/mcu/all/bsp_group_irq.o
                0x20000168                g_bsp_group_irq_sources
 .bss.g_protect_pfswe_counter
                0x200001a8        0x4 ./ra/fsp/src/bsp/mcu/all/bsp_io.o
                0x200001a8                g_protect_pfswe_counter
 .bss.gp_renesas_isr_context
                0x200001ac      0x180 ./ra/fsp/src/bsp/mcu/all/bsp_irq.o
                0x200001ac                gp_renesas_isr_context
 .bss.g_protect_counters
                0x2000032c        0x8 ./ra/fsp/src/bsp/mcu/all/bsp_register_protection.o
                0x2000032c                g_protect_counters
 .bss.current_heap_end.0
                0x20000334        0x4 ./ra/fsp/src/bsp/mcu/all/bsp_sbrk.o
 .bss.SystemCoreClock
                0x20000338        0x4 ./ra/fsp/src/bsp/cmsis/Device/RENESAS/Source/system.o
                0x20000338                SystemCoreClock
 .bss.__sf      0x2000033c      0x138 C:/Users/admin/AppData/Local/Programs/Renesas/RA/e2studio_v2024-04_fsp_v5.4.0/toolchains/gcc_arm/13.2.rel1/bin/../lib/gcc/arm-none-eabi/13.2.1/thumb/v8-m.main+fp/hard\libg_nano.a(libc_a-findfp.o)
                0x2000033c                __sf
 .bss.errno     0x20000474        0x4 C:/Users/admin/AppData/Local/Programs/Renesas/RA/e2studio_v2024-04_fsp_v5.4.0/toolchains/gcc_arm/13.2.rel1/bin/../lib/gcc/arm-none-eabi/13.2.1/thumb/v8-m.main+fp/hard\libg_nano.a(libc_a-reent.o)
                0x20000474                errno
 .bss.__lock___malloc_recursive_mutex
                0x20000478        0x1 C:/Users/admin/AppData/Local/Programs/Renesas/RA/e2studio_v2024-04_fsp_v5.4.0/toolchains/gcc_arm/13.2.rel1/bin/../lib/gcc/arm-none-eabi/13.2.1/thumb/v8-m.main+fp/hard\libg_nano.a(libc_a-lock.o)
                0x20000478                __lock___malloc_recursive_mutex
 *fill*         0x20000479        0x3 
 .bss.__malloc_sbrk_start
                0x2000047c        0x4 C:/Users/admin/AppData/Local/Programs/Renesas/RA/e2studio_v2024-04_fsp_v5.4.0/toolchains/gcc_arm/13.2.rel1/bin/../lib/gcc/arm-none-eabi/13.2.1/thumb/v8-m.main+fp/hard\libg_nano.a(libc_a-mallocr.o)
                0x2000047c                __malloc_sbrk_start
 .bss.__malloc_free_list
                0x20000480        0x4 C:/Users/admin/AppData/Local/Programs/Renesas/RA/e2studio_v2024-04_fsp_v5.4.0/toolchains/gcc_arm/13.2.rel1/bin/../lib/gcc/arm-none-eabi/13.2.1/thumb/v8-m.main+fp/hard\libg_nano.a(libc_a-mallocr.o)
                0x20000480                __malloc_free_list
 *(COMMON)
                0x20000484                        . = ALIGN (0x4)
                0x20000484                        __bss_end__ = .

.heap           0x20000484        0x4
                0x20000488                        . = ALIGN (0x8)
 *fill*         0x20000484        0x4 
                0x20000488                        __HeapBase = .
 *(.heap)
                0x20000488                        __HeapLimit = .

.stack_dummy    0x20000488      0x400
                0x20000488                        . = ALIGN (0x8)
                0x20000488                        __StackLimit = .
 *(.stack)
 .stack         0x20000488      0x400 ./ra/fsp/src/bsp/cmsis/Device/RENESAS/Source/startup.o
                0x20000888                        __StackTop = .
 *(.stack*)
                0x20000888                        __StackTopAll = .
                0x20000888                        PROVIDE (__stack = __StackTopAll)
                0x20000888                        __RAM_segment_used_end__ = ALIGN (__StackTopAll, 0x4)
                0x20000c00                        __tz_RAM_C = DEFINED (RAM_NSC_START)?ABSOLUTE ((RAM_NSC_START - RAM_NS_BUFFER_BLOCK_LENGTH)):__RESERVE_NS_RAM?ABSOLUTE (RAM_NS_BUFFER_BLOCK_START):ALIGN (__RAM_segment_used_end__, 0x400)
                0x20002000                        __tz_RAM_N = DEFINED (RAM_NS_START)?ABSOLUTE ((RAM_NS_START - RAM_NS_BUFFER_BLOCK_LENGTH)):__RESERVE_NS_RAM?ABSOLUTE (RAM_NS_BUFFER_BLOCK_START):ALIGN (__tz_RAM_C, 0x2000)

.ns_buffer      0x20000888        0x0
                0x20000888                        . = __RESERVE_NS_RAM?ABSOLUTE ((RAM_NS_BUFFER_START & 0xffffffe0)):.
 *(.ns_buffer*)

.data_flash     0x08000000        0x0
                0x08000000                        . = ORIGIN (DATA_FLASH)
                0x08000000                        __tz_DATA_FLASH_S = .
                0x08000000                        __Data_Flash_Start = .
 *(.data_flash*)
                0x08000000                        __Data_Flash_End = .
                0x08000000                        __tz_DATA_FLASH_N = DEFINED (DATA_FLASH_NS_START)?ABSOLUTE (DATA_FLASH_NS_START):__RESERVE_NS_RAM?ABSOLUTE ((DATA_FLASH_START + DATA_FLASH_LENGTH)):ALIGN (0x400)
                0x80010000                        __tz_SDRAM_S = ORIGIN (SDRAM)

.sdram          0x80010000        0x0
                0x80010000                        __SDRAM_Start = .
 *(.sdram*)
 *(.frame*)
                0x80010000                        __SDRAM_End = .
                0x80010000                        __tz_SDRAM_N = __SDRAM_End
                0x00000000                        __tz_ID_CODE_S = ORIGIN (ID_CODE)
                0x00000000                        __tz_ID_CODE_N = __tz_ID_CODE_S

.id_code        0x00000000        0x0
                0x00000000                        __ID_Code_Start = .
 *(.id_code*)
                0x00000000                        __ID_Code_End = .
                0x0100a100                        __tz_OPTION_SETTING_S = ORIGIN (OPTION_SETTING_OFS)

.option_setting_ofs
                0x0100a100       0x14
                0x0100a100                        __OPTION_SETTING_OFS_Start = .
 *(.option_setting_ofs0)
 .option_setting_ofs0
                0x0100a100        0x4 ./ra/fsp/src/bsp/mcu/all/bsp_rom_registers.o
                0x0100a104                        . = PROJECT_SECURE_OR_FLAT?(__OPTION_SETTING_OFS_Start + 0x4):__OPTION_SETTING_OFS_Start
 *(.option_setting_ofs2)
                0x0100a110                        . = PROJECT_SECURE_OR_FLAT?(__OPTION_SETTING_OFS_Start + 0x10):__OPTION_SETTING_OFS_Start
 *fill*         0x0100a104        0xc ff
 *(.option_setting_dualsel)
 .option_setting_dualsel
                0x0100a110        0x4 ./ra/fsp/src/bsp/mcu/all/bsp_rom_registers.o
                0x0100a114                        __OPTION_SETTING_OFS_End = .

.option_setting_sas
                0x0100a134        0x4
                0x0100a134                        __OPTION_SETTING_SAS_Start = .
 *(.option_setting_sas)
 .option_setting_sas
                0x0100a134        0x4 ./ra/fsp/src/bsp/mcu/all/bsp_rom_registers.o
                0x0100a138                        __OPTION_SETTING_SAS_End = .
                0x0100a180                        __tz_OPTION_SETTING_N = ABSOLUTE (OPTION_SETTING_START_NS)

.option_setting_ns
                0x0100a100        0x0
                0x0100a100                        __OPTION_SETTING_NS_Start = .
 *(.option_setting_ofs1)
                0x0100a100                        . = USE_OPTION_SETTING_NS?(__OPTION_SETTING_NS_Start + 0x4):__OPTION_SETTING_NS_Start
 *(.option_setting_ofs3)
                0x0100a100                        . = USE_OPTION_SETTING_NS?(__OPTION_SETTING_NS_Start + 0x10):__OPTION_SETTING_NS_Start
 *(.option_setting_banksel)
                0x0100a100                        . = USE_OPTION_SETTING_NS?(__OPTION_SETTING_NS_Start + 0x40):__OPTION_SETTING_NS_Start
 *(.option_setting_bps0)
                0x0100a100                        . = USE_OPTION_SETTING_NS?(__OPTION_SETTING_NS_Start + 0x44):__OPTION_SETTING_NS_Start
 *(.option_setting_bps1)
                0x0100a100                        . = USE_OPTION_SETTING_NS?(__OPTION_SETTING_NS_Start + 0x48):__OPTION_SETTING_NS_Start
 *(.option_setting_bps2)
                0x0100a100                        . = USE_OPTION_SETTING_NS?(__OPTION_SETTING_NS_Start + 0x4c):__OPTION_SETTING_NS_Start
 *(.option_setting_bps3)
                0x0100a100                        . = USE_OPTION_SETTING_NS?(__OPTION_SETTING_NS_Start + 0x60):__OPTION_SETTING_NS_Start
 *(.option_setting_pbps0)
                0x0100a100                        . = USE_OPTION_SETTING_NS?(__OPTION_SETTING_NS_Start + 0x64):__OPTION_SETTING_NS_Start
 *(.option_setting_pbps1)
                0x0100a100                        . = USE_OPTION_SETTING_NS?(__OPTION_SETTING_NS_Start + 0x68):__OPTION_SETTING_NS_Start
 *(.option_setting_pbps2)
                0x0100a100                        . = USE_OPTION_SETTING_NS?(__OPTION_SETTING_NS_Start + 0x6c):__OPTION_SETTING_NS_Start
 *(.option_setting_pbps3)
                0x0100a100                        __OPTION_SETTING_NS_End = .
                0x0100a200                        __tz_OPTION_SETTING_S_S = ORIGIN (OPTION_SETTING_S)

.option_setting_s
                0x0100a200       0xd0
                0x0100a200                        __OPTION_SETTING_S_Start = .
 *(.option_setting_ofs1_sec)
 .option_setting_ofs1_sec
                0x0100a200        0x4 ./ra/fsp/src/bsp/mcu/all/bsp_rom_registers.o
                0x0100a204                        . = PROJECT_SECURE_OR_FLAT?(__OPTION_SETTING_S_Start + 0x4):__OPTION_SETTING_S_Start
 *(.option_setting_ofs3_sec)
                0x0100a210                        . = PROJECT_SECURE_OR_FLAT?(__OPTION_SETTING_S_Start + 0x10):__OPTION_SETTING_S_Start
 *fill*         0x0100a204        0xc ff
 *(.option_setting_banksel_sec)
 .option_setting_banksel_sec
                0x0100a210        0x4 ./ra/fsp/src/bsp/mcu/all/bsp_rom_registers.o
                0x0100a240                        . = PROJECT_SECURE_OR_FLAT?(__OPTION_SETTING_S_Start + 0x40):__OPTION_SETTING_S_Start
 *fill*         0x0100a214       0x2c ff
 *(.option_setting_bps_sec0)
 .option_setting_bps_sec0
                0x0100a240        0x4 ./ra/fsp/src/bsp/mcu/all/bsp_rom_registers.o
                0x0100a244                        . = PROJECT_SECURE_OR_FLAT?(__OPTION_SETTING_S_Start + 0x44):__OPTION_SETTING_S_Start
 *(.option_setting_bps_sec1)
 .option_setting_bps_sec1
                0x0100a244        0x4 ./ra/fsp/src/bsp/mcu/all/bsp_rom_registers.o
                0x0100a248                        . = PROJECT_SECURE_OR_FLAT?(__OPTION_SETTING_S_Start + 0x48):__OPTION_SETTING_S_Start
 *(.option_setting_bps_sec2)
 .option_setting_bps_sec2
                0x0100a248        0x4 ./ra/fsp/src/bsp/mcu/all/bsp_rom_registers.o
                0x0100a24c                        . = PROJECT_SECURE_OR_FLAT?(__OPTION_SETTING_S_Start + 0x4c):__OPTION_SETTING_S_Start
 *(.option_setting_bps_sec3)
 .option_setting_bps_sec3
                0x0100a24c        0x4 ./ra/fsp/src/bsp/mcu/all/bsp_rom_registers.o
                0x0100a260                        . = PROJECT_SECURE_OR_FLAT?(__OPTION_SETTING_S_Start + 0x60):__OPTION_SETTING_S_Start
 *fill*         0x0100a250       0x10 ff
 *(.option_setting_pbps_sec0)
 .option_setting_pbps_sec0
                0x0100a260        0x4 ./ra/fsp/src/bsp/mcu/all/bsp_rom_registers.o
                0x0100a264                        . = PROJECT_SECURE_OR_FLAT?(__OPTION_SETTING_S_Start + 0x64):__OPTION_SETTING_S_Start
 *(.option_setting_pbps_sec1)
 .option_setting_pbps_sec1
                0x0100a264        0x4 ./ra/fsp/src/bsp/mcu/all/bsp_rom_registers.o
                0x0100a268                        . = PROJECT_SECURE_OR_FLAT?(__OPTION_SETTING_S_Start + 0x68):__OPTION_SETTING_S_Start
 *(.option_setting_pbps_sec2)
 .option_setting_pbps_sec2
                0x0100a268        0x4 ./ra/fsp/src/bsp/mcu/all/bsp_rom_registers.o
                0x0100a26c                        . = PROJECT_SECURE_OR_FLAT?(__OPTION_SETTING_S_Start + 0x6c):__OPTION_SETTING_S_Start
 *(.option_setting_pbps_sec3)
 .option_setting_pbps_sec3
                0x0100a26c        0x4 ./ra/fsp/src/bsp/mcu/all/bsp_rom_registers.o
                0x0100a280                        . = PROJECT_SECURE_OR_FLAT?(__OPTION_SETTING_S_Start + 0x80):__OPTION_SETTING_S_Start
 *fill*         0x0100a270       0x10 ff
 *(.option_setting_ofs1_sel)
 .option_setting_ofs1_sel
                0x0100a280        0x4 ./ra/fsp/src/bsp/mcu/all/bsp_rom_registers.o
                0x0100a284                        . = PROJECT_SECURE_OR_FLAT?(__OPTION_SETTING_S_Start + 0x84):__OPTION_SETTING_S_Start
 *(.option_setting_ofs3_sel)
                0x0100a290                        . = PROJECT_SECURE_OR_FLAT?(__OPTION_SETTING_S_Start + 0x90):__OPTION_SETTING_S_Start
 *fill*         0x0100a284        0xc ff
 *(.option_setting_banksel_sel)
 .option_setting_banksel_sel
                0x0100a290        0x4 ./ra/fsp/src/bsp/mcu/all/bsp_rom_registers.o
                0x0100a2c0                        . = PROJECT_SECURE_OR_FLAT?(__OPTION_SETTING_S_Start + 0xc0):__OPTION_SETTING_S_Start
 *fill*         0x0100a294       0x2c ff
 *(.option_setting_bps_sel0)
 .option_setting_bps_sel0
                0x0100a2c0        0x4 ./ra/fsp/src/bsp/mcu/all/bsp_rom_registers.o
                0x0100a2c4                        . = PROJECT_SECURE_OR_FLAT?(__OPTION_SETTING_S_Start + 0xc4):__OPTION_SETTING_S_Start
 *(.option_setting_bps_sel1)
 .option_setting_bps_sel1
                0x0100a2c4        0x4 ./ra/fsp/src/bsp/mcu/all/bsp_rom_registers.o
                0x0100a2c8                        . = PROJECT_SECURE_OR_FLAT?(__OPTION_SETTING_S_Start + 0xc8):__OPTION_SETTING_S_Start
 *(.option_setting_bps_sel2)
 .option_setting_bps_sel2
                0x0100a2c8        0x4 ./ra/fsp/src/bsp/mcu/all/bsp_rom_registers.o
                0x0100a2cc                        . = PROJECT_SECURE_OR_FLAT?(__OPTION_SETTING_S_Start + 0xcc):__OPTION_SETTING_S_Start
 *(.option_setting_bps_sel3)
 .option_setting_bps_sel3
                0x0100a2cc        0x4 ./ra/fsp/src/bsp/mcu/all/bsp_rom_registers.o
                0x0100a2d0                        __OPTION_SETTING_S_End = .
                0x0100a2d0                        __tz_OPTION_SETTING_S_N = __OPTION_SETTING_S_End
OUTPUT(PrintDataTeraTermUART.elf elf32-littlearm)
LOAD linker stubs

.rel.dyn        0x0100a2d0        0x0
 .rel.iplt      0x0100a2d0        0x0 C:/Users/admin/AppData/Local/Programs/Renesas/RA/e2studio_v2024-04_fsp_v5.4.0/toolchains/gcc_arm/13.2.rel1/bin/../lib/gcc/arm-none-eabi/13.2.1/thumb/v8-m.main+fp/hard/crtbegin.o

.ARM.attributes
                0x00000000       0x36
 .ARM.attributes
                0x00000000       0x26 C:/Users/admin/AppData/Local/Programs/Renesas/RA/e2studio_v2024-04_fsp_v5.4.0/toolchains/gcc_arm/13.2.rel1/bin/../lib/gcc/arm-none-eabi/13.2.1/thumb/v8-m.main+fp/hard/crti.o
 .ARM.attributes
                0x00000026       0x38 C:/Users/admin/AppData/Local/Programs/Renesas/RA/e2studio_v2024-04_fsp_v5.4.0/toolchains/gcc_arm/13.2.rel1/bin/../lib/gcc/arm-none-eabi/13.2.1/thumb/v8-m.main+fp/hard/crtbegin.o
 .ARM.attributes
                0x0000005e       0x3a ./src/hal_entry.o
 .ARM.attributes
                0x00000098       0x3a ./ra_gen/common_data.o
 .ARM.attributes
                0x000000d2       0x3a ./ra_gen/hal_data.o
 .ARM.attributes
                0x0000010c       0x3a ./ra_gen/main.o
 .ARM.attributes
                0x00000146       0x3a ./ra_gen/pin_data.o
 .ARM.attributes
                0x00000180       0x3a ./ra_gen/vector_data.o
 .ARM.attributes
                0x000001ba       0x3a ./ra/fsp/src/rm_hs300x/rm_hs300x.o
 .ARM.attributes
                0x000001f4       0x3a ./ra/fsp/src/rm_comms_i2c/rm_comms_i2c.o
 .ARM.attributes
                0x0000022e       0x3a ./ra/fsp/src/rm_comms_i2c/rm_comms_i2c_driver_ra.o
 .ARM.attributes
                0x00000268       0x3a ./ra/fsp/src/r_sci_uart/r_sci_uart.o
 .ARM.attributes
                0x000002a2       0x3a ./ra/fsp/src/r_ioport/r_ioport.o
 .ARM.attributes
                0x000002dc       0x3a ./ra/fsp/src/r_iic_master/r_iic_master.o
 .ARM.attributes
                0x00000316       0x3a ./ra/fsp/src/bsp/mcu/all/bsp_clocks.o
 .ARM.attributes
                0x00000350       0x3a ./ra/fsp/src/bsp/mcu/all/bsp_common.o
 .ARM.attributes
                0x0000038a       0x3a ./ra/fsp/src/bsp/mcu/all/bsp_delay.o
 .ARM.attributes
                0x000003c4       0x3a ./ra/fsp/src/bsp/mcu/all/bsp_group_irq.o
 .ARM.attributes
                0x000003fe       0x3a ./ra/fsp/src/bsp/mcu/all/bsp_io.o
 .ARM.attributes
                0x00000438       0x3a ./ra/fsp/src/bsp/mcu/all/bsp_irq.o
 .ARM.attributes
                0x00000472       0x3a ./ra/fsp/src/bsp/mcu/all/bsp_register_protection.o
 .ARM.attributes
                0x000004ac       0x3a ./ra/fsp/src/bsp/mcu/all/bsp_rom_registers.o
 .ARM.attributes
                0x000004e6       0x3a ./ra/fsp/src/bsp/mcu/all/bsp_sbrk.o
 .ARM.attributes
                0x00000520       0x3a ./ra/fsp/src/bsp/cmsis/Device/RENESAS/Source/startup.o
 .ARM.attributes
                0x0000055a       0x3a ./ra/fsp/src/bsp/cmsis/Device/RENESAS/Source/system.o
 .ARM.attributes
                0x00000594       0x3a ./ra/board/ra6m5_ck/board_init.o
 .ARM.attributes
                0x000005ce       0x3a ./ra/board/ra6m5_ck/board_leds.o
 .ARM.attributes
                0x00000608       0x38 C:/Users/admin/AppData/Local/Programs/Renesas/RA/e2studio_v2024-04_fsp_v5.4.0/toolchains/gcc_arm/13.2.rel1/bin/../lib/gcc/arm-none-eabi/13.2.1/thumb/v8-m.main+fp/hard\libg_nano.a(libc_a-findfp.o)
 .ARM.attributes
                0x00000640       0x38 C:/Users/admin/AppData/Local/Programs/Renesas/RA/e2studio_v2024-04_fsp_v5.4.0/toolchains/gcc_arm/13.2.rel1/bin/../lib/gcc/arm-none-eabi/13.2.1/thumb/v8-m.main+fp/hard\libg_nano.a(libc_a-sprintf.o)
 .ARM.attributes
                0x00000678       0x38 C:/Users/admin/AppData/Local/Programs/Renesas/RA/e2studio_v2024-04_fsp_v5.4.0/toolchains/gcc_arm/13.2.rel1/bin/../lib/gcc/arm-none-eabi/13.2.1/thumb/v8-m.main+fp/hard\libg_nano.a(libc_a-memset.o)
 .ARM.attributes
                0x000006b0       0x38 C:/Users/admin/AppData/Local/Programs/Renesas/RA/e2studio_v2024-04_fsp_v5.4.0/toolchains/gcc_arm/13.2.rel1/bin/../lib/gcc/arm-none-eabi/13.2.1/thumb/v8-m.main+fp/hard\libg_nano.a(libc_a-reent.o)
 .ARM.attributes
                0x000006e8       0x38 C:/Users/admin/AppData/Local/Programs/Renesas/RA/e2studio_v2024-04_fsp_v5.4.0/toolchains/gcc_arm/13.2.rel1/bin/../lib/gcc/arm-none-eabi/13.2.1/thumb/v8-m.main+fp/hard\libg_nano.a(libc_a-impure.o)
 .ARM.attributes
                0x00000720       0x38 C:/Users/admin/AppData/Local/Programs/Renesas/RA/e2studio_v2024-04_fsp_v5.4.0/toolchains/gcc_arm/13.2.rel1/bin/../lib/gcc/arm-none-eabi/13.2.1/thumb/v8-m.main+fp/hard\libg_nano.a(libc_a-errno.o)
 .ARM.attributes
                0x00000758       0x38 C:/Users/admin/AppData/Local/Programs/Renesas/RA/e2studio_v2024-04_fsp_v5.4.0/toolchains/gcc_arm/13.2.rel1/bin/../lib/gcc/arm-none-eabi/13.2.1/thumb/v8-m.main+fp/hard\libg_nano.a(libc_a-lock.o)
 .ARM.attributes
                0x00000790       0x38 C:/Users/admin/AppData/Local/Programs/Renesas/RA/e2studio_v2024-04_fsp_v5.4.0/toolchains/gcc_arm/13.2.rel1/bin/../lib/gcc/arm-none-eabi/13.2.1/thumb/v8-m.main+fp/hard\libg_nano.a(libc_a-memcpy-stub.o)
 .ARM.attributes
                0x000007c8       0x24 C:/Users/admin/AppData/Local/Programs/Renesas/RA/e2studio_v2024-04_fsp_v5.4.0/toolchains/gcc_arm/13.2.rel1/bin/../lib/gcc/arm-none-eabi/13.2.1/thumb/v8-m.main+fp/hard\libg_nano.a(libc_a-strlen.o)
 .ARM.attributes
                0x000007ec       0x38 C:/Users/admin/AppData/Local/Programs/Renesas/RA/e2studio_v2024-04_fsp_v5.4.0/toolchains/gcc_arm/13.2.rel1/bin/../lib/gcc/arm-none-eabi/13.2.1/thumb/v8-m.main+fp/hard\libg_nano.a(libc_a-freer.o)
 .ARM.attributes
                0x00000824       0x38 C:/Users/admin/AppData/Local/Programs/Renesas/RA/e2studio_v2024-04_fsp_v5.4.0/toolchains/gcc_arm/13.2.rel1/bin/../lib/gcc/arm-none-eabi/13.2.1/thumb/v8-m.main+fp/hard\libg_nano.a(libc_a-mallocr.o)
 .ARM.attributes
                0x0000085c       0x38 C:/Users/admin/AppData/Local/Programs/Renesas/RA/e2studio_v2024-04_fsp_v5.4.0/toolchains/gcc_arm/13.2.rel1/bin/../lib/gcc/arm-none-eabi/13.2.1/thumb/v8-m.main+fp/hard\libg_nano.a(libc_a-mlock.o)
 .ARM.attributes
                0x00000894       0x38 C:/Users/admin/AppData/Local/Programs/Renesas/RA/e2studio_v2024-04_fsp_v5.4.0/toolchains/gcc_arm/13.2.rel1/bin/../lib/gcc/arm-none-eabi/13.2.1/thumb/v8-m.main+fp/hard\libg_nano.a(libc_a-nano-svfprintf.o)
 .ARM.attributes
                0x000008cc       0x38 C:/Users/admin/AppData/Local/Programs/Renesas/RA/e2studio_v2024-04_fsp_v5.4.0/toolchains/gcc_arm/13.2.rel1/bin/../lib/gcc/arm-none-eabi/13.2.1/thumb/v8-m.main+fp/hard\libg_nano.a(libc_a-nano-vfprintf_i.o)
 .ARM.attributes
                0x00000904       0x38 C:/Users/admin/AppData/Local/Programs/Renesas/RA/e2studio_v2024-04_fsp_v5.4.0/toolchains/gcc_arm/13.2.rel1/bin/../lib/gcc/arm-none-eabi/13.2.1/thumb/v8-m.main+fp/hard\libg_nano.a(libc_a-memmove.o)
 .ARM.attributes
                0x0000093c       0x38 C:/Users/admin/AppData/Local/Programs/Renesas/RA/e2studio_v2024-04_fsp_v5.4.0/toolchains/gcc_arm/13.2.rel1/bin/../lib/gcc/arm-none-eabi/13.2.1/thumb/v8-m.main+fp/hard\libg_nano.a(libc_a-sbrkr.o)
 .ARM.attributes
                0x00000974       0x38 C:/Users/admin/AppData/Local/Programs/Renesas/RA/e2studio_v2024-04_fsp_v5.4.0/toolchains/gcc_arm/13.2.rel1/bin/../lib/gcc/arm-none-eabi/13.2.1/thumb/v8-m.main+fp/hard\libg_nano.a(libc_a-memchr-stub.o)
 .ARM.attributes
                0x000009ac       0x38 C:/Users/admin/AppData/Local/Programs/Renesas/RA/e2studio_v2024-04_fsp_v5.4.0/toolchains/gcc_arm/13.2.rel1/bin/../lib/gcc/arm-none-eabi/13.2.1/thumb/v8-m.main+fp/hard\libg_nano.a(libc_a-reallocr.o)
 .ARM.attributes
                0x000009e4       0x38 C:/Users/admin/AppData/Local/Programs/Renesas/RA/e2studio_v2024-04_fsp_v5.4.0/toolchains/gcc_arm/13.2.rel1/bin/../lib/gcc/arm-none-eabi/13.2.1/thumb/v8-m.main+fp/hard\libg_nano.a(libc_a-msizer.o)
 .ARM.attributes
                0x00000a1c       0x38 C:/Users/admin/AppData/Local/Programs/Renesas/RA/e2studio_v2024-04_fsp_v5.4.0/toolchains/gcc_arm/13.2.rel1/bin/../lib/gcc/arm-none-eabi/13.2.1/thumb/v8-m.main+fp/hard/crtend.o
 .ARM.attributes
                0x00000a54       0x26 C:/Users/admin/AppData/Local/Programs/Renesas/RA/e2studio_v2024-04_fsp_v5.4.0/toolchains/gcc_arm/13.2.rel1/bin/../lib/gcc/arm-none-eabi/13.2.1/thumb/v8-m.main+fp/hard/crtn.o

.comment        0x00000000       0x44
 .comment       0x00000000       0x44 ./src/hal_entry.o
                                 0x45 (size before relaxing)
 .comment       0x00000044       0x45 ./ra_gen/common_data.o
 .comment       0x00000044       0x45 ./ra_gen/hal_data.o
 .comment       0x00000044       0x45 ./ra_gen/main.o
 .comment       0x00000044       0x45 ./ra_gen/pin_data.o
 .comment       0x00000044       0x45 ./ra_gen/vector_data.o
 .comment       0x00000044       0x45 ./ra/fsp/src/rm_hs300x/rm_hs300x.o
 .comment       0x00000044       0x45 ./ra/fsp/src/rm_comms_i2c/rm_comms_i2c.o
 .comment       0x00000044       0x45 ./ra/fsp/src/rm_comms_i2c/rm_comms_i2c_driver_ra.o
 .comment       0x00000044       0x45 ./ra/fsp/src/r_sci_uart/r_sci_uart.o
 .comment       0x00000044       0x45 ./ra/fsp/src/r_ioport/r_ioport.o
 .comment       0x00000044       0x45 ./ra/fsp/src/r_iic_master/r_iic_master.o
 .comment       0x00000044       0x45 ./ra/fsp/src/bsp/mcu/all/bsp_clocks.o
 .comment       0x00000044       0x45 ./ra/fsp/src/bsp/mcu/all/bsp_common.o
 .comment       0x00000044       0x45 ./ra/fsp/src/bsp/mcu/all/bsp_delay.o
 .comment       0x00000044       0x45 ./ra/fsp/src/bsp/mcu/all/bsp_group_irq.o
 .comment       0x00000044       0x45 ./ra/fsp/src/bsp/mcu/all/bsp_io.o
 .comment       0x00000044       0x45 ./ra/fsp/src/bsp/mcu/all/bsp_irq.o
 .comment       0x00000044       0x45 ./ra/fsp/src/bsp/mcu/all/bsp_register_protection.o
 .comment       0x00000044       0x45 ./ra/fsp/src/bsp/mcu/all/bsp_rom_registers.o
 .comment       0x00000044       0x45 ./ra/fsp/src/bsp/mcu/all/bsp_sbrk.o
 .comment       0x00000044       0x45 ./ra/fsp/src/bsp/cmsis/Device/RENESAS/Source/startup.o
 .comment       0x00000044       0x45 ./ra/fsp/src/bsp/cmsis/Device/RENESAS/Source/system.o
 .comment       0x00000044       0x45 ./ra/board/ra6m5_ck/board_init.o
 .comment       0x00000044       0x45 ./ra/board/ra6m5_ck/board_leds.o

.debug_info     0x00000000    0x35f20
 .debug_info    0x00000000     0x3eb3 ./src/hal_entry.o
 .debug_info    0x00003eb3     0x26e4 ./ra_gen/common_data.o
 .debug_info    0x00006597     0x3c7e ./ra_gen/hal_data.o
 .debug_info    0x0000a215       0xb1 ./ra_gen/main.o
 .debug_info    0x0000a2c6      0xa21 ./ra_gen/pin_data.o
 .debug_info    0x0000ace7      0x895 ./ra_gen/vector_data.o
 .debug_info    0x0000b57c     0x1228 ./ra/fsp/src/rm_hs300x/rm_hs300x.o
 .debug_info    0x0000c7a4      0xdc4 ./ra/fsp/src/rm_comms_i2c/rm_comms_i2c.o
 .debug_info    0x0000d568     0x17d1 ./ra/fsp/src/rm_comms_i2c/rm_comms_i2c_driver_ra.o
 .debug_info    0x0000ed39     0x9bf9 ./ra/fsp/src/r_sci_uart/r_sci_uart.o
 .debug_info    0x00018932     0x65a8 ./ra/fsp/src/r_ioport/r_ioport.o
 .debug_info    0x0001eeda     0x856e ./ra/fsp/src/r_iic_master/r_iic_master.o
 .debug_info    0x00027448     0x566e ./ra/fsp/src/bsp/mcu/all/bsp_clocks.o
 .debug_info    0x0002cab6      0x93b ./ra/fsp/src/bsp/mcu/all/bsp_common.o
 .debug_info    0x0002d3f1      0x1e2 ./ra/fsp/src/bsp/mcu/all/bsp_delay.o
 .debug_info    0x0002d5d3     0x132f ./ra/fsp/src/bsp/mcu/all/bsp_group_irq.o
 .debug_info    0x0002e902       0xb2 ./ra/fsp/src/bsp/mcu/all/bsp_io.o
 .debug_info    0x0002e9b4     0x1f97 ./ra/fsp/src/bsp/mcu/all/bsp_irq.o
 .debug_info    0x0003094b     0x390c ./ra/fsp/src/bsp/mcu/all/bsp_register_protection.o
 .debug_info    0x00034257      0x1da ./ra/fsp/src/bsp/mcu/all/bsp_rom_registers.o
 .debug_info    0x00034431      0x142 ./ra/fsp/src/bsp/mcu/all/bsp_sbrk.o
 .debug_info    0x00034573      0x168 ./ra/fsp/src/bsp/cmsis/Device/RENESAS/Source/startup.o
 .debug_info    0x000346db     0x1002 ./ra/fsp/src/bsp/cmsis/Device/RENESAS/Source/system.o
 .debug_info    0x000356dd       0xa5 ./ra/board/ra6m5_ck/board_init.o
 .debug_info    0x00035782      0x79e ./ra/board/ra6m5_ck/board_leds.o

.debug_abbrev   0x00000000     0x387c
 .debug_abbrev  0x00000000      0x49b ./src/hal_entry.o
 .debug_abbrev  0x0000049b      0x2a1 ./ra_gen/common_data.o
 .debug_abbrev  0x0000073c      0x2a1 ./ra_gen/hal_data.o
 .debug_abbrev  0x000009dd       0x61 ./ra_gen/main.o
 .debug_abbrev  0x00000a3e       0xff ./ra_gen/pin_data.o
 .debug_abbrev  0x00000b3d       0xbd ./ra_gen/vector_data.o
 .debug_abbrev  0x00000bfa      0x2c0 ./ra/fsp/src/rm_hs300x/rm_hs300x.o
 .debug_abbrev  0x00000eba      0x1bb ./ra/fsp/src/rm_comms_i2c/rm_comms_i2c.o
 .debug_abbrev  0x00001075      0x33e ./ra/fsp/src/rm_comms_i2c/rm_comms_i2c_driver_ra.o
 .debug_abbrev  0x000013b3      0x5e5 ./ra/fsp/src/r_sci_uart/r_sci_uart.o
 .debug_abbrev  0x00001998      0x490 ./ra/fsp/src/r_ioport/r_ioport.o
 .debug_abbrev  0x00001e28      0x61b ./ra/fsp/src/r_iic_master/r_iic_master.o
 .debug_abbrev  0x00002443      0x3cf ./ra/fsp/src/bsp/mcu/all/bsp_clocks.o
 .debug_abbrev  0x00002812      0x188 ./ra/fsp/src/bsp/mcu/all/bsp_common.o
 .debug_abbrev  0x0000299a      0x113 ./ra/fsp/src/bsp/mcu/all/bsp_delay.o
 .debug_abbrev  0x00002aad      0x256 ./ra/fsp/src/bsp/mcu/all/bsp_group_irq.o
 .debug_abbrev  0x00002d03       0x5e ./ra/fsp/src/bsp/mcu/all/bsp_io.o
 .debug_abbrev  0x00002d61      0x28a ./ra/fsp/src/bsp/mcu/all/bsp_irq.o
 .debug_abbrev  0x00002feb      0x27d ./ra/fsp/src/bsp/mcu/all/bsp_register_protection.o
 .debug_abbrev  0x00003268       0x4e ./ra/fsp/src/bsp/mcu/all/bsp_rom_registers.o
 .debug_abbrev  0x000032b6       0xce ./ra/fsp/src/bsp/mcu/all/bsp_sbrk.o
 .debug_abbrev  0x00003384       0xf5 ./ra/fsp/src/bsp/cmsis/Device/RENESAS/Source/startup.o
 .debug_abbrev  0x00003479      0x2e2 ./ra/fsp/src/bsp/cmsis/Device/RENESAS/Source/system.o
 .debug_abbrev  0x0000375b       0x5b ./ra/board/ra6m5_ck/board_init.o
 .debug_abbrev  0x000037b6       0xc6 ./ra/board/ra6m5_ck/board_leds.o

.debug_loclists
                0x00000000     0x3570
 .debug_loclists
                0x00000000      0x199 ./src/hal_entry.o
 .debug_loclists
                0x00000199      0x462 ./ra/fsp/src/rm_hs300x/rm_hs300x.o
 .debug_loclists
                0x000005fb      0x1b8 ./ra/fsp/src/rm_comms_i2c/rm_comms_i2c.o
 .debug_loclists
                0x000007b3      0x517 ./ra/fsp/src/rm_comms_i2c/rm_comms_i2c_driver_ra.o
 .debug_loclists
                0x00000cca      0xe1c ./ra/fsp/src/r_sci_uart/r_sci_uart.o
 .debug_loclists
                0x00001ae6      0x7a3 ./ra/fsp/src/r_ioport/r_ioport.o
 .debug_loclists
                0x00002289      0xc96 ./ra/fsp/src/r_iic_master/r_iic_master.o
 .debug_loclists
                0x00002f1f      0x208 ./ra/fsp/src/bsp/mcu/all/bsp_clocks.o
 .debug_loclists
                0x00003127       0x20 ./ra/fsp/src/bsp/mcu/all/bsp_common.o
 .debug_loclists
                0x00003147      0x11c ./ra/fsp/src/bsp/mcu/all/bsp_delay.o
 .debug_loclists
                0x00003263       0x73 ./ra/fsp/src/bsp/mcu/all/bsp_group_irq.o
 .debug_loclists
                0x000032d6       0xad ./ra/fsp/src/bsp/mcu/all/bsp_irq.o
 .debug_loclists
                0x00003383       0xa7 ./ra/fsp/src/bsp/mcu/all/bsp_register_protection.o
 .debug_loclists
                0x0000342a       0xbd ./ra/fsp/src/bsp/mcu/all/bsp_sbrk.o
 .debug_loclists
                0x000034e7       0x89 ./ra/fsp/src/bsp/cmsis/Device/RENESAS/Source/system.o

.debug_aranges  0x00000000      0x578
 .debug_aranges
                0x00000000       0x40 ./src/hal_entry.o
 .debug_aranges
                0x00000040       0x20 ./ra_gen/common_data.o
 .debug_aranges
                0x00000060       0x20 ./ra_gen/hal_data.o
 .debug_aranges
                0x00000080       0x20 ./ra_gen/main.o
 .debug_aranges
                0x000000a0       0x18 ./ra_gen/pin_data.o
 .debug_aranges
                0x000000b8       0x18 ./ra_gen/vector_data.o
 .debug_aranges
                0x000000d0       0x68 ./ra/fsp/src/rm_hs300x/rm_hs300x.o
 .debug_aranges
                0x00000138       0x40 ./ra/fsp/src/rm_comms_i2c/rm_comms_i2c.o
 .debug_aranges
                0x00000178       0x50 ./ra/fsp/src/rm_comms_i2c/rm_comms_i2c_driver_ra.o
 .debug_aranges
                0x000001c8       0x90 ./ra/fsp/src/r_sci_uart/r_sci_uart.o
 .debug_aranges
                0x00000258       0x90 ./ra/fsp/src/r_ioport/r_ioport.o
 .debug_aranges
                0x000002e8       0x90 ./ra/fsp/src/r_iic_master/r_iic_master.o
 .debug_aranges
                0x00000378       0x60 ./ra/fsp/src/bsp/mcu/all/bsp_clocks.o
 .debug_aranges
                0x000003d8       0x30 ./ra/fsp/src/bsp/mcu/all/bsp_common.o
 .debug_aranges
                0x00000408       0x28 ./ra/fsp/src/bsp/mcu/all/bsp_delay.o
 .debug_aranges
                0x00000430       0x28 ./ra/fsp/src/bsp/mcu/all/bsp_group_irq.o
 .debug_aranges
                0x00000458       0x18 ./ra/fsp/src/bsp/mcu/all/bsp_io.o
 .debug_aranges
                0x00000470       0x20 ./ra/fsp/src/bsp/mcu/all/bsp_irq.o
 .debug_aranges
                0x00000490       0x28 ./ra/fsp/src/bsp/mcu/all/bsp_register_protection.o
 .debug_aranges
                0x000004b8       0x18 ./ra/fsp/src/bsp/mcu/all/bsp_rom_registers.o
 .debug_aranges
                0x000004d0       0x20 ./ra/fsp/src/bsp/mcu/all/bsp_sbrk.o
 .debug_aranges
                0x000004f0       0x28 ./ra/fsp/src/bsp/cmsis/Device/RENESAS/Source/startup.o
 .debug_aranges
                0x00000518       0x28 ./ra/fsp/src/bsp/cmsis/Device/RENESAS/Source/system.o
 .debug_aranges
                0x00000540       0x20 ./ra/board/ra6m5_ck/board_init.o
 .debug_aranges
                0x00000560       0x18 ./ra/board/ra6m5_ck/board_leds.o

.debug_rnglists
                0x00000000      0x99c
 .debug_rnglists
                0x00000000       0x49 ./src/hal_entry.o
 .debug_rnglists
                0x00000049       0x13 ./ra_gen/common_data.o
 .debug_rnglists
                0x0000005c       0x13 ./ra_gen/hal_data.o
 .debug_rnglists
                0x0000006f       0x13 ./ra_gen/main.o
 .debug_rnglists
                0x00000082       0x4a ./ra/fsp/src/rm_hs300x/rm_hs300x.o
 .debug_rnglists
                0x000000cc       0x2b ./ra/fsp/src/rm_comms_i2c/rm_comms_i2c.o
 .debug_rnglists
                0x000000f7       0x4f ./ra/fsp/src/rm_comms_i2c/rm_comms_i2c_driver_ra.o
 .debug_rnglists
                0x00000146      0x26c ./ra/fsp/src/r_sci_uart/r_sci_uart.o
 .debug_rnglists
                0x000003b2       0xbc ./ra/fsp/src/r_ioport/r_ioport.o
 .debug_rnglists
                0x0000046e      0x30b ./ra/fsp/src/r_iic_master/r_iic_master.o
 .debug_rnglists
                0x00000779       0xc8 ./ra/fsp/src/bsp/mcu/all/bsp_clocks.o
 .debug_rnglists
                0x00000841       0x1f ./ra/fsp/src/bsp/mcu/all/bsp_common.o
 .debug_rnglists
                0x00000860       0x2e ./ra/fsp/src/bsp/mcu/all/bsp_delay.o
 .debug_rnglists
                0x0000088e       0x37 ./ra/fsp/src/bsp/mcu/all/bsp_group_irq.o
 .debug_rnglists
                0x000008c5       0x41 ./ra/fsp/src/bsp/mcu/all/bsp_irq.o
 .debug_rnglists
                0x00000906       0x31 ./ra/fsp/src/bsp/mcu/all/bsp_register_protection.o
 .debug_rnglists
                0x00000937       0x13 ./ra/fsp/src/bsp/mcu/all/bsp_sbrk.o
 .debug_rnglists
                0x0000094a       0x19 ./ra/fsp/src/bsp/cmsis/Device/RENESAS/Source/startup.o
 .debug_rnglists
                0x00000963       0x26 ./ra/fsp/src/bsp/cmsis/Device/RENESAS/Source/system.o
 .debug_rnglists
                0x00000989       0x13 ./ra/board/ra6m5_ck/board_init.o

.debug_line     0x00000000     0x8fb6
 .debug_line    0x00000000      0x974 ./src/hal_entry.o
 .debug_line    0x00000974      0x400 ./ra_gen/common_data.o
 .debug_line    0x00000d74      0x3be ./ra_gen/hal_data.o
 .debug_line    0x00001132       0x5e ./ra_gen/main.o
 .debug_line    0x00001190      0x27c ./ra_gen/pin_data.o
 .debug_line    0x0000140c      0x156 ./ra_gen/vector_data.o
 .debug_line    0x00001562      0x517 ./ra/fsp/src/rm_hs300x/rm_hs300x.o
 .debug_line    0x00001a79      0x365 ./ra/fsp/src/rm_comms_i2c/rm_comms_i2c.o
 .debug_line    0x00001dde      0x5f3 ./ra/fsp/src/rm_comms_i2c/rm_comms_i2c_driver_ra.o
 .debug_line    0x000023d1     0x198a ./ra/fsp/src/r_sci_uart/r_sci_uart.o
 .debug_line    0x00003d5b      0xb37 ./ra/fsp/src/r_ioport/r_ioport.o
 .debug_line    0x00004892     0x1a24 ./ra/fsp/src/r_iic_master/r_iic_master.o
 .debug_line    0x000062b6      0x89b ./ra/fsp/src/bsp/mcu/all/bsp_clocks.o
 .debug_line    0x00006b51      0x322 ./ra/fsp/src/bsp/mcu/all/bsp_common.o
 .debug_line    0x00006e73      0x309 ./ra/fsp/src/bsp/mcu/all/bsp_delay.o
 .debug_line    0x0000717c      0x376 ./ra/fsp/src/bsp/mcu/all/bsp_group_irq.o
 .debug_line    0x000074f2      0x1d0 ./ra/fsp/src/bsp/mcu/all/bsp_io.o
 .debug_line    0x000076c2      0x5d7 ./ra/fsp/src/bsp/mcu/all/bsp_irq.o
 .debug_line    0x00007c99      0x42c ./ra/fsp/src/bsp/mcu/all/bsp_register_protection.o
 .debug_line    0x000080c5      0x17d ./ra/fsp/src/bsp/mcu/all/bsp_rom_registers.o
 .debug_line    0x00008242      0x214 ./ra/fsp/src/bsp/mcu/all/bsp_sbrk.o
 .debug_line    0x00008456      0x23c ./ra/fsp/src/bsp/cmsis/Device/RENESAS/Source/startup.o
 .debug_line    0x00008692      0x69e ./ra/fsp/src/bsp/cmsis/Device/RENESAS/Source/system.o
 .debug_line    0x00008d30       0x5a ./ra/board/ra6m5_ck/board_init.o
 .debug_line    0x00008d8a      0x22c ./ra/board/ra6m5_ck/board_leds.o

.debug_str      0x00000000     0xc9d5
 .debug_str     0x00000000     0xc9d5 ./src/hal_entry.o
                               0x4aa4 (size before relaxing)
 .debug_str     0x0000c9d5     0x4242 ./ra_gen/common_data.o
 .debug_str     0x0000c9d5     0x4fbc ./ra_gen/hal_data.o
 .debug_str     0x0000c9d5      0x1ed ./ra_gen/main.o
 .debug_str     0x0000c9d5     0x1d90 ./ra_gen/pin_data.o
 .debug_str     0x0000c9d5     0x1d90 ./ra_gen/vector_data.o
 .debug_str     0x0000c9d5     0x22cf ./ra/fsp/src/rm_hs300x/rm_hs300x.o
 .debug_str     0x0000c9d5     0x1f1e ./ra/fsp/src/rm_comms_i2c/rm_comms_i2c.o
 .debug_str     0x0000c9d5     0x27dc ./ra/fsp/src/rm_comms_i2c/rm_comms_i2c_driver_ra.o
 .debug_str     0x0000c9d5     0x6be2 ./ra/fsp/src/r_sci_uart/r_sci_uart.o
 .debug_str     0x0000c9d5     0x588b ./ra/fsp/src/r_ioport/r_ioport.o
 .debug_str     0x0000c9d5     0x4f17 ./ra/fsp/src/r_iic_master/r_iic_master.o
 .debug_str     0x0000c9d5     0x26d0 ./ra/fsp/src/bsp/mcu/all/bsp_clocks.o
 .debug_str     0x0000c9d5     0x1c3a ./ra/fsp/src/bsp/mcu/all/bsp_common.o
 .debug_str     0x0000c9d5      0x316 ./ra/fsp/src/bsp/mcu/all/bsp_delay.o
 .debug_str     0x0000c9d5     0x21a1 ./ra/fsp/src/bsp/mcu/all/bsp_group_irq.o
 .debug_str     0x0000c9d5      0x216 ./ra/fsp/src/bsp/mcu/all/bsp_io.o
 .debug_str     0x0000c9d5     0x271c ./ra/fsp/src/bsp/mcu/all/bsp_irq.o
 .debug_str     0x0000c9d5     0x1b6d ./ra/fsp/src/bsp/mcu/all/bsp_register_protection.o
 .debug_str     0x0000c9d5      0x372 ./ra/fsp/src/bsp/mcu/all/bsp_rom_registers.o
 .debug_str     0x0000c9d5      0x277 ./ra/fsp/src/bsp/mcu/all/bsp_sbrk.o
 .debug_str     0x0000c9d5      0x27e ./ra/fsp/src/bsp/cmsis/Device/RENESAS/Source/startup.o
 .debug_str     0x0000c9d5      0x980 ./ra/fsp/src/bsp/cmsis/Device/RENESAS/Source/system.o
 .debug_str     0x0000c9d5      0x1f9 ./ra/board/ra6m5_ck/board_init.o
 .debug_str     0x0000c9d5     0x16f3 ./ra/board/ra6m5_ck/board_leds.o

.debug_frame    0x00000000     0x10ac
 .debug_frame   0x00000000       0x84 ./src/hal_entry.o
 .debug_frame   0x00000084       0x20 ./ra_gen/common_data.o
 .debug_frame   0x000000a4       0x20 ./ra_gen/hal_data.o
 .debug_frame   0x000000c4       0x28 ./ra_gen/main.o
 .debug_frame   0x000000ec      0x104 ./ra/fsp/src/rm_hs300x/rm_hs300x.o
 .debug_frame   0x000001f0       0x74 ./ra/fsp/src/rm_comms_i2c/rm_comms_i2c.o
 .debug_frame   0x00000264      0x114 ./ra/fsp/src/rm_comms_i2c/rm_comms_i2c_driver_ra.o
 .debug_frame   0x00000378      0x1b8 ./ra/fsp/src/r_sci_uart/r_sci_uart.o
 .debug_frame   0x00000530      0x17c ./ra/fsp/src/r_ioport/r_ioport.o
 .debug_frame   0x000006ac      0x1a0 ./ra/fsp/src/r_iic_master/r_iic_master.o
 .debug_frame   0x0000084c       0xe0 ./ra/fsp/src/bsp/mcu/all/bsp_clocks.o
 .debug_frame   0x0000092c       0x40 ./ra/fsp/src/bsp/mcu/all/bsp_common.o
 .debug_frame   0x0000096c       0x48 ./ra/fsp/src/bsp/mcu/all/bsp_delay.o
 .debug_frame   0x000009b4       0x3c ./ra/fsp/src/bsp/mcu/all/bsp_group_irq.o
 .debug_frame   0x000009f0       0x30 ./ra/fsp/src/bsp/mcu/all/bsp_irq.o
 .debug_frame   0x00000a20       0x48 ./ra/fsp/src/bsp/mcu/all/bsp_register_protection.o
 .debug_frame   0x00000a68       0x28 ./ra/fsp/src/bsp/mcu/all/bsp_sbrk.o
 .debug_frame   0x00000a90       0x38 ./ra/fsp/src/bsp/cmsis/Device/RENESAS/Source/startup.o
 .debug_frame   0x00000ac8       0x44 ./ra/fsp/src/bsp/cmsis/Device/RENESAS/Source/system.o
 .debug_frame   0x00000b0c       0x20 ./ra/board/ra6m5_ck/board_init.o
 .debug_frame   0x00000b2c      0x144 C:/Users/admin/AppData/Local/Programs/Renesas/RA/e2studio_v2024-04_fsp_v5.4.0/toolchains/gcc_arm/13.2.rel1/bin/../lib/gcc/arm-none-eabi/13.2.1/thumb/v8-m.main+fp/hard\libg_nano.a(libc_a-findfp.o)
 .debug_frame   0x00000c70       0x6c C:/Users/admin/AppData/Local/Programs/Renesas/RA/e2studio_v2024-04_fsp_v5.4.0/toolchains/gcc_arm/13.2.rel1/bin/../lib/gcc/arm-none-eabi/13.2.1/thumb/v8-m.main+fp/hard\libg_nano.a(libc_a-sprintf.o)
 .debug_frame   0x00000cdc       0x20 C:/Users/admin/AppData/Local/Programs/Renesas/RA/e2studio_v2024-04_fsp_v5.4.0/toolchains/gcc_arm/13.2.rel1/bin/../lib/gcc/arm-none-eabi/13.2.1/thumb/v8-m.main+fp/hard\libg_nano.a(libc_a-memset.o)
 .debug_frame   0x00000cfc       0x38 C:/Users/admin/AppData/Local/Programs/Renesas/RA/e2studio_v2024-04_fsp_v5.4.0/toolchains/gcc_arm/13.2.rel1/bin/../lib/gcc/arm-none-eabi/13.2.1/thumb/v8-m.main+fp/hard\libg_nano.a(libc_a-reent.o)
 .debug_frame   0x00000d34       0x20 C:/Users/admin/AppData/Local/Programs/Renesas/RA/e2studio_v2024-04_fsp_v5.4.0/toolchains/gcc_arm/13.2.rel1/bin/../lib/gcc/arm-none-eabi/13.2.1/thumb/v8-m.main+fp/hard\libg_nano.a(libc_a-errno.o)
 .debug_frame   0x00000d54       0xb0 C:/Users/admin/AppData/Local/Programs/Renesas/RA/e2studio_v2024-04_fsp_v5.4.0/toolchains/gcc_arm/13.2.rel1/bin/../lib/gcc/arm-none-eabi/13.2.1/thumb/v8-m.main+fp/hard\libg_nano.a(libc_a-lock.o)
 .debug_frame   0x00000e04       0x28 C:/Users/admin/AppData/Local/Programs/Renesas/RA/e2studio_v2024-04_fsp_v5.4.0/toolchains/gcc_arm/13.2.rel1/bin/../lib/gcc/arm-none-eabi/13.2.1/thumb/v8-m.main+fp/hard\libg_nano.a(libc_a-memcpy-stub.o)
 .debug_frame   0x00000e2c       0x38 C:/Users/admin/AppData/Local/Programs/Renesas/RA/e2studio_v2024-04_fsp_v5.4.0/toolchains/gcc_arm/13.2.rel1/bin/../lib/gcc/arm-none-eabi/13.2.1/thumb/v8-m.main+fp/hard\libg_nano.a(libc_a-freer.o)
 .debug_frame   0x00000e64       0x50 C:/Users/admin/AppData/Local/Programs/Renesas/RA/e2studio_v2024-04_fsp_v5.4.0/toolchains/gcc_arm/13.2.rel1/bin/../lib/gcc/arm-none-eabi/13.2.1/thumb/v8-m.main+fp/hard\libg_nano.a(libc_a-mallocr.o)