Archive member included to satisfy reference by file (symbol)

D:\KySuBachKhoa\CongNgheIOT\CodeTuan4_CuongPhucManh\NewZMod4\NewZMod4\ra\fsp\lib\rm_zmod4xxx\cm33_gcc\lib_iaq_1st_gen.a(iaq_1st_gen.o)
                              ./ra/fsp/src/rm_zmod4xxx/iaq_1st_gen/rm_zmod4410_iaq_1st_gen.o (init_iaq_1st_gen)
C:/Users/admin/AppData/Local/Programs/Renesas/RA/e2studio_v2024-04_fsp_v5.4.0/toolchains/gcc_arm/13.2.rel1/bin/../lib/gcc/arm-none-eabi/13.2.1/thumb/v8-m.main+fp/hard\libgcc.a(_arm_muldf3.o)
                              D:\KySuBachKhoa\CongNgheIOT\CodeTuan4_CuongPhucManh\NewZMod4\NewZMod4\ra\fsp\lib\rm_zmod4xxx\cm33_gcc\lib_iaq_1st_gen.a(iaq_1st_gen.o) (__aeabi_dmul)
C:/Users/admin/AppData/Local/Programs/Renesas/RA/e2studio_v2024-04_fsp_v5.4.0/toolchains/gcc_arm/13.2.rel1/bin/../lib/gcc/arm-none-eabi/13.2.1/thumb/v8-m.main+fp/hard\libgcc.a(_arm_addsubdf3.o)
                              D:\KySuBachKhoa\CongNgheIOT\CodeTuan4_CuongPhucManh\NewZMod4\NewZMod4\ra\fsp\lib\rm_zmod4xxx\cm33_gcc\lib_iaq_1st_gen.a(iaq_1st_gen.o) (__aeabi_dsub)
C:/Users/admin/AppData/Local/Programs/Renesas/RA/e2studio_v2024-04_fsp_v5.4.0/toolchains/gcc_arm/13.2.rel1/bin/../lib/gcc/arm-none-eabi/13.2.1/thumb/v8-m.main+fp/hard\libgcc.a(_arm_cmpdf2.o)
                              D:\KySuBachKhoa\CongNgheIOT\CodeTuan4_CuongPhucManh\NewZMod4\NewZMod4\ra\fsp\lib\rm_zmod4xxx\cm33_gcc\lib_iaq_1st_gen.a(iaq_1st_gen.o) (__aeabi_dcmpgt)
C:/Users/admin/AppData/Local/Programs/Renesas/RA/e2studio_v2024-04_fsp_v5.4.0/toolchains/gcc_arm/13.2.rel1/bin/../lib/gcc/arm-none-eabi/13.2.1/thumb/v8-m.main+fp/hard\libgcc.a(_arm_truncdfsf2.o)
                              D:\KySuBachKhoa\CongNgheIOT\CodeTuan4_CuongPhucManh\NewZMod4\NewZMod4\ra\fsp\lib\rm_zmod4xxx\cm33_gcc\lib_iaq_1st_gen.a(iaq_1st_gen.o) (__aeabi_d2f)
C:/Users/admin/AppData/Local/Programs/Renesas/RA/e2studio_v2024-04_fsp_v5.4.0/toolchains/gcc_arm/13.2.rel1/bin/../lib/gcc/arm-none-eabi/13.2.1/thumb/v8-m.main+fp/hard\libg_nano.a(libc_a-exit.o)
                              C:/Users/admin/AppData/Local/Programs/Renesas/RA/e2studio_v2024-04_fsp_v5.4.0/toolchains/gcc_arm/13.2.rel1/bin/../lib/gcc/arm-none-eabi/13.2.1/thumb/v8-m.main+fp/hard/crt0.o (exit)
C:/Users/admin/AppData/Local/Programs/Renesas/RA/e2studio_v2024-04_fsp_v5.4.0/toolchains/gcc_arm/13.2.rel1/bin/../lib/gcc/arm-none-eabi/13.2.1/thumb/v8-m.main+fp/hard\libg_nano.a(libc_a-findfp.o)
                              C:/Users/admin/AppData/Local/Programs/Renesas/RA/e2studio_v2024-04_fsp_v5.4.0/toolchains/gcc_arm/13.2.rel1/bin/../lib/gcc/arm-none-eabi/13.2.1/thumb/v8-m.main+fp/hard\libg_nano.a(libc_a-exit.o) (__stdio_exit_handler)
C:/Users/admin/AppData/Local/Programs/Renesas/RA/e2studio_v2024-04_fsp_v5.4.0/toolchains/gcc_arm/13.2.rel1/bin/../lib/gcc/arm-none-eabi/13.2.1/thumb/v8-m.main+fp/hard\libg_nano.a(libc_a-fwalk.o)
                              C:/Users/admin/AppData/Local/Programs/Renesas/RA/e2studio_v2024-04_fsp_v5.4.0/toolchains/gcc_arm/13.2.rel1/bin/../lib/gcc/arm-none-eabi/13.2.1/thumb/v8-m.main+fp/hard\libg_nano.a(libc_a-findfp.o) (_fwalk_sglue)
C:/Users/admin/AppData/Local/Programs/Renesas/RA/e2studio_v2024-04_fsp_v5.4.0/toolchains/gcc_arm/13.2.rel1/bin/../lib/gcc/arm-none-eabi/13.2.1/thumb/v8-m.main+fp/hard\libg_nano.a(libc_a-stdio.o)
                              C:/Users/admin/AppData/Local/Programs/Renesas/RA/e2studio_v2024-04_fsp_v5.4.0/toolchains/gcc_arm/13.2.rel1/bin/../lib/gcc/arm-none-eabi/13.2.1/thumb/v8-m.main+fp/hard\libg_nano.a(libc_a-findfp.o) (__sread)
C:/Users/admin/AppData/Local/Programs/Renesas/RA/e2studio_v2024-04_fsp_v5.4.0/toolchains/gcc_arm/13.2.rel1/bin/../lib/gcc/arm-none-eabi/13.2.1/thumb/v8-m.main+fp/hard\libg_nano.a(libc_a-memset.o)
                              C:/Users/admin/AppData/Local/Programs/Renesas/RA/e2studio_v2024-04_fsp_v5.4.0/toolchains/gcc_arm/13.2.rel1/bin/../lib/gcc/arm-none-eabi/13.2.1/thumb/v8-m.main+fp/hard/crt0.o (memset)
C:/Users/admin/AppData/Local/Programs/Renesas/RA/e2studio_v2024-04_fsp_v5.4.0/toolchains/gcc_arm/13.2.rel1/bin/../lib/gcc/arm-none-eabi/13.2.1/thumb/v8-m.main+fp/hard\libg_nano.a(libc_a-closer.o)
                              C:/Users/admin/AppData/Local/Programs/Renesas/RA/e2studio_v2024-04_fsp_v5.4.0/toolchains/gcc_arm/13.2.rel1/bin/../lib/gcc/arm-none-eabi/13.2.1/thumb/v8-m.main+fp/hard\libg_nano.a(libc_a-stdio.o) (_close_r)
C:/Users/admin/AppData/Local/Programs/Renesas/RA/e2studio_v2024-04_fsp_v5.4.0/toolchains/gcc_arm/13.2.rel1/bin/../lib/gcc/arm-none-eabi/13.2.1/thumb/v8-m.main+fp/hard\libg_nano.a(libc_a-reent.o)
                              C:/Users/admin/AppData/Local/Programs/Renesas/RA/e2studio_v2024-04_fsp_v5.4.0/toolchains/gcc_arm/13.2.rel1/bin/../lib/gcc/arm-none-eabi/13.2.1/thumb/v8-m.main+fp/hard\libg_nano.a(libc_a-closer.o) (errno)
C:/Users/admin/AppData/Local/Programs/Renesas/RA/e2studio_v2024-04_fsp_v5.4.0/toolchains/gcc_arm/13.2.rel1/bin/../lib/gcc/arm-none-eabi/13.2.1/thumb/v8-m.main+fp/hard\libg_nano.a(libc_a-impure.o)
[...]
Memory Configuration

Name             Origin             Length             Attributes
ITCM             0x00000000         0x00000000         xr
DTCM             0x00000000         0x00000000         xrw
FLASH            0x00000000         0x00200000         xr
RAM              0x20000000         0x00080000         xrw
DATA_FLASH       0x08000000         0x00002000         xr
QSPI_FLASH       0x60000000         0x04000000         xr
OSPI_DEVICE_0    0x68000000         0x08000000         xr
OSPI_DEVICE_1    0x70000000         0x10000000         xr
OSPI_DEVICE_0_RAM 0x68000000         0x08000000         xrw
OSPI_DEVICE_1_RAM 0x70000000         0x10000000         xrw
SDRAM            0x80010000         0x00000000         xrw
OPTION_SETTING   0x0100a100         0x00000100         r
OPTION_SETTING_OFS 0x0100a100         0x00000018         r
OPTION_SETTING_SAS 0x0100a134         0x000000cc         r
OPTION_SETTING_S 0x0100a200         0x00000100         r
ID_CODE          0x00000000         0x00000000         xr
*default*        0x00000000         0xffffffff

Linker script and memory map

LOAD C:/Users/admin/AppData/Local/Programs/Renesas/RA/e2studio_v2024-04_fsp_v5.4.0/toolchains/gcc_arm/13.2.rel1/bin/../lib/gcc/arm-none-eabi/13.2.1/thumb/v8-m.main+fp/hard/crti.o
LOAD C:/Users/admin/AppData/Local/Programs/Renesas/RA/e2studio_v2024-04_fsp_v5.4.0/toolchains/gcc_arm/13.2.rel1/bin/../lib/gcc/arm-none-eabi/13.2.1/thumb/v8-m.main+fp/hard/crtbegin.o
LOAD C:/Users/admin/AppData/Local/Programs/Renesas/RA/e2studio_v2024-04_fsp_v5.4.0/toolchains/gcc_arm/13.2.rel1/bin/../lib/gcc/arm-none-eabi/13.2.1/thumb/v8-m.main+fp/hard/crt0.o
START GROUP
LOAD ./src/hal_entry.o
LOAD ./ra_gen/common_data.o
LOAD ./ra_gen/hal_data.o
LOAD ./ra_gen/main.o
LOAD ./ra_gen/pin_data.o
LOAD ./ra_gen/vector_data.o
LOAD ./ra/fsp/src/rm_zmod4xxx/iaq_1st_gen/rm_zmod4410_iaq_1st_gen.o
LOAD ./ra/fsp/src/rm_zmod4xxx/rm_zmod4xxx.o
LOAD ./ra/fsp/src/rm_zmod4xxx/rm_zmod4xxx_ra_driver.o
LOAD ./ra/fsp/src/rm_comms_i2c/rm_comms_i2c.o
LOAD ./ra/fsp/src/rm_comms_i2c/rm_comms_i2c_driver_ra.o
LOAD ./ra/fsp/src/r_ioport/r_ioport.o
LOAD ./ra/fsp/src/r_iic_master/r_iic_master.o
LOAD ./ra/fsp/src/r_icu/r_icu.o
LOAD ./ra/fsp/src/bsp/mcu/all/bsp_clocks.o
LOAD ./ra/fsp/src/bsp/mcu/all/bsp_common.o
LOAD ./ra/fsp/src/bsp/mcu/all/bsp_delay.o
LOAD ./ra/fsp/src/bsp/mcu/all/bsp_group_irq.o
LOAD ./ra/fsp/src/bsp/mcu/all/bsp_guard.o
LOAD ./ra/fsp/src/bsp/mcu/all/bsp_io.o
LOAD ./ra/fsp/src/bsp/mcu/all/bsp_irq.o
LOAD ./ra/fsp/src/bsp/mcu/all/bsp_macl.o
LOAD ./ra/fsp/src/bsp/mcu/all/bsp_register_protection.o
LOAD ./ra/fsp/src/bsp/mcu/all/bsp_rom_registers.o
LOAD ./ra/fsp/src/bsp/mcu/all/bsp_sbrk.o
LOAD ./ra/fsp/src/bsp/mcu/all/bsp_sdram.o
LOAD ./ra/fsp/src/bsp/mcu/all/bsp_security.o
LOAD ./ra/fsp/src/bsp/cmsis/Device/RENESAS/Source/startup.o
LOAD ./ra/fsp/src/bsp/cmsis/Device/RENESAS/Source/system.o
LOAD ./ra/board/ra6m5_ck/board_init.o
LOAD ./ra/board/ra6m5_ck/board_leds.o
LOAD D:\KySuBachKhoa\CongNgheIOT\CodeTuan4_CuongPhucManh\NewZMod4\NewZMod4\ra\fsp\lib\rm_zmod4xxx\cm33_gcc\lib_iaq_1st_gen.a
END GROUP
START GROUP
LOAD C:/Users/admin/AppData/Local/Programs/Renesas/RA/e2studio_v2024-04_fsp_v5.4.0/toolchains/gcc_arm/13.2.rel1/bin/../lib/gcc/arm-none-eabi/13.2.1/thumb/v8-m.main+fp/hard\libgcc.a
LOAD C:/Users/admin/AppData/Local/Programs/Renesas/RA/e2studio_v2024-04_fsp_v5.4.0/toolchains/gcc_arm/13.2.rel1/bin/../lib/gcc/arm-none-eabi/13.2.1/thumb/v8-m.main+fp/hard\libg_nano.a
LOAD C:/Users/admin/AppData/Local/Programs/Renesas/RA/e2studio_v2024-04_fsp_v5.4.0/toolchains/gcc_arm/13.2.rel1/bin/../lib/gcc/arm-none-eabi/13.2.1/thumb/v8-m.main+fp/hard\libc_nano.a
END GROUP
START GROUP
LOAD C:/Users/admin/AppData/Local/Programs/Renesas/RA/e2studio_v2024-04_fsp_v5.4.0/toolchains/gcc_arm/13.2.rel1/bin/../lib/gcc/arm-none-eabi/13.2.1/thumb/v8-m.main+fp/hard\libgcc.a
LOAD C:/Users/admin/AppData/Local/Programs/Renesas/RA/e2studio_v2024-04_fsp_v5.4.0/toolchains/gcc_arm/13.2.rel1/bin/../lib/gcc/arm-none-eabi/13.2.1/thumb/v8-m.main+fp/hard\libc_nano.a
END GROUP
LOAD C:/Users/admin/AppData/Local/Programs/Renesas/RA/e2studio_v2024-04_fsp_v5.4.0/toolchains/gcc_arm/13.2.rel1/bin/../lib/gcc/arm-none-eabi/13.2.1/thumb/v8-m.main+fp/hard/crtend.o
LOAD C:/Users/admin/AppData/Local/Programs/Renesas/RA/e2studio_v2024-04_fsp_v5.4.0/toolchains/gcc_arm/13.2.rel1/bin/../lib/gcc/arm-none-eabi/13.2.1/thumb/v8-m.main+fp/hard/crtn.o
                0x20000000                        RAM_START = 0x20000000
                0x00080000                        RAM_LENGTH = 0x80000
                0x00000000                        FLASH_START = 0x0
                0x00200000                        FLASH_LENGTH = 0x200000
                0x08000000                        DATA_FLASH_START = 0x8000000
                0x00002000                        DATA_FLASH_LENGTH = 0x2000
                0x0100a100                        OPTION_SETTING_START = 0x100a100
                0x00000100                        OPTION_SETTING_LENGTH = 0x100
                0x0100a200                        OPTION_SETTING_S_START = 0x100a200
                0x00000100                        OPTION_SETTING_S_LENGTH = 0x100
                0x00000000                        ID_CODE_START = 0x0
                0x00000000                        ID_CODE_LENGTH = 0x0
                0x80010000                        SDRAM_START = 0x80010000
                0x00000000                        SDRAM_LENGTH = 0x0
                0x60000000                        QSPI_FLASH_START = 0x60000000
                0x04000000                        QSPI_FLASH_LENGTH = 0x4000000
                0x68000000                        OSPI_DEVICE_0_START = 0x68000000
                0x08000000                        OSPI_DEVICE_0_LENGTH = 0x8000000
                0x70000000                        OSPI_DEVICE_1_START = 0x70000000
                0x10000000                        OSPI_DEVICE_1_LENGTH = 0x10000000
                0x04000000                        QSPI_FLASH_PRV_LENGTH = DEFINED (QSPI_FLASH_SIZE)?ABSOLUTE (QSPI_FLASH_SIZE):ABSOLUTE (QSPI_FLASH_LENGTH)
                0x08000000                        OSPI_DEVICE_0_PRV_LENGTH = DEFINED (OSPI_DEVICE_0_SIZE)?ABSOLUTE (OSPI_DEVICE_0_SIZE):ABSOLUTE (OSPI_DEVICE_0_LENGTH)
                0x10000000                        OSPI_DEVICE_1_PRV_LENGTH = DEFINED (OSPI_DEVICE_1_SIZE)?ABSOLUTE (OSPI_DEVICE_1_SIZE):ABSOLUTE (OSPI_DEVICE_1_LENGTH)
                0x00000000                        __RESERVE_NS_RAM = ((! (DEFINED (PROJECT_NONSECURE)) && DEFINED (RAM_NS_BUFFER_LENGTH)) && (OPTION_SETTING_S_LENGTH != 0x0))
                0x00000000                        ITCM_START = DEFINED (ITCM_START)?ITCM_START:0x0
                0x00000000                        ITCM_LENGTH = DEFINED (ITCM_LENGTH)?ITCM_LENGTH:0x0
                0x00000000                        DTCM_START = DEFINED (DTCM_START)?DTCM_START:0x0
                0x00000000                        DTCM_LENGTH = DEFINED (DTCM_LENGTH)?DTCM_LENGTH:0x0
                0x00000000                        RAM_NS_BUFFER_BLOCK_LENGTH = DEFINED (RAM_NS_BUFFER_LENGTH)?ALIGN (RAM_NS_BUFFER_LENGTH, 0x2000):0x0
                0x00000000                        RAM_NS_BUFFER_LENGTH = DEFINED (RAM_NS_BUFFER_LENGTH)?RAM_NS_BUFFER_LENGTH:0x0
                0x20080000                        RAM_NS_BUFFER_START = ((RAM_START + RAM_LENGTH) - RAM_NS_BUFFER_LENGTH)
                0x20080000                        RAM_NS_BUFFER_BLOCK_START = ((RAM_START + RAM_LENGTH) - RAM_NS_BUFFER_BLOCK_LENGTH)
                0x0100a180                        OPTION_SETTING_START_NS = DEFINED (PROJECT_NONSECURE)?OPTION_SETTING_START:(OPTION_SETTING_START + 0x80)
                0x00000001                        __bl_FSP_BOOTABLE_IMAGE = 0x1
                0x00000001                        __bln_FSP_BOOTABLE_IMAGE = 0x1
                0x00000001                        PROJECT_SECURE_OR_FLAT = (((! (DEFINED (PROJECT_NONSECURE)) || DEFINED (PROJECT_SECURE)) && OPTION_SETTING_LENGTH) && ! (DEFINED (FSP_BOOTABLE_IMAGE)))
                0x00000000                        USE_OPTION_SETTING_NS = (DEFINED (PROJECT_NONSECURE) && ! (DEFINED (FSP_BOOTABLE_IMAGE)))
                0x00000000                        __bl_FLASH_IMAGE_START = ! (DEFINED (FLASH_BOOTLOADER_LENGTH))?0x0:(FLASH_APPLICATION_IMAGE_NUMBER == 0x1)?((FLASH_START + FLASH_BOOTLOADER_LENGTH) + FLASH_BOOTLOADER_HEADER_LENGTH):(DEFINED (BOOTLOADER_SECONDARY_USE_QSPI) || DEFINED (BOOTLOADER_SECONDARY_USE_OSPI_B))?(((FLASH_START + FLASH_BOOTLOADER_LENGTH) + FLASH_BOOTLOADER_SCRATCH_LENGTH) + FLASH_BOOTLOADER_HEADER_LENGTH):((((FLASH_START + FLASH_BOOTLOADER_LENGTH) + FLASH_BOOTLOADER_SCRATCH_LENGTH) + FLASH_APPLICATION_S_LENGTH) + FLASH_BOOTLOADER_HEADER_LENGTH)
                0x00000000                        __bl_FLASH_IMAGE_LENGTH = ! (DEFINED (FLASH_BOOTLOADER_LENGTH))?0x0:(FLASH_APPLICATION_S_LENGTH - FLASH_BOOTLOADER_HEADER_LENGTH)
                0x00000000                        __bl_FLASH_IMAGE_END = (__bl_FLASH_IMAGE_START + __bl_FLASH_IMAGE_LENGTH)
                0x00000000                        __bl_XIP_SECONDARY_FLASH_IMAGE_START = ! (DEFINED (FLASH_BOOTLOADER_LENGTH))?0x0:((FLASH_BOOTLOADER_LENGTH + FLASH_APPLICATION_S_LENGTH) + FLASH_BOOTLOADER_HEADER_LENGTH)
                0x00000000                        __bl_XIP_SECONDARY_FLASH_IMAGE_END = (__bl_XIP_SECONDARY_FLASH_IMAGE_START + __bl_FLASH_IMAGE_LENGTH)
                0x00000000                        __bl_FLASH_NS_START = ! (DEFINED (FLASH_BOOTLOADER_LENGTH))?0x0:(FLASH_APPLICATION_NS_LENGTH == 0x0)?__bl_FLASH_IMAGE_END:((__bl_FLASH_IMAGE_START - FLASH_BOOTLOADER_HEADER_LENGTH) + FLASH_APPLICATION_S_LENGTH)
                0x00000000                        __bl_FLASH_NSC_START = ! (DEFINED (FLASH_BOOTLOADER_LENGTH))?0x0:(FLASH_APPLICATION_NS_LENGTH == 0x0)?__bl_FLASH_IMAGE_END:(__bl_FLASH_IMAGE_END - FLASH_APPLICATION_NSC_LENGTH)
                0x00000000                        __bl_RAM_NS_START = ! (DEFINED (FLASH_BOOTLOADER_LENGTH))?0x0:(FLASH_APPLICATION_NS_LENGTH == 0x0)?(RAM_START + RAM_LENGTH):((RAM_START + RAM_LENGTH) - RAM_APPLICATION_NS_LENGTH)
                0x00000000                        __bl_RAM_NSC_START = ! (DEFINED (FLASH_BOOTLOADER_LENGTH))?0x0:(FLASH_APPLICATION_NS_LENGTH == 0x0)?(RAM_START + RAM_LENGTH):(__bl_RAM_NS_START - RAM_APPLICATION_NSC_LENGTH)
                0x00000000                        __bl_FLASH_NS_IMAGE_START = ! (DEFINED (FLASH_BOOTLOADER_LENGTH))?0x0:(FLASH_APPLICATION_NS_LENGTH == 0x0)?__bl_FLASH_IMAGE_END:(__bl_FLASH_NS_START + FLASH_BOOTLOADER_HEADER_LENGTH_2)
                0x00000000                        __bln_FLASH_IMAGE_START = (__bl_FLASH_NS_IMAGE_START | ! (DEFINED (NS_OFFSET_START))?0x0:NS_OFFSET_START)
                0x00000000                        __bln_FLASH_IMAGE_LENGTH = ! (DEFINED (FLASH_BOOTLOADER_LENGTH))?0x0:(FLASH_APPLICATION_NS_LENGTH == 0x0)?__bl_FLASH_IMAGE_END:(FLASH_APPLICATION_NS_LENGTH - FLASH_BOOTLOADER_HEADER_LENGTH_2)
                0x00000000                        XIP_SECONDARY_SLOT_IMAGE = DEFINED (XIP_SECONDARY_SLOT_IMAGE)?XIP_SECONDARY_SLOT_IMAGE:0x0
                0x00000000                        FLASH_ORIGIN = ! (DEFINED (FLASH_IMAGE_START))?FLASH_START:(XIP_SECONDARY_SLOT_IMAGE == 0x1)?XIP_SECONDARY_FLASH_IMAGE_START:FLASH_IMAGE_START
                0x00200000                        LIMITED_FLASH_LENGTH = DEFINED (FLASH_IMAGE_LENGTH)?FLASH_IMAGE_LENGTH:DEFINED (FLASH_BOOTLOADER_LENGTH)?FLASH_BOOTLOADER_LENGTH:FLASH_LENGTH
                0x00000034                        OPTION_SETTING_SAS_SIZE = 0x34
                0x000000cc                        OPTION_SETTING_SAS_LENGTH = ! (DEFINED (OPTION_SETTING_LENGTH))?0x0:(OPTION_SETTING_LENGTH == 0x0)?0x0:(OPTION_SETTING_LENGTH - OPTION_SETTING_SAS_SIZE)
START GROUP
LOAD C:/Users/admin/AppData/Local/Programs/Renesas/RA/e2studio_v2024-04_fsp_v5.4.0/toolchains/gcc_arm/13.2.rel1/bin/../lib/gcc/arm-none-eabi/13.2.1/thumb/v8-m.main+fp/hard\libgcc.a
LOAD C:/Users/admin/AppData/Local/Programs/Renesas/RA/e2studio_v2024-04_fsp_v5.4.0/toolchains/gcc_arm/13.2.rel1/bin/../lib/gcc/arm-none-eabi/13.2.1/thumb/v8-m.main+fp/hard\libc.a
LOAD C:/Users/admin/AppData/Local/Programs/Renesas/RA/e2studio_v2024-04_fsp_v5.4.0/toolchains/gcc_arm/13.2.rel1/bin/../lib/gcc/arm-none-eabi/13.2.1/thumb/v8-m.main+fp/hard\libm.a
END GROUP

.text           0x00000000     0x4b0c
                0x00000000                        __tz_FLASH_S = ABSOLUTE (FLASH_START)
                0x00000000                        __ROM_Start = .
 *(.fixed_vectors*)
 .fixed_vectors
                0x00000000       0x40 ./ra/fsp/src/bsp/cmsis/Device/RENESAS/Source/startup.o
                0x00000000                __Vectors
 *(.application_vectors*)
 .application_vectors
                0x00000040      0x180 ./ra_gen/vector_data.o
                0x00000040                g_vector_table
                0x000001c0                        __Vectors_End = .
 *(.flash_gap*)
                0x000001c0                        . = (OPTION_SETTING_LENGTH > 0x0)?.:(__ROM_Start + 0x400)
 *(.rom_registers*)
 *(.mcuboot_sce9_key*)
 *(.text*)
 .text.deregister_tm_clones
                0x000001c0       0x1c C:/Users/admin/AppData/Local/Programs/Renesas/RA/e2studio_v2024-04_fsp_v5.4.0/toolchains/gcc_arm/13.2.rel1/bin/../lib/gcc/arm-none-eabi/13.2.1/thumb/v8-m.main+fp/hard/crtbegin.o
 .text.register_tm_clones
                0x000001dc       0x28 C:/Users/admin/AppData/Local/Programs/Renesas/RA/e2studio_v2024-04_fsp_v5.4.0/toolchains/gcc_arm/13.2.rel1/bin/../lib/gcc/arm-none-eabi/13.2.1/thumb/v8-m.main+fp/hard/crtbegin.o
 .text.__do_global_dtors_aux
                0x00000204       0x28 C:/Users/admin/AppData/Local/Programs/Renesas/RA/e2studio_v2024-04_fsp_v5.4.0/toolchains/gcc_arm/13.2.rel1/bin/../lib/gcc/arm-none-eabi/13.2.1/thumb/v8-m.main+fp/hard/crtbegin.o
 .text.frame_dummy
                0x0000022c       0x24 C:/Users/admin/AppData/Local/Programs/Renesas/RA/e2studio_v2024-04_fsp_v5.4.0/toolchains/gcc_arm/13.2.rel1/bin/../lib/gcc/arm-none-eabi/13.2.1/thumb/v8-m.main+fp/hard/crtbegin.o
 .text.g_comms_i2c_bus0_quick_setup
                0x00000250       0x30 ./src/hal_entry.o
                0x00000250                g_comms_i2c_bus0_quick_setup
 .text.zmod4xxx_comms_i2c_callback
                0x00000280       0x1c ./src/hal_entry.o
                0x00000280                zmod4xxx_comms_i2c_callback
 .text.zmod4xxx_irq_callback
                0x0000029c       0x10 ./src/hal_entry.o
                0x0000029c                zmod4xxx_irq_callback
 .text.g_zmod4xxx_sensor0_quick_setup
                0x000002ac       0x30 ./src/hal_entry.o
                0x000002ac                g_zmod4xxx_sensor0_quick_setup
 .text.g_zmod4xxx_sensor0_quick_getting_iaq_1st_gen_continuous_mode_data
                0x000002dc       0xcc ./src/hal_entry.o
                0x000002dc                g_zmod4xxx_sensor0_quick_getting_iaq_1st_gen_continuous_mode_data
 .text.hal_entry
                0x000003a8       0x18 ./src/hal_entry.o
                0x000003a8                hal_entry
 .text.R_BSP_WarmStart
                0x000003c0       0x18 ./src/hal_entry.o
                0x000003c0                R_BSP_WarmStart
 .text.startup.main
                0x000003d8        0xc ./ra_gen/main.o
                0x000003d8                main
 .text.rm_zmod4410_iaq_1st_gen_measurement_start
                0x000003e4        0x4 ./ra/fsp/src/rm_zmod4xxx/iaq_1st_gen/rm_zmod4410_iaq_1st_gen.o
 .text.rm_zmod4410_iaq_1st_gen_read
                0x000003e8        0x4 ./ra/fsp/src/rm_zmod4xxx/iaq_1st_gen/rm_zmod4410_iaq_1st_gen.o
 .text.rm_zmod4410_iaq_1st_gen_temperature_and_humidity_set
                0x000003ec        0x4 ./ra/fsp/src/rm_zmod4xxx/iaq_1st_gen/rm_zmod4410_iaq_1st_gen.o
 .text.rm_zmod4410_iaq_1st_gen_iaq_2nd_gen_data_calculate
                0x000003f0        0x4 ./ra/fsp/src/rm_zmod4xxx/iaq_1st_gen/rm_zmod4410_iaq_1st_gen.o
 .text.rm_zmod4410_iaq_1st_gen_data_calculate
                0x000003f4       0x48 ./ra/fsp/src/rm_zmod4xxx/iaq_1st_gen/rm_zmod4410_iaq_1st_gen.o
 .text.rm_zmod4410_iaq_1st_gen_open
                0x0000043c       0x18 ./ra/fsp/src/rm_zmod4xxx/iaq_1st_gen/rm_zmod4410_iaq_1st_gen.o
 .text.rm_zmod4410_iaq_1st_gen_rel_iaq_data_calculate
                0x00000454        0x4 ./ra/fsp/src/rm_zmod4xxx/iaq_1st_gen/rm_zmod4410_iaq_1st_gen.o
 .text.rm_zmod4410_iaq_1st_gen_status_check
                0x00000458        0x4 ./ra/fsp/src/rm_zmod4xxx/iaq_1st_gen/rm_zmod4410_iaq_1st_gen.o
 .text.rm_zmod4410_iaq_1st_gen_pbaq_data_calculate
                0x0000045c        0x4 ./ra/fsp/src/rm_zmod4xxx/iaq_1st_gen/rm_zmod4410_iaq_1st_gen.o
 .text.rm_zmod4410_iaq_1st_gen_odor_data_calculate
                0x00000460        0x4 ./ra/fsp/src/rm_zmod4xxx/iaq_1st_gen/rm_zmod4410_iaq_1st_gen.o
 .text.rm_zmod4410_iaq_1st_gen_sulfur_odor_data_calculate
                0x00000464        0x4 ./ra/fsp/src/rm_zmod4xxx/iaq_1st_gen/rm_zmod4410_iaq_1st_gen.o
 .text.rm_zmod4410_iaq_1st_gen_oaq_1st_gen_data_calculate
                0x00000468        0x4 ./ra/fsp/src/rm_zmod4xxx/iaq_1st_gen/rm_zmod4410_iaq_1st_gen.o
 .text.rm_zmod4410_iaq_1st_gen_oaq_2nd_gen_data_calculate
                0x0000046c        0x4 ./ra/fsp/src/rm_zmod4xxx/iaq_1st_gen/rm_zmod4410_iaq_1st_gen.o
 .text.rm_zmod4410_iaq_1st_gen_raq_data_calculate
                0x00000470        0x4 ./ra/fsp/src/rm_zmod4xxx/iaq_1st_gen/rm_zmod4410_iaq_1st_gen.o
 .text.rm_zmod4410_iaq_1st_gen_device_error_check
                0x00000474        0x4 ./ra/fsp/src/rm_zmod4xxx/iaq_1st_gen/rm_zmod4410_iaq_1st_gen.o
 .text.rm_zmod4410_iaq_1st_gen_close
                0x00000478        0x4 ./ra/fsp/src/rm_zmod4xxx/iaq_1st_gen/rm_zmod4410_iaq_1st_gen.o
 .text.rm_zmod4410_iaq_1st_gen_measurement_stop
                0x0000047c        0x4 ./ra/fsp/src/rm_zmod4xxx/iaq_1st_gen/rm_zmod4410_iaq_1st_gen.o
 .text.RM_ZMOD4XXX_Iaq1stGenDataCalculate
                0x00000480        0x8 ./ra/fsp/src/rm_zmod4xxx/rm_zmod4xxx.o
                0x00000480                RM_ZMOD4XXX_Iaq1stGenDataCalculate
 .text.RM_ZMOD4XXX_Iaq2ndGenDataCalculate
                0x00000488        0x8 ./ra/fsp/src/rm_zmod4xxx/rm_zmod4xxx.o
                0x00000488                RM_ZMOD4XXX_Iaq2ndGenDataCalculate
 .text.RM_ZMOD4XXX_OdorDataCalculate
                0x00000490        0x8 ./ra/fsp/src/rm_zmod4xxx/rm_zmod4xxx.o
                0x00000490                RM_ZMOD4XXX_OdorDataCalculate
 .text.RM_ZMOD4XXX_SulfurOdorDataCalculate
                0x00000498        0x8 ./ra/fsp/src/rm_zmod4xxx/rm_zmod4xxx.o
                0x00000498                RM_ZMOD4XXX_SulfurOdorDataCalculate
 .text.RM_ZMOD4XXX_Oaq1stGenDataCalculate
                0x000004a0        0x8 ./ra/fsp/src/rm_zmod4xxx/rm_zmod4xxx.o
                0x000004a0                RM_ZMOD4XXX_Oaq1stGenDataCalculate
 .text.RM_ZMOD4XXX_Oaq2ndGenDataCalculate
                0x000004a8        0x8 ./ra/fsp/src/rm_zmod4xxx/rm_zmod4xxx.o
                0x000004a8                RM_ZMOD4XXX_Oaq2ndGenDataCalculate
 .text.RM_ZMOD4XXX_RaqDataCalculate
                0x000004b0        0x8 ./ra/fsp/src/rm_zmod4xxx/rm_zmod4xxx.o
                0x000004b0                RM_ZMOD4XXX_RaqDataCalculate
 .text.RM_ZMOD4XXX_RelIaqDataCalculate
                0x000004b8        0x8 ./ra/fsp/src/rm_zmod4xxx/rm_zmod4xxx.o
                0x000004b8                RM_ZMOD4XXX_RelIaqDataCalculate
 .text.RM_ZMOD4XXX_PbaqDataCalculate
                0x000004c0        0x8 ./ra/fsp/src/rm_zmod4xxx/rm_zmod4xxx.o
                0x000004c0                RM_ZMOD4XXX_PbaqDataCalculate
 .text.RM_ZMOD4XXX_TemperatureAndHumiditySet
                0x000004c8       0x10 ./ra/fsp/src/rm_zmod4xxx/rm_zmod4xxx.o
                0x000004c8                RM_ZMOD4XXX_TemperatureAndHumiditySet
 .text.rm_zmod4xxx_calc_factor
                0x000004d8       0xb0 ./ra/fsp/src/rm_zmod4xxx/rm_zmod4xxx.o
 .text.rm_zmod4xxx_i2c_write
                0x00000588       0x88 ./ra/fsp/src/rm_zmod4xxx/rm_zmod4xxx.o
 .text.RM_ZMOD4XXX_MeasurementStop
                0x00000610       0x10 ./ra/fsp/src/rm_zmod4xxx/rm_zmod4xxx.o
                0x00000610                RM_ZMOD4XXX_MeasurementStop
 .text.RM_ZMOD4XXX_MeasurementStart
                0x00000620       0x24 ./ra/fsp/src/rm_zmod4xxx/rm_zmod4xxx.o
                0x00000620                RM_ZMOD4XXX_MeasurementStart
 .text.RM_ZMOD4XXX_Close
                0x00000644       0x20 ./ra/fsp/src/rm_zmod4xxx/rm_zmod4xxx.o
                0x00000644                RM_ZMOD4XXX_Close
 .text.rm_zmod4xxx_i2c_read.constprop.0
                0x00000664       0x98 ./ra/fsp/src/rm_zmod4xxx/rm_zmod4xxx.o
 .text.RM_ZMOD4XXX_Read
                0x000006fc       0x4c ./ra/fsp/src/rm_zmod4xxx/rm_zmod4xxx.o
                0x000006fc                RM_ZMOD4XXX_Read
 .text.RM_ZMOD4XXX_DeviceErrorCheck
                0x00000748       0x2c ./ra/fsp/src/rm_zmod4xxx/rm_zmod4xxx.o
                0x00000748                RM_ZMOD4XXX_DeviceErrorCheck
 .text.RM_ZMOD4XXX_Open
                0x00000774      0x478 ./ra/fsp/src/rm_zmod4xxx/rm_zmod4xxx.o
                0x00000774                RM_ZMOD4XXX_Open
 .text.RM_ZMOD4XXX_StatusCheck
                0x00000bec       0x3c ./ra/fsp/src/rm_zmod4xxx/rm_zmod4xxx.o
                0x00000bec                RM_ZMOD4XXX_StatusCheck
 .text.rm_zmod4xxx_comms_i2c_callback
                0x00000c28       0xc4 ./ra/fsp/src/rm_zmod4xxx/rm_zmod4xxx.o
                0x00000c28                rm_zmod4xxx_comms_i2c_callback
 .text.rm_zmod4xxx_irq_callback
                0x00000cec       0x30 ./ra/fsp/src/rm_zmod4xxx/rm_zmod4xxx_ra_driver.o
                0x00000cec                rm_zmod4xxx_irq_callback
 .text.rm_zmod4xxx_delay_ms
                0x00000d1c       0x10 ./ra/fsp/src/rm_zmod4xxx/rm_zmod4xxx_ra_driver.o
                0x00000d1c                rm_zmod4xxx_delay_ms
 .text.rm_zmod4xxx_irq_open
                0x00000d2c       0x34 ./ra/fsp/src/rm_zmod4xxx/rm_zmod4xxx_ra_driver.o
                0x00000d2c                rm_zmod4xxx_irq_open
 .text.rm_zmod4xxx_irq_close
                0x00000d60       0x10 ./ra/fsp/src/rm_zmod4xxx/rm_zmod4xxx_ra_driver.o
                0x00000d60                rm_zmod4xxx_irq_close
 .text.RM_COMMS_I2C_Open
                0x00000d70       0x28 ./ra/fsp/src/rm_comms_i2c/rm_comms_i2c.o
                0x00000d70                RM_COMMS_I2C_Open
 .text.RM_COMMS_I2C_Close
                0x00000d98       0x10 ./ra/fsp/src/rm_comms_i2c/rm_comms_i2c.o
                0x00000d98                RM_COMMS_I2C_Close
 .text.RM_COMMS_I2C_Read
                0x00000da8        0x4 ./ra/fsp/src/rm_comms_i2c/rm_comms_i2c.o
                0x00000da8                RM_COMMS_I2C_Read
 .text.RM_COMMS_I2C_Write
                0x00000dac        0x4 ./ra/fsp/src/rm_comms_i2c/rm_comms_i2c.o
                0x00000dac                RM_COMMS_I2C_Write
 .text.RM_COMMS_I2C_WriteRead
                0x00000db0       0x14 ./ra/fsp/src/rm_comms_i2c/rm_comms_i2c.o
                0x00000db0                RM_COMMS_I2C_WriteRead
 .text.rm_comms_i2c_bus_reconfigure
                0x00000dc4       0x3c ./ra/fsp/src/rm_comms_i2c/rm_comms_i2c_driver_ra.o
 .text.rm_comms_i2c_bus_read
                0x00000e00       0x44 ./ra/fsp/src/rm_comms_i2c/rm_comms_i2c_driver_ra.o
                0x00000e00                rm_comms_i2c_bus_read
 .text.rm_comms_i2c_bus_write
                0x00000e44       0x30 ./ra/fsp/src/rm_comms_i2c/rm_comms_i2c_driver_ra.o
                0x00000e44                rm_comms_i2c_bus_write
 .text.rm_comms_i2c_bus_write_read
                0x00000e74       0x3c ./ra/fsp/src/rm_comms_i2c/rm_comms_i2c_driver_ra.o
                0x00000e74                rm_comms_i2c_bus_write_read
 .text.rm_comms_i2c_callback
                0x00000eb0       0x5c ./ra/fsp/src/rm_comms_i2c/rm_comms_i2c_driver_ra.o
                0x00000eb0                rm_comms_i2c_callback
 .text.bsp_vbatt_init
                0x00000f0c       0x9c ./ra/fsp/src/r_ioport/r_ioport.o
 .text.r_ioport_pins_config
                0x00000fa8       0xac ./ra/fsp/src/r_ioport/r_ioport.o
 .text.R_IOPORT_Open
                0x00001054       0x14 ./ra/fsp/src/r_ioport/r_ioport.o
                0x00001054                R_IOPORT_Open
 .text.R_IIC_MASTER_SlaveAddressSet
                0x00001068        0xc ./ra/fsp/src/r_iic_master/r_iic_master.o
                0x00001068                R_IIC_MASTER_SlaveAddressSet
 .text.R_IIC_MASTER_CallbackSet
                0x00001074       0x10 ./ra/fsp/src/r_iic_master/r_iic_master.o
                0x00001074                R_IIC_MASTER_CallbackSet
 .text.R_IIC_MASTER_StatusGet
                0x00001084       0x18 ./ra/fsp/src/r_iic_master/r_iic_master.o
                0x00001084                R_IIC_MASTER_StatusGet
 .text.iic_master_notify
                0x0000109c       0x3c ./ra/fsp/src/r_iic_master/r_iic_master.o
 .text.iic_master_run_hw_master
                0x000010d8      0x114 ./ra/fsp/src/r_iic_master/r_iic_master.o
 .text.R_IIC_MASTER_Write
                0x000011ec       0x30 ./ra/fsp/src/r_iic_master/r_iic_master.o
                0x000011ec                R_IIC_MASTER_Write
 .text.R_IIC_MASTER_Read
                0x0000121c       0x34 ./ra/fsp/src/r_iic_master/r_iic_master.o
                0x0000121c                R_IIC_MASTER_Read
 .text.iic_master_open_hw_master
                0x00001250      0x1c8 ./ra/fsp/src/r_iic_master/r_iic_master.o
 .text.R_IIC_MASTER_Open
                0x00001418       0x74 ./ra/fsp/src/r_iic_master/r_iic_master.o
                0x00001418                R_IIC_MASTER_Open
 .text.R_IIC_MASTER_Abort
                0x0000148c       0x30 ./ra/fsp/src/r_iic_master/r_iic_master.o
                0x0000148c                R_IIC_MASTER_Abort
 .text.R_IIC_MASTER_Close
                0x000014bc       0xdc ./ra/fsp/src/r_iic_master/r_iic_master.o
                0x000014bc                R_IIC_MASTER_Close
 .text.iic_master_rxi_isr
                0x00001598      0x194 ./ra/fsp/src/r_iic_master/r_iic_master.o
                0x00001598                iic_master_rxi_isr
 .text.iic_master_txi_isr
                0x0000172c      0x120 ./ra/fsp/src/r_iic_master/r_iic_master.o
                0x0000172c                iic_master_txi_isr
 .text.iic_master_tei_isr
                0x0000184c       0xe0 ./ra/fsp/src/r_iic_master/r_iic_master.o
                0x0000184c                iic_master_tei_isr
 .text.iic_master_eri_isr
                0x0000192c      0x140 ./ra/fsp/src/r_iic_master/r_iic_master.o
                0x0000192c                iic_master_eri_isr
 .text.R_ICU_ExternalIrqOpen
                0x00001a6c       0x80 ./ra/fsp/src/r_icu/r_icu.o
                0x00001a6c                R_ICU_ExternalIrqOpen
 .text.R_ICU_ExternalIrqEnable
                0x00001aec       0x44 ./ra/fsp/src/r_icu/r_icu.o
                0x00001aec                R_ICU_ExternalIrqEnable
 .text.R_ICU_ExternalIrqDisable
                0x00001b30       0x30 ./ra/fsp/src/r_icu/r_icu.o
                0x00001b30                R_ICU_ExternalIrqDisable
 .text.R_ICU_ExternalIrqCallbackSet
                0x00001b60        0xc ./ra/fsp/src/r_icu/r_icu.o
                0x00001b60                R_ICU_ExternalIrqCallbackSet
 .text.R_ICU_ExternalIrqClose
                0x00001b6c       0x4c ./ra/fsp/src/r_icu/r_icu.o
                0x00001b6c                R_ICU_ExternalIrqClose
 .text.r_icu_isr
                0x00001bb8       0x74 ./ra/fsp/src/r_icu/r_icu.o
                0x00001bb8                r_icu_isr
 .text.SystemCoreClockUpdate
                0x00001c2c       0x28 ./ra/fsp/src/bsp/mcu/all/bsp_clocks.o
                0x00001c2c                SystemCoreClockUpdate
 .text.bsp_clock_init
                0x00001c54       0xec ./ra/fsp/src/bsp/mcu/all/bsp_clocks.o
                0x00001c54                bsp_clock_init
 .text.R_BSP_Init_RTC
                0x00001d40       0x28 ./ra/fsp/src/bsp/mcu/all/bsp_clocks.o
                0x00001d40                R_BSP_Init_RTC
 .text.__assert_func
                0x00001d68        0x4 ./ra/fsp/src/bsp/mcu/all/bsp_common.o
                0x00001d68                __assert_func
 .text.bsp_prv_software_delay_loop
                0x00001d6c        0xc ./ra/fsp/src/bsp/mcu/all/bsp_delay.o
                0x00001d6c                bsp_prv_software_delay_loop
 .text.R_BSP_SoftwareDelay
                0x00001d78       0x58 ./ra/fsp/src/bsp/mcu/all/bsp_delay.o
                0x00001d78                R_BSP_SoftwareDelay
 .text.NMI_Handler
                0x00001dd0       0x3c ./ra/fsp/src/bsp/mcu/all/bsp_group_irq.o
                0x00001dd0                NMI_Handler
 .text.bsp_irq_cfg
                0x00001e0c       0xa4 ./ra/fsp/src/bsp/mcu/all/bsp_irq.o
                0x00001e0c                bsp_irq_cfg
 .text.R_BSP_RegisterProtectEnable
                0x00001eb0       0x60 ./ra/fsp/src/bsp/mcu/all/bsp_register_protection.o
                0x00001eb0                R_BSP_RegisterProtectEnable
 .text.R_BSP_RegisterProtectDisable
                0x00001f10       0x54 ./ra/fsp/src/bsp/mcu/all/bsp_register_protection.o
                0x00001f10                R_BSP_RegisterProtectDisable
 .text.Default_Handler
                0x00001f64        0x4 ./ra/fsp/src/bsp/cmsis/Device/RENESAS/Source/startup.o
                0x00001f64                DebugMon_Handler
                0x00001f64                HardFault_Handler
                0x00001f64                SysTick_Handler
                0x00001f64                PendSV_Handler
                0x00001f64                UsageFault_Handler
                0x00001f64                SecureFault_Handler
                0x00001f64                Default_Handler
                0x00001f64                MemManage_Handler
                0x00001f64                SVC_Handler
                0x00001f64                BusFault_Handler
 .text.Reset_Handler
                0x00001f68        0xc ./ra/fsp/src/bsp/cmsis/Device/RENESAS/Source/startup.o
                0x00001f68                Reset_Handler
 .text.SystemInit
                0x00001f74       0xe0 ./ra/fsp/src/bsp/cmsis/Device/RENESAS/Source/system.o
                0x00001f74                SystemInit
 .text.bsp_init
                0x00002054        0x4 ./ra/board/ra6m5_ck/board_init.o
                0x00002054                bsp_init
 .text.iaq_1st_gen_init_internal
                0x00002058      0x130 D:\KySuBachKhoa\CongNgheIOT\CodeTuan4_CuongPhucManh\NewZMod4\NewZMod4\ra\fsp\lib\rm_zmod4xxx\cm33_gcc\lib_iaq_1st_gen.a(iaq_1st_gen.o)
                0x00002058                iaq_1st_gen_init_internal
 .text.init_iaq_1st_gen
                0x00002188        0x4 D:\KySuBachKhoa\CongNgheIOT\CodeTuan4_CuongPhucManh\NewZMod4\NewZMod4\ra\fsp\lib\rm_zmod4xxx\cm33_gcc\lib_iaq_1st_gen.a(iaq_1st_gen.o)
                0x00002188                init_iaq_1st_gen
 *fill*         0x0000218c        0x4 ff
 .text.calc_iaq_1st_gen_internal
                0x00002190      0x398 D:\KySuBachKhoa\CongNgheIOT\CodeTuan4_CuongPhucManh\NewZMod4\NewZMod4\ra\fsp\lib\rm_zmod4xxx\cm33_gcc\lib_iaq_1st_gen.a(iaq_1st_gen.o)
                0x00002190                calc_iaq_1st_gen_internal
 .text.calc_iaq_1st_gen
                0x00002528       0xac D:\KySuBachKhoa\CongNgheIOT\CodeTuan4_CuongPhucManh\NewZMod4\NewZMod4\ra\fsp\lib\rm_zmod4xxx\cm33_gcc\lib_iaq_1st_gen.a(iaq_1st_gen.o)
                0x00002528                calc_iaq_1st_gen
 .text          0x000025d4      0x378 C:/Users/admin/AppData/Local/Programs/Renesas/RA/e2studio_v2024-04_fsp_v5.4.0/toolchains/gcc_arm/13.2.rel1/bin/../lib/gcc/arm-none-eabi/13.2.1/thumb/v8-m.main+fp/hard\libgcc.a(_arm_addsubdf3.o)
                0x000025d4                __aeabi_drsub
                0x000025dc                __aeabi_dsub
                0x000025dc                __subdf3
                0x000025e0                __aeabi_dadd
                0x000025e0                __adddf3
                0x00002858                __floatunsidf
                0x00002858                __aeabi_ui2d
                0x00002878                __floatsidf
                0x00002878                __aeabi_i2d
                0x0000289c                __aeabi_f2d
                0x0000289c                __extendsfdf2
                0x000028e0                __floatundidf
                0x000028e0                __aeabi_ul2d
                0x000028f0                __floatdidf
                0x000028f0                __aeabi_l2d
 .text          0x0000294c      0x110 C:/Users/admin/AppData/Local/Programs/Renesas/RA/e2studio_v2024-04_fsp_v5.4.0/toolchains/gcc_arm/13.2.rel1/bin/../lib/gcc/arm-none-eabi/13.2.1/thumb/v8-m.main+fp/hard\libgcc.a(_arm_cmpdf2.o)
                0x0000294c                __gtdf2
                0x0000294c                __gedf2
                0x00002954                __ltdf2
                0x00002954                __ledf2
                0x0000295c                __nedf2
                0x0000295c                __eqdf2
                0x0000295c                __cmpdf2
                0x000029d8                __aeabi_cdrcmple
                0x000029e8                __aeabi_cdcmpeq
                0x000029e8                __aeabi_cdcmple
                0x000029f8                __aeabi_dcmpeq
                0x00002a0c                __aeabi_dcmplt
                0x00002a20                __aeabi_dcmple
                0x00002a34                __aeabi_dcmpge
                0x00002a48                __aeabi_dcmpgt
 .text          0x00002a5c       0xa0 C:/Users/admin/AppData/Local/Programs/Renesas/RA/e2studio_v2024-04_fsp_v5.4.0/toolchains/gcc_arm/13.2.rel1/bin/../lib/gcc/arm-none-eabi/13.2.1/thumb/v8-m.main+fp/hard\libgcc.a(_arm_truncdfsf2.o)
                0x00002a5c                __truncdfsf2
                0x00002a5c                __aeabi_d2f
 .text.memset   0x00002afc       0x10 C:/Users/admin/AppData/Local/Programs/Renesas/RA/e2studio_v2024-04_fsp_v5.4.0/toolchains/gcc_arm/13.2.rel1/bin/../lib/gcc/arm-none-eabi/13.2.1/thumb/v8-m.main+fp/hard\libg_nano.a(libc_a-memset.o)
                0x00002afc                memset
 .text.__errno  0x00002b0c        0xc C:/Users/admin/AppData/Local/Programs/Renesas/RA/e2studio_v2024-04_fsp_v5.4.0/toolchains/gcc_arm/13.2.rel1/bin/../lib/gcc/arm-none-eabi/13.2.1/thumb/v8-m.main+fp/hard\libg_nano.a(libc_a-errno.o)
                0x00002b0c                __errno
 .text.memcpy   0x00002b18       0x1a C:/Users/admin/AppData/Local/Programs/Renesas/RA/e2studio_v2024-04_fsp_v5.4.0/toolchains/gcc_arm/13.2.rel1/bin/../lib/gcc/arm-none-eabi/13.2.1/thumb/v8-m.main+fp/hard\libg_nano.a(libc_a-memcpy-stub.o)
                0x00002b18                memcpy
 *fill*         0x00002b32        0x6 ff
 .text.exp      0x00002b38       0xa0 C:/Users/admin/AppData/Local/Programs/Renesas/RA/e2studio_v2024-04_fsp_v5.4.0/toolchains/gcc_arm/13.2.rel1/bin/../lib/gcc/arm-none-eabi/13.2.1/thumb/v8-m.main+fp/hard\libm.a(libm_a-w_exp.o)
                0x00002b38                exp
 .text.pow      0x00002bd8       0xf0 C:/Users/admin/AppData/Local/Programs/Renesas/RA/e2studio_v2024-04_fsp_v5.4.0/toolchains/gcc_arm/13.2.rel1/bin/../lib/gcc/arm-none-eabi/13.2.1/thumb/v8-m.main+fp/hard\libm.a(libm_a-w_pow.o)
                0x00002bd8                pow
 .text.finite   0x00002cc8       0x1c C:/Users/admin/AppData/Local/Programs/Renesas/RA/e2studio_v2024-04_fsp_v5.4.0/toolchains/gcc_arm/13.2.rel1/bin/../lib/gcc/arm-none-eabi/13.2.1/thumb/v8-m.main+fp/hard\libm.a(libm_a-s_finite.o)
                0x00002cc8                finite
 *fill*         0x00002ce4        0x4 ff
 .text.__ieee754_exp
                0x00002ce8      0x3a0 C:/Users/admin/AppData/Local/Programs/Renesas/RA/e2studio_v2024-04_fsp_v5.4.0/toolchains/gcc_arm/13.2.rel1/bin/../lib/gcc/arm-none-eabi/13.2.1/thumb/v8-m.main+fp/hard\libm.a(libm_a-e_exp.o)
                0x00002ce8                __ieee754_exp
 .text.__ieee754_pow
                0x00003088      0xc04 C:/Users/admin/AppData/Local/Programs/Renesas/RA/e2studio_v2024-04_fsp_v5.4.0/toolchains/gcc_arm/13.2.rel1/bin/../lib/gcc/arm-none-eabi/13.2.1/thumb/v8-m.main+fp/hard\libm.a(libm_a-e_pow.o)
                0x00003088                __ieee754_pow
 .text.fabs     0x00003c8c       0x10 C:/Users/admin/AppData/Local/Programs/Renesas/RA/e2studio_v2024-04_fsp_v5.4.0/toolchains/gcc_arm/13.2.rel1/bin/../lib/gcc/arm-none-eabi/13.2.1/thumb/v8-m.main+fp/hard\libm.a(libm_a-s_fabs.o)
                0x00003c8c                fabs
 *fill*         0x00003c9c        0x4 ff
 .text.scalbn   0x00003ca0      0x114 C:/Users/admin/AppData/Local/Programs/Renesas/RA/e2studio_v2024-04_fsp_v5.4.0/toolchains/gcc_arm/13.2.rel1/bin/../lib/gcc/arm-none-eabi/13.2.1/thumb/v8-m.main+fp/hard\libm.a(libm_a-s_scalbn.o)
                0x00003ca0                scalbn
 .text.with_errno
                0x00003db4       0x24 C:/Users/admin/AppData/Local/Programs/Renesas/RA/e2studio_v2024-04_fsp_v5.4.0/toolchains/gcc_arm/13.2.rel1/bin/../lib/gcc/arm-none-eabi/13.2.1/thumb/v8-m.main+fp/hard\libm.a(libm_a-math_err.o)
 .text.xflow    0x00003dd8       0x38 C:/Users/admin/AppData/Local/Programs/Renesas/RA/e2studio_v2024-04_fsp_v5.4.0/toolchains/gcc_arm/13.2.rel1/bin/../lib/gcc/arm-none-eabi/13.2.1/thumb/v8-m.main+fp/hard\libm.a(libm_a-math_err.o)
 .text.__math_uflow
                0x00003e10       0x10 C:/Users/admin/AppData/Local/Programs/Renesas/RA/e2studio_v2024-04_fsp_v5.4.0/toolchains/gcc_arm/13.2.rel1/bin/../lib/gcc/arm-none-eabi/13.2.1/thumb/v8-m.main+fp/hard\libm.a(libm_a-math_err.o)
                0x00003e10                __math_uflow
 .text.__math_oflow
                0x00003e20       0x10 C:/Users/admin/AppData/Local/Programs/Renesas/RA/e2studio_v2024-04_fsp_v5.4.0/toolchains/gcc_arm/13.2.rel1/bin/../lib/gcc/arm-none-eabi/13.2.1/thumb/v8-m.main+fp/hard\libm.a(libm_a-math_err.o)
                0x00003e20                __math_oflow
 .text.__ieee754_sqrt
                0x00003e30      0x1e0 C:/Users/admin/AppData/Local/Programs/Renesas/RA/e2studio_v2024-04_fsp_v5.4.0/toolchains/gcc_arm/13.2.rel1/bin/../lib/gcc/arm-none-eabi/13.2.1/thumb/v8-m.main+fp/hard\libm.a(libm_a-e_sqrt.o)
                0x00003e30                __ieee754_sqrt
 .text          0x00004010      0x424 C:/Users/admin/AppData/Local/Programs/Renesas/RA/e2studio_v2024-04_fsp_v5.4.0/toolchains/gcc_arm/13.2.rel1/bin/../lib/gcc/arm-none-eabi/13.2.1/thumb/v8-m.main+fp/hard\libgcc.a(_arm_muldivdf3.o)
                0x00004010                __aeabi_dmul
                0x00004010                __muldf3
                0x00004264                __divdf3
                0x00004264                __aeabi_ddiv
 .text          0x00004434       0x2c C:/Users/admin/AppData/Local/Programs/Renesas/RA/e2studio_v2024-04_fsp_v5.4.0/toolchains/gcc_arm/13.2.rel1/bin/../lib/gcc/arm-none-eabi/13.2.1/thumb/v8-m.main+fp/hard\libgcc.a(_arm_unorddf2.o)
                0x00004434                __unorddf2
                0x00004434                __aeabi_dcmpun
 .text          0x00004460       0x50 C:/Users/admin/AppData/Local/Programs/Renesas/RA/e2studio_v2024-04_fsp_v5.4.0/toolchains/gcc_arm/13.2.rel1/bin/../lib/gcc/arm-none-eabi/13.2.1/thumb/v8-m.main+fp/hard\libgcc.a(_arm_fixdfsi.o)
                0x00004460                __aeabi_d2iz
                0x00004460                __fixdfsi
 *(.version)
 .version       0x000044b0       0x50 ./ra/fsp/src/bsp/mcu/all/bsp_common.o
 *(.init)
 .init          0x00004500        0x4 C:/Users/admin/AppData/Local/Programs/Renesas/RA/e2studio_v2024-04_fsp_v5.4.0/toolchains/gcc_arm/13.2.rel1/bin/../lib/gcc/arm-none-eabi/13.2.1/thumb/v8-m.main+fp/hard/crti.o
                0x00004500                _init
 .init          0x00004504        0x8 C:/Users/admin/AppData/Local/Programs/Renesas/RA/e2studio_v2024-04_fsp_v5.4.0/toolchains/gcc_arm/13.2.rel1/bin/../lib/gcc/arm-none-eabi/13.2.1/thumb/v8-m.main+fp/hard/crtn.o
 *(.fini)
 .fini          0x0000450c        0x4 C:/Users/admin/AppData/Local/Programs/Renesas/RA/e2studio_v2024-04_fsp_v5.4.0/toolchains/gcc_arm/13.2.rel1/bin/../lib/gcc/arm-none-eabi/13.2.1/thumb/v8-m.main+fp/hard/crti.o
                0x0000450c                _fini
 .fini          0x00004510        0x8 C:/Users/admin/AppData/Local/Programs/Renesas/RA/e2studio_v2024-04_fsp_v5.4.0/toolchains/gcc_arm/13.2.rel1/bin/../lib/gcc/arm-none-eabi/13.2.1/thumb/v8-m.main+fp/hard/crtn.o
 *crtbegin.o(.ctors)
 *crtbegin?.o(.ctors)
 *(EXCLUDE_FILE(*crtend.o *crtend?.o) .ctors)
 *(SORT_BY_NAME(.ctors.*))
 *(.ctors)
 *crtbegin.o(.dtors)
 *crtbegin?.o(.dtors)
 *(EXCLUDE_FILE(*crtend.o *crtend?.o) .dtors)
 *(SORT_BY_NAME(.dtors.*))
 *(.dtors)
 *(.rodata*)
 .rodata.g_comms_i2c_bus0_quick_setup.str1.4
                0x00004518       0x2e ./src/hal_entry.o
                                 0x27 (size before relaxing)
 .rodata.g_zmod4xxx_sensor0_quick_getting_iaq_1st_gen_continuous_mode_data.str1.4
                0x00004546        0x6 ./src/hal_entry.o
 *fill*         0x00004546        0x2 ff
 .rodata.__func__.0
                0x00004548       0x42 ./src/hal_entry.o
 *fill*         0x0000458a        0x2 ff
 .rodata.__func__.1
                0x0000458c       0x1f ./src/hal_entry.o
 *fill*         0x000045ab        0x1 ff
 .rodata.__func__.2
                0x000045ac       0x1d ./src/hal_entry.o
 *fill*         0x000045c9        0x3 ff
 .rodata.g_i2c_master0
                0x000045cc        0xc ./ra_gen/common_data.o
                0x000045cc                g_i2c_master0
 .rodata.g_i2c_master0_cfg
                0x000045d8       0x28 ./ra_gen/common_data.o
                0x000045d8                g_i2c_master0_cfg
 .rodata.g_i2c_master0_extend
                0x00004600        0x8 ./ra_gen/common_data.o
                0x00004600                g_i2c_master0_extend
 .rodata.g_external_irq0
                0x00004608        0xc ./ra_gen/common_data.o
                0x00004608                g_external_irq0
 .rodata.g_external_irq0_cfg
                0x00004614       0x14 ./ra_gen/common_data.o
                0x00004614                g_external_irq0_cfg
 .rodata.g_zmod4xxx_sensor0
                0x00004628        0xc ./ra_gen/hal_data.o
                0x00004628                g_zmod4xxx_sensor0
 .rodata.g_zmod4xxx_sensor0_cfg
                0x00004634       0x18 ./ra_gen/hal_data.o
                0x00004634                g_zmod4xxx_sensor0_cfg
 .rodata.g_comms_i2c_device0
                0x0000464c        0xc ./ra_gen/hal_data.o
                0x0000464c                g_comms_i2c_device0
 .rodata.g_comms_i2c_device0_cfg
                0x00004658       0x14 ./ra_gen/hal_data.o
                0x00004658                g_comms_i2c_device0_cfg
 .rodata.g_comms_i2c_device0_lower_level_cfg
                0x0000466c       0x28 ./ra_gen/hal_data.o
                0x0000466c                g_comms_i2c_device0_lower_level_cfg
 .rodata.g_bsp_pin_cfg
                0x00004694        0xc ./ra_gen/pin_data.o
                0x00004694                g_bsp_pin_cfg
 .rodata.g_bsp_pin_cfg_data
                0x000046a0      0x280 ./ra_gen/pin_data.o
                0x000046a0                g_bsp_pin_cfg_data
 .rodata.g_interrupt_event_link_select
                0x00004920       0xc0 ./ra_gen/vector_data.o
                0x00004920                g_interrupt_event_link_select
 .rodata.g_zmod4xxx_on_zmod4410_iaq_1st_gen
                0x000049e0       0x44 ./ra/fsp/src/rm_zmod4xxx/iaq_1st_gen/rm_zmod4410_iaq_1st_gen.o
                0x000049e0                g_zmod4xxx_on_zmod4410_iaq_1st_gen
 .rodata.g_zmod4xxx_on_zmod4xxx
                0x00004a24       0x44 ./ra/fsp/src/rm_zmod4xxx/rm_zmod4xxx.o
                0x00004a24                g_zmod4xxx_on_zmod4xxx
 .rodata.g_comms_on_comms_i2c
                0x00004a68       0x18 ./ra/fsp/src/rm_comms_i2c/rm_comms_i2c.o
                0x00004a68                g_comms_on_comms_i2c
 .rodata.g_vbatt_pins_input
                0x00004a80        0x6 ./ra/fsp/src/r_ioport/r_ioport.o
 *fill*         0x00004a86        0x2 ff
 .rodata.g_i2c_master_on_iic
                0x00004a88       0x20 ./ra/fsp/src/r_iic_master/r_iic_master.o
                0x00004a88                g_i2c_master_on_iic
 .rodata.g_external_irq_on_icu
                0x00004aa8       0x14 ./ra/fsp/src/r_icu/r_icu.o
                0x00004aa8                g_external_irq_on_icu
 .rodata.g_prcr_masks
                0x00004abc        0x8 ./ra/fsp/src/bsp/mcu/all/bsp_register_protection.o
 *fill*         0x00004ac4        0x4 ff
 .rodata.ln2LO  0x00004ac8       0x10 C:/Users/admin/AppData/Local/Programs/Renesas/RA/e2studio_v2024-04_fsp_v5.4.0/toolchains/gcc_arm/13.2.rel1/bin/../lib/gcc/arm-none-eabi/13.2.1/thumb/v8-m.main+fp/hard\libm.a(libm_a-e_exp.o)
 .rodata.ln2HI  0x00004ad8       0x10 C:/Users/admin/AppData/Local/Programs/Renesas/RA/e2studio_v2024-04_fsp_v5.4.0/toolchains/gcc_arm/13.2.rel1/bin/../lib/gcc/arm-none-eabi/13.2.1/thumb/v8-m.main+fp/hard\libm.a(libm_a-e_exp.o)
 .rodata.halF   0x00004ae8       0x10 C:/Users/admin/AppData/Local/Programs/Renesas/RA/e2studio_v2024-04_fsp_v5.4.0/toolchains/gcc_arm/13.2.rel1/bin/../lib/gcc/arm-none-eabi/13.2.1/thumb/v8-m.main+fp/hard\libm.a(libm_a-e_exp.o)
 .rodata.tiny   0x00004af8        0x8 C:/Users/admin/AppData/Local/Programs/Renesas/RA/e2studio_v2024-04_fsp_v5.4.0/toolchains/gcc_arm/13.2.rel1/bin/../lib/gcc/arm-none-eabi/13.2.1/thumb/v8-m.main+fp/hard\libm.a(libm_a-e_sqrt.o)
 .rodata.one    0x00004b00        0x8 C:/Users/admin/AppData/Local/Programs/Renesas/RA/e2studio_v2024-04_fsp_v5.4.0/toolchains/gcc_arm/13.2.rel1/bin/../lib/gcc/arm-none-eabi/13.2.1/thumb/v8-m.main+fp/hard\libm.a(libm_a-e_sqrt.o)
                0x00004b08                        __usb_dev_descriptor_start_fs = .
 *(.usb_device_desc_fs*)
                0x00004b08                        __usb_cfg_descriptor_start_fs = .
 *(.usb_config_desc_fs*)
                0x00004b08                        __usb_interface_descriptor_start_fs = .
 *(.usb_interface_desc_fs*)
                0x00004b08                        __usb_descriptor_end_fs = .
                0x00004b08                        __usb_dev_descriptor_start_hs = .
 *(.usb_device_desc_hs*)
                0x00004b08                        __usb_cfg_descriptor_start_hs = .
 *(.usb_config_desc_hs*)
                0x00004b08                        __usb_interface_descriptor_start_hs = .
 *(.usb_interface_desc_hs*)
                0x00004b08                        __usb_descriptor_end_hs = .
 *(.eh_frame*)
 .eh_frame      0x00004b08        0x0 C:/Users/admin/AppData/Local/Programs/Renesas/RA/e2studio_v2024-04_fsp_v5.4.0/toolchains/gcc_arm/13.2.rel1/bin/../lib/gcc/arm-none-eabi/13.2.1/thumb/v8-m.main+fp/hard/crtbegin.o
 .eh_frame      0x00004b08        0x4 C:/Users/admin/AppData/Local/Programs/Renesas/RA/e2studio_v2024-04_fsp_v5.4.0/toolchains/gcc_arm/13.2.rel1/bin/../lib/gcc/arm-none-eabi/13.2.1/thumb/v8-m.main+fp/hard/crtend.o
                0x00004b0c                        __ROM_End = .
                0x000001c0                        __Vectors_Size = (__Vectors_End - __Vectors)

.glue_7         0x00004b0c        0x0
 .glue_7        0x00004b0c        0x0 linker stubs

.glue_7t        0x00004b0c        0x0
 .glue_7t       0x00004b0c        0x0 linker stubs

.vfp11_veneer   0x00004b0c        0x0
 .vfp11_veneer  0x00004b0c        0x0 linker stubs

.v4_bx          0x00004b0c        0x0
 .v4_bx         0x00004b0c        0x0 linker stubs

.iplt           0x00004b0c        0x0
 .iplt          0x00004b0c        0x0 C:/Users/admin/AppData/Local/Programs/Renesas/RA/e2studio_v2024-04_fsp_v5.4.0/toolchains/gcc_arm/13.2.rel1/bin/../lib/gcc/arm-none-eabi/13.2.1/thumb/v8-m.main+fp/hard/crtbegin.o
                0x00004b0c                        . = .
                0x00004b0c                        __itcm_data_pre_location = .

.itcm_data      0x00000000        0x0 load address 0x00004b10
                0x00000000                        __tz_ITCM_S = ABSOLUTE (ITCM_START)
                0x00000000                        __itcm_data_start = .
 *(.itcm_data*)
                0x00000000                        . = ALIGN (0x8)
                0x00000000                        __itcm_data_end = .
                0x00000000                        __tz_ITCM_N = DEFINED (ITCM_NS_START)?ABSOLUTE (ITCM_NS_START):ALIGN (__itcm_data_end, 0x2000)
                0x00004b10                        __itcm_data_init_start = LOADADDR (.itcm_data)
                0x00004b10                        __itcm_data_init_end = (LOADADDR (.itcm_data) + SIZEOF (.itcm_data))
                0x00000001                        ASSERT (((ORIGIN (ITCM) % 0x8) == 0x0), ITCM memory region origin must be aligned to 8 bytes.)
                0x00000001                        ASSERT (((LENGTH (ITCM) % 0x8) == 0x0), ITCM memory region length must be a multiple of 8 bytes.)
                0x00000001                        ASSERT (((LOADADDR (.itcm_data) % 0x10) == 0x0), .itcm_data section must be aligned to 16 bytes.)
                0x00000001                        ASSERT (((SIZEOF (.itcm_data) % 0x8) == 0x0), .itcm_data section size must be a multiple of 8 bytes.)
                0x00004b0c                        . = (SIZEOF (.itcm_data) > 0x0)?__itcm_data_init_end:__itcm_data_pre_location
                0x00004b0c                        __exidx_start = .

/DISCARD/
 *(.ARM.extab* .gnu.linkonce.armextab.*)
 *(.ARM.exidx* .gnu.linkonce.armexidx.*)
                0x00004b0c                        __exidx_end = .
                0x00004b0c                        __etext = .
                0x20000000                        __tz_RAM_S = ORIGIN (RAM)

.fsp_dtc_vector_table
                0x20000000        0x0
                0x20000000                        . = ORIGIN (RAM)
 *(.fsp_dtc_vector_table)

.data           0x20000000      0x168 load address 0x00004b0c
                0x20000000                        __data_start__ = .
                0x20000000                        . = ALIGN (0x4)
                0x20000000                        __Code_In_RAM_Start = .
 *(.code_in_ram*)
                0x20000000                        __Code_In_RAM_End = .
 *(vtable)
 *(.data.*)
 .data.g_comms_i2c_bus0_extended_cfg
                0x20000000       0x14 ./ra_gen/common_data.o
                0x20000000                g_comms_i2c_bus0_extended_cfg
 .data.g_zmod4xxx_sensor0_extended_cfg
                0x20000014       0x2c ./ra_gen/hal_data.o
                0x20000014                g_zmod4xxx_sensor0_extended_cfg
 .data.g_zmod4410_iaq_1st_gen_sensor_type
                0x20000040       0x90 ./ra/fsp/src/rm_zmod4xxx/iaq_1st_gen/rm_zmod4410_iaq_1st_gen.o
                0x20000040                g_zmod4410_iaq_1st_gen_sensor_type
 .data.data_set_4410_lpow
                0x200000d0       0x28 ./ra/fsp/src/rm_zmod4xxx/iaq_1st_gen/rm_zmod4410_iaq_1st_gen.o
 .data.data_set_4410_cont
                0x200000f8        0xb ./ra/fsp/src/rm_zmod4xxx/iaq_1st_gen/rm_zmod4410_iaq_1st_gen.o
 *fill*         0x20000103        0x1 
 .data.data_set_4410i
                0x20000104        0xa ./ra/fsp/src/rm_zmod4xxx/iaq_1st_gen/rm_zmod4410_iaq_1st_gen.o
 *fill*         0x2000010e        0x2 
 .data._impure_ptr
                0x20000110        0x4 C:/Users/admin/AppData/Local/Programs/Renesas/RA/e2studio_v2024-04_fsp_v5.4.0/toolchains/gcc_arm/13.2.rel1/bin/../lib/gcc/arm-none-eabi/13.2.1/thumb/v8-m.main+fp/hard\libg_nano.a(libc_a-impure.o)
                0x20000110                _impure_ptr
 .data._impure_data
                0x20000114       0x4c C:/Users/admin/AppData/Local/Programs/Renesas/RA/e2studio_v2024-04_fsp_v5.4.0/toolchains/gcc_arm/13.2.rel1/bin/../lib/gcc/arm-none-eabi/13.2.1/thumb/v8-m.main+fp/hard\libg_nano.a(libc_a-impure.o)
                0x20000114                _impure_data
 *(.data)
                0x20000160                        . = ALIGN (0x4)
                0x20000160                        PROVIDE (__preinit_array_start = .)
 *(.preinit_array)
                0x20000160                        PROVIDE (__preinit_array_end = .)
                0x20000160                        . = ALIGN (0x4)
                0x20000160                        PROVIDE (__init_array_start = .)
 *(SORT_BY_NAME(.init_array.*))
 *(.init_array)
 .init_array    0x20000160        0x4 C:/Users/admin/AppData/Local/Programs/Renesas/RA/e2studio_v2024-04_fsp_v5.4.0/toolchains/gcc_arm/13.2.rel1/bin/../lib/gcc/arm-none-eabi/13.2.1/thumb/v8-m.main+fp/hard/crtbegin.o
                0x20000164                        PROVIDE (__init_array_end = .)
                0x20000164                        . = ALIGN (0x4)
                [!provide]                        PROVIDE (__fini_array_start = .)
 *(SORT_BY_NAME(.fini_array.*))
 *(.fini_array)
 .fini_array    0x20000164        0x4 C:/Users/admin/AppData/Local/Programs/Renesas/RA/e2studio_v2024-04_fsp_v5.4.0/toolchains/gcc_arm/13.2.rel1/bin/../lib/gcc/arm-none-eabi/13.2.1/thumb/v8-m.main+fp/hard/crtbegin.o
                [!provide]                        PROVIDE (__fini_array_end = .)
 *(.jcr*)
                0x20000168                        . = ALIGN (0x4)
                0x20000168                        __data_end__ = .

.tm_clone_table
                0x20000168        0x0 load address 0x00004c74
 .tm_clone_table
                0x20000168        0x0 C:/Users/admin/AppData/Local/Programs/Renesas/RA/e2studio_v2024-04_fsp_v5.4.0/toolchains/gcc_arm/13.2.rel1/bin/../lib/gcc/arm-none-eabi/13.2.1/thumb/v8-m.main+fp/hard/crtbegin.o
 .tm_clone_table
                0x20000168        0x0 C:/Users/admin/AppData/Local/Programs/Renesas/RA/e2studio_v2024-04_fsp_v5.4.0/toolchains/gcc_arm/13.2.rel1/bin/../lib/gcc/arm-none-eabi/13.2.1/thumb/v8-m.main+fp/hard/crtend.o

.igot.plt       0x20000168        0x0 load address 0x00004c74
 .igot.plt      0x20000168        0x0 C:/Users/admin/AppData/Local/Programs/Renesas/RA/e2studio_v2024-04_fsp_v5.4.0/toolchains/gcc_arm/13.2.rel1/bin/../lib/gcc/arm-none-eabi/13.2.1/thumb/v8-m.main+fp/hard/crtbegin.o
                0x20000168                        . = .
                0x00004c74                        __dtcm_data_pre_location = (LOADADDR (.data) + SIZEOF (.data))

.dtcm_data      0x00000000        0x0 load address 0x00004c80
                0x00000000                        __tz_DTCM_S = ABSOLUTE (DTCM_START)
                0x00000000                        __dtcm_data_start = .
 *(.dtcm_data*)
                0x00000000                        . = ALIGN (0x8)
                0x00000000                        __dtcm_data_end = .
                0x00000000                        . = __dtcm_data_end

.dtcm_bss       0x00000000        0x0
                0x00000000                        __dtcm_bss_start = .
 *(.dtcm_bss*)
                0x00000000                        . = ALIGN (0x8)
                0x00000000                        __dtcm_bss_end = .
                0x00000000                        __tz_DTCM_N = DEFINED (DTCM_NS_START)?ABSOLUTE (DTCM_NS_START):ALIGN (__dtcm_bss_end, 0x2000)
                0x00004c80                        __dtcm_data_init_start = LOADADDR (.dtcm_data)
                0x00004c80                        __dtcm_data_init_end = (LOADADDR (.dtcm_data) + SIZEOF (.dtcm_data))
                0x00000001                        ASSERT (((ORIGIN (DTCM) % 0x8) == 0x0), DTCM memory region origin must be aligned to 8 bytes.)
                0x00000001                        ASSERT (((LENGTH (DTCM) % 0x8) == 0x0), DTCM memory region length must be a multiple of 8 bytes.)
                0x00000001                        ASSERT ((LOADADDR (.dtcm_bss) == ADDR (.dtcm_bss)), .dtcm_bss has (VMA != LMA) but should be NOLOAD (VMA == LMA).)
                0x00000001                        ASSERT (((LOADADDR (.dtcm_data) % 0x10) == 0x0), .dtcm_data section must be aligned to 16 bytes.)
                0x00000001                        ASSERT (((SIZEOF (.dtcm_data) % 0x8) == 0x0), .dtcm_data section size must be a multiple of 8 bytes.)
                0x00000001                        ASSERT (((LOADADDR (.dtcm_bss) % 0x8) == 0x0), .dtcm_bss section must be aligned to 8 bytes.)
                0x00000001                        ASSERT (((SIZEOF (.dtcm_bss) % 0x8) == 0x0), .dtcm_bss section size must be a multiple of 8 bytes.)
                0x00000001                        ASSERT ((__dtcm_bss_start == __dtcm_data_end), .dtcm_bss section is not adjacent to .dtcm_data section.)
                0x00004c74                        . = (SIZEOF (.dtcm_data) > 0x0)?__dtcm_data_init_end:__dtcm_data_pre_location
                0x00004c74                        sgstubs_pre_location = .
                0x00005000                        SGSTUBS_LOC = (DEFINED (PROJECT_SECURE) && DEFINED (FLASH_NSC_START))?ABSOLUTE (FLASH_NSC_START):ALIGN (0x400)

.gnu.sgstubs    0x00005000        0x0
                0x00005000                        __tz_FLASH_C = DEFINED (FLASH_NSC_START)?ABSOLUTE (FLASH_NSC_START):__RESERVE_NS_RAM?ABSOLUTE ((FLASH_START + FLASH_LENGTH)):ALIGN (0x400)
                0x00005000                        _start_sg = .
 *(.gnu.sgstubs*)
                0x00005000                        . = ALIGN (0x20)
                0x00005000                        _end_sg = .
                0x00008000                        __tz_FLASH_N = DEFINED (FLASH_NS_START)?ABSOLUTE (FLASH_NS_START):__RESERVE_NS_RAM?ABSOLUTE ((FLASH_START + FLASH_LENGTH)):(FLASH_LENGTH < 0x8000)?FLASH_LENGTH:ALIGN (0x8000)
                0x00008000                        FLASH_NS_IMAGE_START = DEFINED (FLASH_NS_IMAGE_START)?FLASH_NS_IMAGE_START:__tz_FLASH_N
                0x60000000                        __tz_QSPI_FLASH_S = ORIGIN (QSPI_FLASH)

.qspi_flash     0x60000000        0x0
                0x60000000                        __qspi_flash_start__ = .
 *(.qspi_flash*)
 *(.code_in_qspi*)
                0x60000000                        __qspi_flash_end__ = .
                0x00000000                        __qspi_flash_code_size__ = (__qspi_flash_end__ - __qspi_flash_start__)
                0x00004c74                        __qspi_flash_code_addr__ = sgstubs_pre_location

.qspi_non_retentive
                0x60000000        0x0 load address 0x00004c74
                0x60000000                        __qspi_non_retentive_start__ = .
 *(.qspi_non_retentive*)
                0x60000000                        __qspi_non_retentive_end__ = .
                0x00000000                        __qspi_non_retentive_size__ = (__qspi_non_retentive_end__ - __qspi_non_retentive_start__)
                0x04000000                        __qspi_region_max_size__ = 0x4000000
                0x60000000                        __qspi_region_start_address__ = __qspi_flash_start__
                0x64000000                        __qspi_region_end_address__ = (__qspi_flash_start__ + __qspi_region_max_size__)
                0x60000000                        __tz_QSPI_FLASH_N = __qspi_non_retentive_end__

.OSPI_DEVICE_0_NO_LOAD
                0x68000000        0x0
                0x68000000                        . = ALIGN (0x4)
                0x68000000                        __ospi_device_0_start__ = .
 *(.ospi_device_0_no_load*)
                0x68000000                        . = ALIGN (0x4)
                0x68000000                        __ospi_device_0_end__ = .

.OSPI_DEVICE_1_NO_LOAD
                0x70000000        0x0
                0x70000000                        . = ALIGN (0x4)
                0x70000000                        __ospi_device_1_start__ = .
 *(.ospi_device_1_no_load*)
                0x70000000                        . = ALIGN (0x4)
                0x70000000                        __ospi_device_1_end__ = .
                0x68000000                        __tz_OSPI_DEVICE_0_S = ORIGIN (OSPI_DEVICE_0)

.OSPI_DEVICE_0  0x68000000        0x0
                0x68000000                        __ospi_device_0_start__ = .
 *(.ospi_device_0*)
 *(.code_in_ospi_device_0*)
                0x68000000                        __ospi_device_0_end__ = .
                0x00000000                        __ospi_device_0_code_size__ = (__ospi_device_0_end__ - __ospi_device_0_start__)
                0x00004c74                        __ospi_device_0_code_addr__ = (sgstubs_pre_location + SIZEOF (.qspi_non_retentive))

.ospi_device_0_non_retentive
                0x68000000        0x0 load address 0x00004c74
                0x68000000                        __ospi_device_0_non_retentive_start__ = .
 *(.ospi_device_0_non_retentive*)
                0x68000000                        __ospi_device_0_non_retentive_end__ = .
                0x00000000                        __ospi_device_0_non_retentive_size__ = (__ospi_device_0_non_retentive_end__ - __ospi_device_0_non_retentive_start__)
                0x08000000                        __ospi_device_0_region_max_size__ = 0x8000000
                0x68000000                        __ospi_device_0_region_start_address__ = __ospi_device_0_start__
                0x70000000                        __ospi_device_0_region_end_address__ = (__ospi_device_0_start__ + __ospi_device_0_region_max_size__)
                0x68000000                        __tz_OSPI_DEVICE_0_N = __ospi_device_0_non_retentive_end__
                0x70000000                        __tz_OSPI_DEVICE_1_S = ORIGIN (OSPI_DEVICE_1)

.OSPI_DEVICE_1  0x70000000        0x0
                0x70000000                        __ospi_device_1_start__ = .
 *(.ospi_device_1*)
 *(.code_in_ospi_device_1*)
                0x70000000                        __ospi_device_1_end__ = .
                0x00000000                        __ospi_device_1_code_size__ = (__ospi_device_1_end__ - __ospi_device_1_start__)
                0x00004c74                        __ospi_device_1_code_addr__ = (sgstubs_pre_location + (SIZEOF (.qspi_non_retentive) + SIZEOF (.ospi_device_0_non_retentive)))

.ospi_device_1_non_retentive
                0x70000000        0x0 load address 0x00004c74
                0x70000000                        __ospi_device_1_non_retentive_start__ = .
 *(.ospi_device_1_non_retentive*)
                0x70000000                        __ospi_device_1_non_retentive_end__ = .
                0x00000000                        __ospi_device_1_non_retentive_size__ = (__ospi_device_1_non_retentive_end__ - __ospi_device_1_non_retentive_start__)
                0x10000000                        __ospi_device_1_region_max_size__ = 0x10000000
                0x70000000                        __ospi_device_1_region_start_address__ = __ospi_device_1_start__
                0x80000000                        __ospi_device_1_region_end_address__ = (__ospi_device_1_start__ + __ospi_device_1_region_max_size__)
                0x70000000                        __tz_OSPI_DEVICE_1_N = __ospi_device_1_non_retentive_end__

.noinit         0x20000168       0x20
                0x20000168                        . = ALIGN (0x4)
                0x20000168                        __noinit_start = .
 *(.noinit*)
 .noinit        0x20000168       0x1c ./ra/fsp/src/bsp/mcu/all/bsp_clocks.o
                0x20000188                        . = ALIGN (0x8)
 *fill*         0x20000184        0x4 
 *(.heap.*)
                0x20000188                        __noinit_end = .

.bss            0x20000188      0x4bc
                0x20000188                        . = ALIGN (0x4)
                0x20000188                        __bss_start__ = .
 *(.bss*)
 .bss.completed.1
                0x20000188        0x1 C:/Users/admin/AppData/Local/Programs/Renesas/RA/e2studio_v2024-04_fsp_v5.4.0/toolchains/gcc_arm/13.2.rel1/bin/../lib/gcc/arm-none-eabi/13.2.1/thumb/v8-m.main+fp/hard/crtbegin.o
 *fill*         0x20000189        0x3 
 .bss.object.0  0x2000018c       0x18 C:/Users/admin/AppData/Local/Programs/Renesas/RA/e2studio_v2024-04_fsp_v5.4.0/toolchains/gcc_arm/13.2.rel1/bin/../lib/gcc/arm-none-eabi/13.2.1/thumb/v8-m.main+fp/hard/crtbegin.o
 .bss.zmod_1st_data
                0x200001a4       0x18 ./src/hal_entry.o
                0x200001a4                zmod_1st_data
 .bss.g_zmod4xxx_irq_completed
                0x200001bc        0x1 ./src/hal_entry.o
                0x200001bc                g_zmod4xxx_irq_completed
 .bss.g_zmod4xxx_i2c_callback_event
                0x200001bd        0x1 ./src/hal_entry.o
                0x200001bd                g_zmod4xxx_i2c_callback_event
 .bss.g_zmod4xxx_i2c_completed
                0x200001be        0x1 ./src/hal_entry.o
                0x200001be                g_zmod4xxx_i2c_completed
 *fill*         0x200001bf        0x1 
 .bss.g_ioport_ctrl
                0x200001c0        0x8 ./ra_gen/common_data.o
                0x200001c0                g_ioport_ctrl
 .bss.g_i2c_master0_ctrl
                0x200001c8       0x40 ./ra_gen/common_data.o
                0x200001c8                g_i2c_master0_ctrl
 .bss.g_external_irq0_ctrl
                0x20000208       0x10 ./ra_gen/common_data.o
                0x20000208                g_external_irq0_ctrl
 .bss.g_zmod4xxx_sensor0_ctrl
                0x20000218       0x70 ./ra_gen/hal_data.o
                0x20000218                g_zmod4xxx_sensor0_ctrl
 .bss.g_zmod4xxx_sensor0_product_data
                0x20000288        0x6 ./ra_gen/hal_data.o
                0x20000288                g_zmod4xxx_sensor0_product_data
 *fill*         0x2000028e        0x2 
 .bss.g_zmod4xxx_sensor0_lib_results
                0x20000290       0x18 ./ra_gen/hal_data.o
                0x20000290                g_zmod4xxx_sensor0_lib_results
 .bss.g_zmod4xxx_sensor0_lib_handle
                0x200002a8       0x48 ./ra_gen/hal_data.o
                0x200002a8                g_zmod4xxx_sensor0_lib_handle
 .bss.g_zmod4xxx_sensor0_dev
                0x200002f0       0x28 ./ra_gen/hal_data.o
                0x200002f0                g_zmod4xxx_sensor0_dev
 .bss.g_comms_i2c_device0_ctrl
                0x20000318       0x24 ./ra_gen/hal_data.o
                0x20000318                g_comms_i2c_device0_ctrl
 .bss.g_bsp_group_irq_sources
                0x2000033c       0x40 ./ra/fsp/src/bsp/mcu/all/bsp_group_irq.o
                0x2000033c                g_bsp_group_irq_sources
 .bss.g_protect_pfswe_counter
                0x2000037c        0x4 ./ra/fsp/src/bsp/mcu/all/bsp_io.o
                0x2000037c                g_protect_pfswe_counter
 .bss.gp_renesas_isr_context
                0x20000380      0x180 ./ra/fsp/src/bsp/mcu/all/bsp_irq.o
                0x20000380                gp_renesas_isr_context
 .bss.g_protect_counters
                0x20000500        0x8 ./ra/fsp/src/bsp/mcu/all/bsp_register_protection.o
                0x20000500                g_protect_counters
 .bss.SystemCoreClock
                0x20000508        0x4 ./ra/fsp/src/bsp/cmsis/Device/RENESAS/Source/system.o
                0x20000508                SystemCoreClock
 .bss.__sf      0x2000050c      0x138 C:/Users/admin/AppData/Local/Programs/Renesas/RA/e2studio_v2024-04_fsp_v5.4.0/toolchains/gcc_arm/13.2.rel1/bin/../lib/gcc/arm-none-eabi/13.2.1/thumb/v8-m.main+fp/hard\libg_nano.a(libc_a-findfp.o)
                0x2000050c                __sf
 *(COMMON)
                0x20000644                        . = ALIGN (0x4)
                0x20000644                        __bss_end__ = .

.heap           0x20000644        0x4
                0x20000648                        . = ALIGN (0x8)
 *fill*         0x20000644        0x4 
                0x20000648                        __HeapBase = .
 *(.heap)
                0x20000648                        __HeapLimit = .

.stack_dummy    0x20000648      0x400
                0x20000648                        . = ALIGN (0x8)
                0x20000648                        __StackLimit = .
 *(.stack)
 .stack         0x20000648      0x400 ./ra/fsp/src/bsp/cmsis/Device/RENESAS/Source/startup.o
                0x20000a48                        __StackTop = .
 *(.stack*)
                0x20000a48                        __StackTopAll = .
                0x20000a48                        PROVIDE (__stack = __StackTopAll)
                0x20000a48                        __RAM_segment_used_end__ = ALIGN (__StackTopAll, 0x4)
                0x20000c00                        __tz_RAM_C = DEFINED (RAM_NSC_START)?ABSOLUTE ((RAM_NSC_START - RAM_NS_BUFFER_BLOCK_LENGTH)):__RESERVE_NS_RAM?ABSOLUTE (RAM_NS_BUFFER_BLOCK_START):ALIGN (__RAM_segment_used_end__, 0x400)
                0x20002000                        __tz_RAM_N = DEFINED (RAM_NS_START)?ABSOLUTE ((RAM_NS_START - RAM_NS_BUFFER_BLOCK_LENGTH)):__RESERVE_NS_RAM?ABSOLUTE (RAM_NS_BUFFER_BLOCK_START):ALIGN (__tz_RAM_C, 0x2000)

.ns_buffer      0x20000a48        0x0
                0x20000a48                        . = __RESERVE_NS_RAM?ABSOLUTE ((RAM_NS_BUFFER_START & 0xffffffe0)):.
 *(.ns_buffer*)

.data_flash     0x08000000        0x0
                0x08000000                        . = ORIGIN (DATA_FLASH)
                0x08000000                        __tz_DATA_FLASH_S = .
                0x08000000                        __Data_Flash_Start = .
 *(.data_flash*)
                0x08000000                        __Data_Flash_End = .
                0x08000000                        __tz_DATA_FLASH_N = DEFINED (DATA_FLASH_NS_START)?ABSOLUTE (DATA_FLASH_NS_START):__RESERVE_NS_RAM?ABSOLUTE ((DATA_FLASH_START + DATA_FLASH_LENGTH)):ALIGN (0x400)
                0x80010000                        __tz_SDRAM_S = ORIGIN (SDRAM)

.sdram          0x80010000        0x0
                0x80010000                        __SDRAM_Start = .
 *(.sdram*)
 *(.frame*)
                0x80010000                        __SDRAM_End = .
                0x80010000                        __tz_SDRAM_N = __SDRAM_End
                0x00000000                        __tz_ID_CODE_S = ORIGIN (ID_CODE)
                0x00000000                        __tz_ID_CODE_N = __tz_ID_CODE_S

.id_code        0x00000000        0x0
                0x00000000                        __ID_Code_Start = .
 *(.id_code*)
                0x00000000                        __ID_Code_End = .
                0x0100a100                        __tz_OPTION_SETTING_S = ORIGIN (OPTION_SETTING_OFS)

.option_setting_ofs
                0x0100a100       0x14
                0x0100a100                        __OPTION_SETTING_OFS_Start = .
 *(.option_setting_ofs0)
 .option_setting_ofs0
                0x0100a100        0x4 ./ra/fsp/src/bsp/mcu/all/bsp_rom_registers.o
                0x0100a104                        . = PROJECT_SECURE_OR_FLAT?(__OPTION_SETTING_OFS_Start + 0x4):__OPTION_SETTING_OFS_Start
 *(.option_setting_ofs2)
                0x0100a110                        . = PROJECT_SECURE_OR_FLAT?(__OPTION_SETTING_OFS_Start + 0x10):__OPTION_SETTING_OFS_Start
 *fill*         0x0100a104        0xc ff
 *(.option_setting_dualsel)
 .option_setting_dualsel
                0x0100a110        0x4 ./ra/fsp/src/bsp/mcu/all/bsp_rom_registers.o
                0x0100a114                        __OPTION_SETTING_OFS_End = .

.option_setting_sas
                0x0100a134        0x4
                0x0100a134                        __OPTION_SETTING_SAS_Start = .
 *(.option_setting_sas)
 .option_setting_sas
                0x0100a134        0x4 ./ra/fsp/src/bsp/mcu/all/bsp_rom_registers.o
                0x0100a138                        __OPTION_SETTING_SAS_End = .
                0x0100a180                        __tz_OPTION_SETTING_N = ABSOLUTE (OPTION_SETTING_START_NS)

.option_setting_ns
                0x0100a100        0x0
                0x0100a100                        __OPTION_SETTING_NS_Start = .
 *(.option_setting_ofs1)
                0x0100a100                        . = USE_OPTION_SETTING_NS?(__OPTION_SETTING_NS_Start + 0x4):__OPTION_SETTING_NS_Start
 *(.option_setting_ofs3)
                0x0100a100                        . = USE_OPTION_SETTING_NS?(__OPTION_SETTING_NS_Start + 0x10):__OPTION_SETTING_NS_Start
 *(.option_setting_banksel)
                0x0100a100                        . = USE_OPTION_SETTING_NS?(__OPTION_SETTING_NS_Start + 0x40):__OPTION_SETTING_NS_Start
 *(.option_setting_bps0)
                0x0100a100                        . = USE_OPTION_SETTING_NS?(__OPTION_SETTING_NS_Start + 0x44):__OPTION_SETTING_NS_Start
 *(.option_setting_bps1)
                0x0100a100                        . = USE_OPTION_SETTING_NS?(__OPTION_SETTING_NS_Start + 0x48):__OPTION_SETTING_NS_Start
 *(.option_setting_bps2)
                0x0100a100                        . = USE_OPTION_SETTING_NS?(__OPTION_SETTING_NS_Start + 0x4c):__OPTION_SETTING_NS_Start
 *(.option_setting_bps3)
                0x0100a100                        . = USE_OPTION_SETTING_NS?(__OPTION_SETTING_NS_Start + 0x60):__OPTION_SETTING_NS_Start
 *(.option_setting_pbps0)
                0x0100a100                        . = USE_OPTION_SETTING_NS?(__OPTION_SETTING_NS_Start + 0x64):__OPTION_SETTING_NS_Start
 *(.option_setting_pbps1)
                0x0100a100                        . = USE_OPTION_SETTING_NS?(__OPTION_SETTING_NS_Start + 0x68):__OPTION_SETTING_NS_Start
 *(.option_setting_pbps2)
                0x0100a100                        . = USE_OPTION_SETTING_NS?(__OPTION_SETTING_NS_Start + 0x6c):__OPTION_SETTING_NS_Start
 *(.option_setting_pbps3)
                0x0100a100                        __OPTION_SETTING_NS_End = .
                0x0100a200                        __tz_OPTION_SETTING_S_S = ORIGIN (OPTION_SETTING_S)

.option_setting_s
                0x0100a200       0xd0
                0x0100a200                        __OPTION_SETTING_S_Start = .
 *(.option_setting_ofs1_sec)
 .option_setting_ofs1_sec
                0x0100a200        0x4 ./ra/fsp/src/bsp/mcu/all/bsp_rom_registers.o
                0x0100a204                        . = PROJECT_SECURE_OR_FLAT?(__OPTION_SETTING_S_Start + 0x4):__OPTION_SETTING_S_Start
 *(.option_setting_ofs3_sec)
                0x0100a210                        . = PROJECT_SECURE_OR_FLAT?(__OPTION_SETTING_S_Start + 0x10):__OPTION_SETTING_S_Start
 *fill*         0x0100a204        0xc ff
 *(.option_setting_banksel_sec)
 .option_setting_banksel_sec
                0x0100a210        0x4 ./ra/fsp/src/bsp/mcu/all/bsp_rom_registers.o
                0x0100a240                        . = PROJECT_SECURE_OR_FLAT?(__OPTION_SETTING_S_Start + 0x40):__OPTION_SETTING_S_Start
 *fill*         0x0100a214       0x2c ff
 *(.option_setting_bps_sec0)
 .option_setting_bps_sec0
                0x0100a240        0x4 ./ra/fsp/src/bsp/mcu/all/bsp_rom_registers.o
                0x0100a244                        . = PROJECT_SECURE_OR_FLAT?(__OPTION_SETTING_S_Start + 0x44):__OPTION_SETTING_S_Start
 *(.option_setting_bps_sec1)
 .option_setting_bps_sec1
                0x0100a244        0x4 ./ra/fsp/src/bsp/mcu/all/bsp_rom_registers.o
                0x0100a248                        . = PROJECT_SECURE_OR_FLAT?(__OPTION_SETTING_S_Start + 0x48):__OPTION_SETTING_S_Start
 *(.option_setting_bps_sec2)
 .option_setting_bps_sec2
                0x0100a248        0x4 ./ra/fsp/src/bsp/mcu/all/bsp_rom_registers.o
                0x0100a24c                        . = PROJECT_SECURE_OR_FLAT?(__OPTION_SETTING_S_Start + 0x4c):__OPTION_SETTING_S_Start
 *(.option_setting_bps_sec3)
 .option_setting_bps_sec3
                0x0100a24c        0x4 ./ra/fsp/src/bsp/mcu/all/bsp_rom_registers.o
                0x0100a260                        . = PROJECT_SECURE_OR_FLAT?(__OPTION_SETTING_S_Start + 0x60):__OPTION_SETTING_S_Start
 *fill*         0x0100a250       0x10 ff
 *(.option_setting_pbps_sec0)
 .option_setting_pbps_sec0
                0x0100a260        0x4 ./ra/fsp/src/bsp/mcu/all/bsp_rom_registers.o
                0x0100a264                        . = PROJECT_SECURE_OR_FLAT?(__OPTION_SETTING_S_Start + 0x64):__OPTION_SETTING_S_Start
 *(.option_setting_pbps_sec1)
 .option_setting_pbps_sec1
                0x0100a264        0x4 ./ra/fsp/src/bsp/mcu/all/bsp_rom_registers.o
                0x0100a268                        . = PROJECT_SECURE_OR_FLAT?(__OPTION_SETTING_S_Start + 0x68):__OPTION_SETTING_S_Start
 *(.option_setting_pbps_sec2)
 .option_setting_pbps_sec2
                0x0100a268        0x4 ./ra/fsp/src/bsp/mcu/all/bsp_rom_registers.o
                0x0100a26c                        . = PROJECT_SECURE_OR_FLAT?(__OPTION_SETTING_S_Start + 0x6c):__OPTION_SETTING_S_Start
 *(.option_setting_pbps_sec3)
 .option_setting_pbps_sec3
                0x0100a26c        0x4 ./ra/fsp/src/bsp/mcu/all/bsp_rom_registers.o
                0x0100a280                        . = PROJECT_SECURE_OR_FLAT?(__OPTION_SETTING_S_Start + 0x80):__OPTION_SETTING_S_Start
 *fill*         0x0100a270       0x10 ff
 *(.option_setting_ofs1_sel)
 .option_setting_ofs1_sel
                0x0100a280        0x4 ./ra/fsp/src/bsp/mcu/all/bsp_rom_registers.o
                0x0100a284                        . = PROJECT_SECURE_OR_FLAT?(__OPTION_SETTING_S_Start + 0x84):__OPTION_SETTING_S_Start
 *(.option_setting_ofs3_sel)
                0x0100a290                        . = PROJECT_SECURE_OR_FLAT?(__OPTION_SETTING_S_Start + 0x90):__OPTION_SETTING_S_Start
 *fill*         0x0100a284        0xc ff
 *(.option_setting_banksel_sel)
 .option_setting_banksel_sel
                0x0100a290        0x4 ./ra/fsp/src/bsp/mcu/all/bsp_rom_registers.o
                0x0100a2c0                        . = PROJECT_SECURE_OR_FLAT?(__OPTION_SETTING_S_Start + 0xc0):__OPTION_SETTING_S_Start
 *fill*         0x0100a294       0x2c ff
 *(.option_setting_bps_sel0)
 .option_setting_bps_sel0
                0x0100a2c0        0x4 ./ra/fsp/src/bsp/mcu/all/bsp_rom_registers.o
                0x0100a2c4                        . = PROJECT_SECURE_OR_FLAT?(__OPTION_SETTING_S_Start + 0xc4):__OPTION_SETTING_S_Start
 *(.option_setting_bps_sel1)
 .option_setting_bps_sel1
                0x0100a2c4        0x4 ./ra/fsp/src/bsp/mcu/all/bsp_rom_registers.o
                0x0100a2c8                        . = PROJECT_SECURE_OR_FLAT?(__OPTION_SETTING_S_Start + 0xc8):__OPTION_SETTING_S_Start
 *(.option_setting_bps_sel2)
 .option_setting_bps_sel2
                0x0100a2c8        0x4 ./ra/fsp/src/bsp/mcu/all/bsp_rom_registers.o
                0x0100a2cc                        . = PROJECT_SECURE_OR_FLAT?(__OPTION_SETTING_S_Start + 0xcc):__OPTION_SETTING_S_Start
 *(.option_setting_bps_sel3)
 .option_setting_bps_sel3
                0x0100a2cc        0x4 ./ra/fsp/src/bsp/mcu/all/bsp_rom_registers.o
                0x0100a2d0                        __OPTION_SETTING_S_End = .
                0x0100a2d0                        __tz_OPTION_SETTING_S_N = __OPTION_SETTING_S_End
OUTPUT(NewZMod4.elf elf32-littlearm)
LOAD linker stubs

.rel.dyn        0x0100a2d0        0x0
 .rel.iplt      0x0100a2d0        0x0 C:/Users/admin/AppData/Local/Programs/Renesas/RA/e2studio_v2024-04_fsp_v5.4.0/toolchains/gcc_arm/13.2.rel1/bin/../lib/gcc/arm-none-eabi/13.2.1/thumb/v8-m.main+fp/hard/crtbegin.o

.ARM.attributes
                0x00000000       0x36
 .ARM.attributes
                0x00000000       0x26 C:/Users/admin/AppData/Local/Programs/Renesas/RA/e2studio_v2024-04_fsp_v5.4.0/toolchains/gcc_arm/13.2.rel1/bin/../lib/gcc/arm-none-eabi/13.2.1/thumb/v8-m.main+fp/hard/crti.o
 .ARM.attributes
                0x00000026       0x38 C:/Users/admin/AppData/Local/Programs/Renesas/RA/e2studio_v2024-04_fsp_v5.4.0/toolchains/gcc_arm/13.2.rel1/bin/../lib/gcc/arm-none-eabi/13.2.1/thumb/v8-m.main+fp/hard/crtbegin.o
 .ARM.attributes
                0x0000005e       0x3a ./src/hal_entry.o
 .ARM.attributes
                0x00000098       0x3a ./ra_gen/common_data.o
 .ARM.attributes
                0x000000d2       0x3a ./ra_gen/hal_data.o
 .ARM.attributes
                0x0000010c       0x3a ./ra_gen/main.o
 .ARM.attributes
                0x00000146       0x3a ./ra_gen/pin_data.o
 .ARM.attributes
                0x00000180       0x3a ./ra_gen/vector_data.o
 .ARM.attributes
                0x000001ba       0x3a ./ra/fsp/src/rm_zmod4xxx/iaq_1st_gen/rm_zmod4410_iaq_1st_gen.o
 .ARM.attributes
                0x000001f4       0x3a ./ra/fsp/src/rm_zmod4xxx/rm_zmod4xxx.o
 .ARM.attributes
                0x0000022e       0x3a ./ra/fsp/src/rm_zmod4xxx/rm_zmod4xxx_ra_driver.o
 .ARM.attributes
                0x00000268       0x3a ./ra/fsp/src/rm_comms_i2c/rm_comms_i2c.o
 .ARM.attributes
                0x000002a2       0x3a ./ra/fsp/src/rm_comms_i2c/rm_comms_i2c_driver_ra.o
 .ARM.attributes
                0x000002dc       0x3a ./ra/fsp/src/r_ioport/r_ioport.o
 .ARM.attributes
                0x00000316       0x3a ./ra/fsp/src/r_iic_master/r_iic_master.o
 .ARM.attributes
                0x00000350       0x3a ./ra/fsp/src/r_icu/r_icu.o
 .ARM.attributes
                0x0000038a       0x3a ./ra/fsp/src/bsp/mcu/all/bsp_clocks.o
 .ARM.attributes
                0x000003c4       0x3a ./ra/fsp/src/bsp/mcu/all/bsp_common.o
 .ARM.attributes
                0x000003fe       0x3a ./ra/fsp/src/bsp/mcu/all/bsp_delay.o
 .ARM.attributes
                0x00000438       0x3a ./ra/fsp/src/bsp/mcu/all/bsp_group_irq.o
 .ARM.attributes
                0x00000472       0x3a ./ra/fsp/src/bsp/mcu/all/bsp_io.o
 .ARM.attributes
                0x000004ac       0x3a ./ra/fsp/src/bsp/mcu/all/bsp_irq.o
 .ARM.attributes
                0x000004e6       0x3a ./ra/fsp/src/bsp/mcu/all/bsp_register_protection.o
 .ARM.attributes
                0x00000520       0x3a ./ra/fsp/src/bsp/mcu/all/bsp_rom_registers.o
 .ARM.attributes
                0x0000055a       0x3a ./ra/fsp/src/bsp/cmsis/Device/RENESAS/Source/startup.o
 .ARM.attributes
                0x00000594       0x3a ./ra/fsp/src/bsp/cmsis/Device/RENESAS/Source/system.o
 .ARM.attributes
                0x000005ce       0x3a ./ra/board/ra6m5_ck/board_init.o
 .ARM.attributes
                0x00000608       0x3a D:\KySuBachKhoa\CongNgheIOT\CodeTuan4_CuongPhucManh\NewZMod4\NewZMod4\ra\fsp\lib\rm_zmod4xxx\cm33_gcc\lib_iaq_1st_gen.a(iaq_1st_gen.o)
 .ARM.attributes
                0x00000642       0x26 C:/Users/admin/AppData/Local/Programs/Renesas/RA/e2studio_v2024-04_fsp_v5.4.0/toolchains/gcc_arm/13.2.rel1/bin/../lib/gcc/arm-none-eabi/13.2.1/thumb/v8-m.main+fp/hard\libgcc.a(_arm_addsubdf3.o)
 .ARM.attributes
                0x00000668       0x26 C:/Users/admin/AppData/Local/Programs/Renesas/RA/e2studio_v2024-04_fsp_v5.4.0/toolchains/gcc_arm/13.2.rel1/bin/../lib/gcc/arm-none-eabi/13.2.1/thumb/v8-m.main+fp/hard\libgcc.a(_arm_cmpdf2.o)
 .ARM.attributes
                0x0000068e       0x26 C:/Users/admin/AppData/Local/Programs/Renesas/RA/e2studio_v2024-04_fsp_v5.4.0/toolchains/gcc_arm/13.2.rel1/bin/../lib/gcc/arm-none-eabi/13.2.1/thumb/v8-m.main+fp/hard\libgcc.a(_arm_truncdfsf2.o)
 .ARM.attributes
                0x000006b4       0x38 C:/Users/admin/AppData/Local/Programs/Renesas/RA/e2studio_v2024-04_fsp_v5.4.0/toolchains/gcc_arm/13.2.rel1/bin/../lib/gcc/arm-none-eabi/13.2.1/thumb/v8-m.main+fp/hard\libg_nano.a(libc_a-findfp.o)
 .ARM.attributes
                0x000006ec       0x38 C:/Users/admin/AppData/Local/Programs/Renesas/RA/e2studio_v2024-04_fsp_v5.4.0/toolchains/gcc_arm/13.2.rel1/bin/../lib/gcc/arm-none-eabi/13.2.1/thumb/v8-m.main+fp/hard\libg_nano.a(libc_a-memset.o)
 .ARM.attributes
                0x00000724       0x38 C:/Users/admin/AppData/Local/Programs/Renesas/RA/e2studio_v2024-04_fsp_v5.4.0/toolchains/gcc_arm/13.2.rel1/bin/../lib/gcc/arm-none-eabi/13.2.1/thumb/v8-m.main+fp/hard\libg_nano.a(libc_a-impure.o)
 .ARM.attributes
                0x0000075c       0x38 C:/Users/admin/AppData/Local/Programs/Renesas/RA/e2studio_v2024-04_fsp_v5.4.0/toolchains/gcc_arm/13.2.rel1/bin/../lib/gcc/arm-none-eabi/13.2.1/thumb/v8-m.main+fp/hard\libg_nano.a(libc_a-errno.o)
 .ARM.attributes
                0x00000794       0x38 C:/Users/admin/AppData/Local/Programs/Renesas/RA/e2studio_v2024-04_fsp_v5.4.0/toolchains/gcc_arm/13.2.rel1/bin/../lib/gcc/arm-none-eabi/13.2.1/thumb/v8-m.main+fp/hard\libg_nano.a(libc_a-memcpy-stub.o)
 .ARM.attributes
                0x000007cc       0x38 C:/Users/admin/AppData/Local/Programs/Renesas/RA/e2studio_v2024-04_fsp_v5.4.0/toolchains/gcc_arm/13.2.rel1/bin/../lib/gcc/arm-none-eabi/13.2.1/thumb/v8-m.main+fp/hard/crtend.o
 .ARM.attributes
                0x00000804       0x26 C:/Users/admin/AppData/Local/Programs/Renesas/RA/e2studio_v2024-04_fsp_v5.4.0/toolchains/gcc_arm/13.2.rel1/bin/../lib/gcc/arm-none-eabi/13.2.1/thumb/v8-m.main+fp/hard/crtn.o
 .ARM.attributes
                0x0000082a       0x38 C:/Users/admin/AppData/Local/Programs/Renesas/RA/e2studio_v2024-04_fsp_v5.4.0/toolchains/gcc_arm/13.2.rel1/bin/../lib/gcc/arm-none-eabi/13.2.1/thumb/v8-m.main+fp/hard\libm.a(libm_a-w_exp.o)
 .ARM.attributes
                0x00000862       0x38 C:/Users/admin/AppData/Local/Programs/Renesas/RA/e2studio_v2024-04_fsp_v5.4.0/toolchains/gcc_arm/13.2.rel1/bin/../lib/gcc/arm-none-eabi/13.2.1/thumb/v8-m.main+fp/hard\libm.a(libm_a-w_pow.o)
 .ARM.attributes
                0x0000089a       0x38 C:/Users/admin/AppData/Local/Programs/Renesas/RA/e2studio_v2024-04_fsp_v5.4.0/toolchains/gcc_arm/13.2.rel1/bin/../lib/gcc/arm-none-eabi/13.2.1/thumb/v8-m.main+fp/hard\libm.a(libm_a-s_finite.o)
 .ARM.attributes
                0x000008d2       0x38 C:/Users/admin/AppData/Local/Programs/Renesas/RA/e2studio_v2024-04_fsp_v5.4.0/toolchains/gcc_arm/13.2.rel1/bin/../lib/gcc/arm-none-eabi/13.2.1/thumb/v8-m.main+fp/hard\libm.a(libm_a-e_exp.o)
 .ARM.attributes
                0x0000090a       0x38 C:/Users/admin/AppData/Local/Programs/Renesas/RA/e2studio_v2024-04_fsp_v5.4.0/toolchains/gcc_arm/13.2.rel1/bin/../lib/gcc/arm-none-eabi/13.2.1/thumb/v8-m.main+fp/hard\libm.a(libm_a-e_pow.o)
 .ARM.attributes
                0x00000942       0x38 C:/Users/admin/AppData/Local/Programs/Renesas/RA/e2studio_v2024-04_fsp_v5.4.0/toolchains/gcc_arm/13.2.rel1/bin/../lib/gcc/arm-none-eabi/13.2.1/thumb/v8-m.main+fp/hard\libm.a(libm_a-s_fabs.o)
 .ARM.attributes
                0x0000097a       0x38 C:/Users/admin/AppData/Local/Programs/Renesas/RA/e2studio_v2024-04_fsp_v5.4.0/toolchains/gcc_arm/13.2.rel1/bin/../lib/gcc/arm-none-eabi/13.2.1/thumb/v8-m.main+fp/hard\libm.a(libm_a-s_scalbn.o)
 .ARM.attributes
                0x000009b2       0x38 C:/Users/admin/AppData/Local/Programs/Renesas/RA/e2studio_v2024-04_fsp_v5.4.0/toolchains/gcc_arm/13.2.rel1/bin/../lib/gcc/arm-none-eabi/13.2.1/thumb/v8-m.main+fp/hard\libm.a(libm_a-math_err.o)
 .ARM.attributes
                0x000009ea       0x38 C:/Users/admin/AppData/Local/Programs/Renesas/RA/e2studio_v2024-04_fsp_v5.4.0/toolchains/gcc_arm/13.2.rel1/bin/../lib/gcc/arm-none-eabi/13.2.1/thumb/v8-m.main+fp/hard\libm.a(libm_a-e_sqrt.o)
 .ARM.attributes
                0x00000a22       0x26 C:/Users/admin/AppData/Local/Programs/Renesas/RA/e2studio_v2024-04_fsp_v5.4.0/toolchains/gcc_arm/13.2.rel1/bin/../lib/gcc/arm-none-eabi/13.2.1/thumb/v8-m.main+fp/hard\libgcc.a(_arm_muldivdf3.o)
 .ARM.attributes
                0x00000a48       0x26 C:/Users/admin/AppData/Local/Programs/Renesas/RA/e2studio_v2024-04_fsp_v5.4.0/toolchains/gcc_arm/13.2.rel1/bin/../lib/gcc/arm-none-eabi/13.2.1/thumb/v8-m.main+fp/hard\libgcc.a(_arm_unorddf2.o)
 .ARM.attributes
                0x00000a6e       0x26 C:/Users/admin/AppData/Local/Programs/Renesas/RA/e2studio_v2024-04_fsp_v5.4.0/toolchains/gcc_arm/13.2.rel1/bin/../lib/gcc/arm-none-eabi/13.2.1/thumb/v8-m.main+fp/hard\libgcc.a(_arm_fixdfsi.o)

.comment        0x00000000       0x44
 .comment       0x00000000       0x44 ./src/hal_entry.o
                                 0x45 (size before relaxing)
 .comment       0x00000044       0x45 ./ra_gen/common_data.o
 .comment       0x00000044       0x45 ./ra_gen/hal_data.o
 .comment       0x00000044       0x45 ./ra_gen/main.o
 .comment       0x00000044       0x45 ./ra_gen/pin_data.o
 .comment       0x00000044       0x45 ./ra_gen/vector_data.o
 .comment       0x00000044       0x45 ./ra/fsp/src/rm_zmod4xxx/iaq_1st_gen/rm_zmod4410_iaq_1st_gen.o
 .comment       0x00000044       0x45 ./ra/fsp/src/rm_zmod4xxx/rm_zmod4xxx.o
 .comment       0x00000044       0x45 ./ra/fsp/src/rm_zmod4xxx/rm_zmod4xxx_ra_driver.o
 .comment       0x00000044       0x45 ./ra/fsp/src/rm_comms_i2c/rm_comms_i2c.o
 .comment       0x00000044       0x45 ./ra/fsp/src/rm_comms_i2c/rm_comms_i2c_driver_ra.o
 .comment       0x00000044       0x45 ./ra/fsp/src/r_ioport/r_ioport.o
 .comment       0x00000044       0x45 ./ra/fsp/src/r_iic_master/r_iic_master.o
 .comment       0x00000044       0x45 ./ra/fsp/src/r_icu/r_icu.o
 .comment       0x00000044       0x45 ./ra/fsp/src/bsp/mcu/all/bsp_clocks.o
 .comment       0x00000044       0x45 ./ra/fsp/src/bsp/mcu/all/bsp_common.o
 .comment       0x00000044       0x45 ./ra/fsp/src/bsp/mcu/all/bsp_delay.o
 .comment       0x00000044       0x45 ./ra/fsp/src/bsp/mcu/all/bsp_group_irq.o
 .comment       0x00000044       0x45 ./ra/fsp/src/bsp/mcu/all/bsp_io.o
 .comment       0x00000044       0x45 ./ra/fsp/src/bsp/mcu/all/bsp_irq.o
 .comment       0x00000044       0x45 ./ra/fsp/src/bsp/mcu/all/bsp_register_protection.o
 .comment       0x00000044       0x45 ./ra/fsp/src/bsp/mcu/all/bsp_rom_registers.o
 .comment       0x00000044       0x45 ./ra/fsp/src/bsp/cmsis/Device/RENESAS/Source/startup.o
 .comment       0x00000044       0x45 ./ra/fsp/src/bsp/cmsis/Device/RENESAS/Source/system.o
 .comment       0x00000044       0x45 ./ra/board/ra6m5_ck/board_init.o
 .comment       0x00000044       0x45 D:\KySuBachKhoa\CongNgheIOT\CodeTuan4_CuongPhucManh\NewZMod4\NewZMod4\ra\fsp\lib\rm_zmod4xxx\cm33_gcc\lib_iaq_1st_gen.a(iaq_1st_gen.o)

.debug_info     0x00000000    0x2fcd5
 .debug_info    0x00000000     0x2866 ./src/hal_entry.o
 .debug_info    0x00002866     0x2a09 ./ra_gen/common_data.o
 .debug_info    0x0000526f     0x2412 ./ra_gen/hal_data.o
 .debug_info    0x00007681       0xb1 ./ra_gen/main.o
 .debug_info    0x00007732      0xa21 ./ra_gen/pin_data.o
 .debug_info    0x00008153      0x883 ./ra_gen/vector_data.o
 .debug_info    0x000089d6     0x1cd2 ./ra/fsp/src/rm_zmod4xxx/iaq_1st_gen/rm_zmod4410_iaq_1st_gen.o
 .debug_info    0x0000a6a8     0x2ca6 ./ra/fsp/src/rm_zmod4xxx/rm_zmod4xxx.o
 .debug_info    0x0000d34e     0x190c ./ra/fsp/src/rm_zmod4xxx/rm_zmod4xxx_ra_driver.o
 .debug_info    0x0000ec5a      0xdc4 ./ra/fsp/src/rm_comms_i2c/rm_comms_i2c.o
 .debug_info    0x0000fa1e     0x17d1 ./ra/fsp/src/rm_comms_i2c/rm_comms_i2c_driver_ra.o
 .debug_info    0x000111ef     0x65a8 ./ra/fsp/src/r_ioport/r_ioport.o
 .debug_info    0x00017797     0x856e ./ra/fsp/src/r_iic_master/r_iic_master.o
 .debug_info    0x0001fd05     0x1dd8 ./ra/fsp/src/r_icu/r_icu.o
 .debug_info    0x00021add     0x566e ./ra/fsp/src/bsp/mcu/all/bsp_clocks.o
 .debug_info    0x0002714b      0x93b ./ra/fsp/src/bsp/mcu/all/bsp_common.o
 .debug_info    0x00027a86      0x1e2 ./ra/fsp/src/bsp/mcu/all/bsp_delay.o
 .debug_info    0x00027c68     0x132f ./ra/fsp/src/bsp/mcu/all/bsp_group_irq.o
 .debug_info    0x00028f97       0xb2 ./ra/fsp/src/bsp/mcu/all/bsp_io.o
 .debug_info    0x00029049     0x1f97 ./ra/fsp/src/bsp/mcu/all/bsp_irq.o
 .debug_info    0x0002afe0     0x390c ./ra/fsp/src/bsp/mcu/all/bsp_register_protection.o
 .debug_info    0x0002e8ec      0x1da ./ra/fsp/src/bsp/mcu/all/bsp_rom_registers.o
 .debug_info    0x0002eac6      0x168 ./ra/fsp/src/bsp/cmsis/Device/RENESAS/Source/startup.o
 .debug_info    0x0002ec2e     0x1002 ./ra/fsp/src/bsp/cmsis/Device/RENESAS/Source/system.o
 .debug_info    0x0002fc30       0xa5 ./ra/board/ra6m5_ck/board_init.o

.debug_abbrev   0x00000000     0x3a52
 .debug_abbrev  0x00000000      0x3ed ./src/hal_entry.o
 .debug_abbrev  0x000003ed      0x2a3 ./ra_gen/common_data.o
 .debug_abbrev  0x00000690      0x237 ./ra_gen/hal_data.o
 .debug_abbrev  0x000008c7       0x61 ./ra_gen/main.o
 .debug_abbrev  0x00000928       0xff ./ra_gen/pin_data.o
 .debug_abbrev  0x00000a27       0xbd ./ra_gen/vector_data.o
 .debug_abbrev  0x00000ae4      0x274 ./ra/fsp/src/rm_zmod4xxx/iaq_1st_gen/rm_zmod4410_iaq_1st_gen.o
 .debug_abbrev  0x00000d58      0x408 ./ra/fsp/src/rm_zmod4xxx/rm_zmod4xxx.o
 .debug_abbrev  0x00001160      0x22b ./ra/fsp/src/rm_zmod4xxx/rm_zmod4xxx_ra_driver.o
 .debug_abbrev  0x0000138b      0x1bb ./ra/fsp/src/rm_comms_i2c/rm_comms_i2c.o
 .debug_abbrev  0x00001546      0x33e ./ra/fsp/src/rm_comms_i2c/rm_comms_i2c_driver_ra.o
 .debug_abbrev  0x00001884      0x490 ./ra/fsp/src/r_ioport/r_ioport.o
 .debug_abbrev  0x00001d14      0x61b ./ra/fsp/src/r_iic_master/r_iic_master.o
 .debug_abbrev  0x0000232f      0x47e ./ra/fsp/src/r_icu/r_icu.o
 .debug_abbrev  0x000027ad      0x3cf ./ra/fsp/src/bsp/mcu/all/bsp_clocks.o
 .debug_abbrev  0x00002b7c      0x188 ./ra/fsp/src/bsp/mcu/all/bsp_common.o
 .debug_abbrev  0x00002d04      0x113 ./ra/fsp/src/bsp/mcu/all/bsp_delay.o
 .debug_abbrev  0x00002e17      0x256 ./ra/fsp/src/bsp/mcu/all/bsp_group_irq.o
 .debug_abbrev  0x0000306d       0x5e ./ra/fsp/src/bsp/mcu/all/bsp_io.o
 .debug_abbrev  0x000030cb      0x28a ./ra/fsp/src/bsp/mcu/all/bsp_irq.o
 .debug_abbrev  0x00003355      0x27d ./ra/fsp/src/bsp/mcu/all/bsp_register_protection.o
 .debug_abbrev  0x000035d2       0x4e ./ra/fsp/src/bsp/mcu/all/bsp_rom_registers.o
 .debug_abbrev  0x00003620       0xf5 ./ra/fsp/src/bsp/cmsis/Device/RENESAS/Source/startup.o
 .debug_abbrev  0x00003715      0x2e2 ./ra/fsp/src/bsp/cmsis/Device/RENESAS/Source/system.o
 .debug_abbrev  0x000039f7       0x5b ./ra/board/ra6m5_ck/board_init.o

.debug_loclists
                0x00000000     0x3ad7
 .debug_loclists
                0x00000000       0xb5 ./src/hal_entry.o
 .debug_loclists
                0x000000b5      0x20d ./ra/fsp/src/rm_zmod4xxx/iaq_1st_gen/rm_zmod4410_iaq_1st_gen.o
 .debug_loclists
                0x000002c2     0x1317 ./ra/fsp/src/rm_zmod4xxx/rm_zmod4xxx.o
 .debug_loclists
                0x000015d9      0x161 ./ra/fsp/src/rm_zmod4xxx/rm_zmod4xxx_ra_driver.o
 .debug_loclists
                0x0000173a      0x1b8 ./ra/fsp/src/rm_comms_i2c/rm_comms_i2c.o
 .debug_loclists
                0x000018f2      0x517 ./ra/fsp/src/rm_comms_i2c/rm_comms_i2c_driver_ra.o
 .debug_loclists
                0x00001e09      0x7a3 ./ra/fsp/src/r_ioport/r_ioport.o
 .debug_loclists
                0x000025ac      0xc96 ./ra/fsp/src/r_iic_master/r_iic_master.o
 .debug_loclists
                0x00003242      0x301 ./ra/fsp/src/r_icu/r_icu.o
 .debug_loclists
                0x00003543      0x208 ./ra/fsp/src/bsp/mcu/all/bsp_clocks.o
 .debug_loclists
                0x0000374b       0x20 ./ra/fsp/src/bsp/mcu/all/bsp_common.o
 .debug_loclists
                0x0000376b      0x11c ./ra/fsp/src/bsp/mcu/all/bsp_delay.o
 .debug_loclists
                0x00003887       0x73 ./ra/fsp/src/bsp/mcu/all/bsp_group_irq.o
 .debug_loclists